<!doctype html public "-//w3c//dtd html 4.0 transitional//en">
<html><head>
<title>Static Call Graph - [.\Objects\FSP_Project.axf]</title></head>
<body><HR>
<H1>Static Call Graph for image .\Objects\FSP_Project.axf</H1><HR>
<BR><P>#&#060CALLGRAPH&#062# ARM Linker, 6230001: Last Updated: Wed Jul  8 22:38:16 2026
<BR><P>
<H3>Maximum Stack Usage =        932 bytes + Unknown(Cycles, Untraceable Function Pointers)</H3><H3>
Call chain for Maximum Stack Depth:</H3>
robot_task_func &rArr; robot_task_entry &rArr; DummyCmd_Task &rArr; Bt_Pose_Try_Solve &rArr; Kinematic_SolveIK &rArr; __hardfp_sinf &rArr; __mathlib_rredf2
<P>
<H3>
Mutually Recursive functions
</H3> <LI><a href="#[7f]">bsp_prv_software_delay_loop</a>&nbsp;&nbsp;&nbsp;&rArr;&nbsp;&nbsp;&nbsp;<a href="#[7f]">bsp_prv_software_delay_loop</a><BR>
 <LI><a href="#[98]">daemon_task_entry</a>&nbsp;&nbsp;&nbsp;&rArr;&nbsp;&nbsp;&nbsp;<a href="#[98]">daemon_task_entry</a><BR>
</UL>
<P>
<H3>
Function Pointers
</H3><UL>
 <LI><a href="#[17]">BT_RxCallback</a> from bluetooth.o(.text.BT_RxCallback) referenced 2 times from bluetooth.o(.text.BT_Init)
 <LI><a href="#[4]">BusFault_Handler</a> from startup.o(.text.Default_Handler) referenced from startup.o(.fixed_vectors)
 <LI><a href="#[8]">DebugMon_Handler</a> from startup.o(.text.Default_Handler) referenced from startup.o(.fixed_vectors)
 <LI><a href="#[19]">FSLostCallback</a> from flysky.o(.text.FSLostCallback) referenced from flysky.o(.text.FSControlInit)
 <LI><a href="#[18]">FSRxCallback</a> from flysky.o(.text.FSRxCallback) referenced 2 times from flysky.o(.text.FSControlInit)
 <LI><a href="#[2]">HardFault_Handler</a> from startup.o(.text.Default_Handler) referenced from startup.o(.fixed_vectors)
 <LI><a href="#[1d]">HostLostCallback</a> from vision.o(.text.HostLostCallback) referenced from vision.o(.text.Vision_Init)
 <LI><a href="#[1c]">HostRxCallback</a> from vision.o(.text.HostRxCallback) referenced 2 times from vision.o(.text.Vision_Init)
 <LI><a href="#[1a]">Joint_Motor_Callback</a> from step_motor.o(.text.Joint_Motor_Callback) referenced 2 times from step_motor.o(.text.Joint_Motor_Init)
 <LI><a href="#[3]">MemManage_Handler</a> from startup.o(.text.Default_Handler) referenced from startup.o(.fixed_vectors)
 <LI><a href="#[1]">NMI_Handler</a> from bsp_group_irq.o(.text.NMI_Handler) referenced from startup.o(.fixed_vectors)
 <LI><a href="#[9]">PendSV_Handler</a> from port.o(.text.PendSV_Handler) referenced from startup.o(.fixed_vectors)
 <LI><a href="#[2f]">R_DTC_CallbackSet</a> from r_dtc.o(.text.R_DTC_CallbackSet) referenced from r_dtc.o(.rodata.g_transfer_on_dtc)
 <LI><a href="#[2d]">R_DTC_Close</a> from r_dtc.o(.text.R_DTC_Close) referenced from r_dtc.o(.rodata.g_transfer_on_dtc)
 <LI><a href="#[29]">R_DTC_Disable</a> from r_dtc.o(.text.R_DTC_Disable) referenced from r_dtc.o(.rodata.g_transfer_on_dtc)
 <LI><a href="#[28]">R_DTC_Enable</a> from r_dtc.o(.text.R_DTC_Enable) referenced from r_dtc.o(.rodata.g_transfer_on_dtc)
 <LI><a href="#[2c]">R_DTC_InfoGet</a> from r_dtc.o(.text.R_DTC_InfoGet) referenced from r_dtc.o(.rodata.g_transfer_on_dtc)
 <LI><a href="#[25]">R_DTC_Open</a> from r_dtc.o(.text.R_DTC_Open) referenced from r_dtc.o(.rodata.g_transfer_on_dtc)
 <LI><a href="#[26]">R_DTC_Reconfigure</a> from r_dtc.o(.text.R_DTC_Reconfigure) referenced from r_dtc.o(.rodata.g_transfer_on_dtc)
 <LI><a href="#[2e]">R_DTC_Reload</a> from r_dtc.o(.text.R_DTC_Reload) referenced from r_dtc.o(.rodata.g_transfer_on_dtc)
 <LI><a href="#[27]">R_DTC_Reset</a> from r_dtc.o(.text.R_DTC_Reset) referenced from r_dtc.o(.rodata.g_transfer_on_dtc)
 <LI><a href="#[2a]">R_DTC_SoftwareStart</a> from r_dtc.o(.text.R_DTC_SoftwareStart) referenced from r_dtc.o(.rodata.g_transfer_on_dtc)
 <LI><a href="#[2b]">R_DTC_SoftwareStop</a> from r_dtc.o(.text.R_DTC_SoftwareStop) referenced from r_dtc.o(.rodata.g_transfer_on_dtc)
 <LI><a href="#[0]">Reset_Handler</a> from startup.o(.text.Reset_Handler) referenced from startup.o(.fixed_vectors)
 <LI><a href="#[7]">SVC_Handler</a> from port.o(.text.SVC_Handler) referenced from startup.o(.fixed_vectors)
 <LI><a href="#[6]">SecureFault_Handler</a> from startup.o(.text.Default_Handler) referenced from startup.o(.fixed_vectors)
 <LI><a href="#[a]">SysTick_Handler</a> from port.o(.text.SysTick_Handler) referenced from startup.o(.fixed_vectors)
 <LI><a href="#[24]">UART_Global_Callback</a> from bsp_uart.o(.text.UART_Global_Callback) referenced from hal_data.o(.rodata.bt_uart_cfg)
 <LI><a href="#[24]">UART_Global_Callback</a> from bsp_uart.o(.text.UART_Global_Callback) referenced from hal_data.o(.rodata.pc_uart_cfg)
 <LI><a href="#[24]">UART_Global_Callback</a> from bsp_uart.o(.text.UART_Global_Callback) referenced from hal_data.o(.rodata.sbus_cfg)
 <LI><a href="#[5]">UsageFault_Handler</a> from startup.o(.text.Default_Handler) referenced from startup.o(.fixed_vectors)
 <LI><a href="#[30]">can_callback</a> from bsp_can.o(.text.can_callback) referenced from hal_data.o(.rodata.motor_ctrl_can_cfg)
 <LI><a href="#[c]">canfd_channel_tx_isr</a> from r_canfd.o(.text.canfd_channel_tx_isr) referenced from vector_data.o(.application_vectors)
 <LI><a href="#[d]">canfd_common_fifo_rx_isr</a> from r_canfd.o(.text.canfd_common_fifo_rx_isr) referenced from vector_data.o(.application_vectors)
 <LI><a href="#[b]">canfd_error_isr</a> from r_canfd.o(.text.canfd_error_isr) referenced 2 times from vector_data.o(.application_vectors)
 <LI><a href="#[e]">canfd_rx_fifo_isr</a> from r_canfd.o(.text.canfd_rx_fifo_isr) referenced from vector_data.o(.application_vectors)
 <LI><a href="#[1e]">daemon_task_func</a> from daemon_task.o(.text.daemon_task_func) referenced 2 times from daemon_task.o(.text.daemon_task_create)
 <LI><a href="#[1f]">motor_ctrl_task_func</a> from motor_ctrl_task.o(.text.motor_ctrl_task_func) referenced 2 times from motor_ctrl_task.o(.text.motor_ctrl_task_create)
 <LI><a href="#[22]">prvIdleTask</a> from tasks.o(.text.prvIdleTask) referenced 2 times from tasks.o(.text.vTaskStartScheduler)
 <LI><a href="#[20]">prvTaskExitError</a> from port.o(.text.prvTaskExitError) referenced 2 times from port.o(.text.pxPortInitialiseStack)
 <LI><a href="#[23]">prvTimerTask</a> from timers.o(.text.prvTimerTask) referenced 2 times from timers.o(.text.xTimerCreateTimerTask)
 <LI><a href="#[21]">robot_task_func</a> from robot_task.o(.text.robot_task_func) referenced 2 times from robot_task.o(.text.robot_task_create)
 <LI><a href="#[12]">sci_uart_eri_isr</a> from r_sci_uart.o(.text.sci_uart_eri_isr) referenced 4 times from vector_data.o(.application_vectors)
 <LI><a href="#[f]">sci_uart_rxi_isr</a> from r_sci_uart.o(.text.sci_uart_rxi_isr) referenced 4 times from vector_data.o(.application_vectors)
 <LI><a href="#[11]">sci_uart_tei_isr</a> from r_sci_uart.o(.text.sci_uart_tei_isr) referenced 4 times from vector_data.o(.application_vectors)
 <LI><a href="#[10]">sci_uart_txi_isr</a> from r_sci_uart.o(.text.sci_uart_txi_isr) referenced 4 times from vector_data.o(.application_vectors)
 <LI><a href="#[15]">usbfs_d0fifo_handler</a> from r_usb_mcu.o(.text.usbfs_d0fifo_handler) referenced from vector_data.o(.application_vectors)
 <LI><a href="#[16]">usbfs_d1fifo_handler</a> from r_usb_mcu.o(.text.usbfs_d1fifo_handler) referenced from vector_data.o(.application_vectors)
 <LI><a href="#[13]">usbfs_interrupt_handler</a> from r_usb_mcu.o(.text.usbfs_interrupt_handler) referenced from vector_data.o(.application_vectors)
 <LI><a href="#[14]">usbfs_resume_handler</a> from r_usb_mcu.o(.text.usbfs_resume_handler) referenced from vector_data.o(.application_vectors)
 <LI><a href="#[1b]">vPortSVCHandler_C</a> from port.o(.text.vPortSVCHandler_C) referenced from port.o(.text.SVC_Handler)
</UL>
<P>
<H3>
Global Symbols
</H3>
<P><STRONG><a name="[32]"></a>__aeabi_uldivmod</STRONG> (Thumb, 98 bytes, Stack size 40 bytes, uldiv.o(.text))
<BR><BR>[Stack]<UL><LI>Max Depth = 40<LI>Call Chain = __aeabi_uldivmod
</UL>
<BR>[Calls]<UL><LI><a href="#[33]">&gt;&gt;</a>&nbsp;&nbsp;&nbsp;__aeabi_llsr
<LI><a href="#[34]">&gt;&gt;</a>&nbsp;&nbsp;&nbsp;__aeabi_llsl
</UL>
<BR>[Called By]<UL><LI><a href="#[4c]">&gt;&gt;</a>&nbsp;&nbsp;&nbsp;DWT_SysTimeUpdate
</UL>

<P><STRONG><a name="[49]"></a>__aeabi_memcpy</STRONG> (Thumb, 36 bytes, Stack size 0 bytes, memcpya.o(.text))
<BR><BR>[Called By]<UL><LI><a href="#[be]">&gt;&gt;</a>&nbsp;&nbsp;&nbsp;xQueueReceive
<LI><a href="#[af]">&gt;&gt;</a>&nbsp;&nbsp;&nbsp;prvCopyDataToQueue
<LI><a href="#[18]">&gt;&gt;</a>&nbsp;&nbsp;&nbsp;FSRxCallback
<LI><a href="#[59]">&gt;&gt;</a>&nbsp;&nbsp;&nbsp;PubPushMessage
<LI><a href="#[57]">&gt;&gt;</a>&nbsp;&nbsp;&nbsp;SubGetMessage
<LI><a href="#[48]">&gt;&gt;</a>&nbsp;&nbsp;&nbsp;CANTransmit
<LI><a href="#[f]">&gt;&gt;</a>&nbsp;&nbsp;&nbsp;sci_uart_rxi_isr
</UL>

<P><STRONG><a name="[5f]"></a>__aeabi_memcpy4</STRONG> (Thumb, 0 bytes, Stack size 0 bytes, memcpya.o(.text))
<BR><BR>[Called By]<UL><LI><a href="#[60]">&gt;&gt;</a>&nbsp;&nbsp;&nbsp;Kinematic_Init
<LI><a href="#[30]">&gt;&gt;</a>&nbsp;&nbsp;&nbsp;can_callback
<LI><a href="#[5e]">&gt;&gt;</a>&nbsp;&nbsp;&nbsp;Dummy_Motormatic_Init
<LI><a href="#[d]">&gt;&gt;</a>&nbsp;&nbsp;&nbsp;canfd_common_fifo_rx_isr
<LI><a href="#[c]">&gt;&gt;</a>&nbsp;&nbsp;&nbsp;canfd_channel_tx_isr
<LI><a href="#[e]">&gt;&gt;</a>&nbsp;&nbsp;&nbsp;canfd_rx_fifo_isr
<LI><a href="#[b]">&gt;&gt;</a>&nbsp;&nbsp;&nbsp;canfd_error_isr
<LI><a href="#[8c]">&gt;&gt;</a>&nbsp;&nbsp;&nbsp;SystemRuntimeInit
</UL>

<P><STRONG><a name="[e6]"></a>__aeabi_memcpy8</STRONG> (Thumb, 0 bytes, Stack size 0 bytes, memcpya.o(.text), UNUSED)

<P><STRONG><a name="[36]"></a>__aeabi_memset</STRONG> (Thumb, 14 bytes, Stack size 0 bytes, memseta.o(.text))
<BR><BR>[Called By]<UL><LI><a href="#[37]">&gt;&gt;</a>&nbsp;&nbsp;&nbsp;_memset$wrapper
<LI><a href="#[35]">&gt;&gt;</a>&nbsp;&nbsp;&nbsp;__aeabi_memclr
</UL>

<P><STRONG><a name="[e7]"></a>__aeabi_memset4</STRONG> (Thumb, 0 bytes, Stack size 0 bytes, memseta.o(.text), UNUSED)

<P><STRONG><a name="[e8]"></a>__aeabi_memset8</STRONG> (Thumb, 0 bytes, Stack size 0 bytes, memseta.o(.text), UNUSED)

<P><STRONG><a name="[35]"></a>__aeabi_memclr</STRONG> (Thumb, 4 bytes, Stack size 0 bytes, memseta.o(.text))
<BR><BR>[Calls]<UL><LI><a href="#[36]">&gt;&gt;</a>&nbsp;&nbsp;&nbsp;__aeabi_memset
</UL>
<BR>[Called By]<UL><LI><a href="#[96]">&gt;&gt;</a>&nbsp;&nbsp;&nbsp;xTaskCreateStatic
</UL>

<P><STRONG><a name="[42]"></a>__aeabi_memclr4</STRONG> (Thumb, 0 bytes, Stack size 0 bytes, memseta.o(.text))
<BR><BR>[Called By]<UL><LI><a href="#[40]">&gt;&gt;</a>&nbsp;&nbsp;&nbsp;BT_Init
<LI><a href="#[46]">&gt;&gt;</a>&nbsp;&nbsp;&nbsp;Kinematic_SolveIK
<LI><a href="#[19]">&gt;&gt;</a>&nbsp;&nbsp;&nbsp;FSLostCallback
<LI><a href="#[61]">&gt;&gt;</a>&nbsp;&nbsp;&nbsp;Joint_Motor_Init
<LI><a href="#[56]">&gt;&gt;</a>&nbsp;&nbsp;&nbsp;DummyCmd_Task
<LI><a href="#[b]">&gt;&gt;</a>&nbsp;&nbsp;&nbsp;canfd_error_isr
<LI><a href="#[8c]">&gt;&gt;</a>&nbsp;&nbsp;&nbsp;SystemRuntimeInit
</UL>

<P><STRONG><a name="[83]"></a>__aeabi_memclr8</STRONG> (Thumb, 0 bytes, Stack size 0 bytes, memseta.o(.text))
<BR><BR>[Called By]<UL><LI><a href="#[25]">&gt;&gt;</a>&nbsp;&nbsp;&nbsp;R_DTC_Open
</UL>

<P><STRONG><a name="[37]"></a>_memset$wrapper</STRONG> (Thumb, 18 bytes, Stack size 8 bytes, memseta.o(.text), UNUSED)
<BR><BR>[Calls]<UL><LI><a href="#[36]">&gt;&gt;</a>&nbsp;&nbsp;&nbsp;__aeabi_memset
</UL>

<P><STRONG><a name="[79]"></a>strcmp</STRONG> (Thumb, 28 bytes, Stack size 8 bytes, strcmp.o(.text))
<BR><BR>[Stack]<UL><LI>Max Depth = 8<LI>Call Chain = strcmp
</UL>
<BR>[Called By]<UL><LI><a href="#[54]">&gt;&gt;</a>&nbsp;&nbsp;&nbsp;PubRegister
</UL>

<P><STRONG><a name="[7a]"></a>strcpy</STRONG> (Thumb, 18 bytes, Stack size 0 bytes, strcpy.o(.text))
<BR><BR>[Called By]<UL><LI><a href="#[54]">&gt;&gt;</a>&nbsp;&nbsp;&nbsp;PubRegister
</UL>

<P><STRONG><a name="[78]"></a>strnlen</STRONG> (Thumb, 22 bytes, Stack size 0 bytes, strnlen.o(.text))
<BR><BR>[Called By]<UL><LI><a href="#[54]">&gt;&gt;</a>&nbsp;&nbsp;&nbsp;PubRegister
</UL>

<P><STRONG><a name="[38]"></a>calloc</STRONG> (Thumb, 28 bytes, Stack size 8 bytes, calloc.o(.text))
<BR><BR>[Stack]<UL><LI>Max Depth = 28<LI>Call Chain = calloc &rArr; malloc
</UL>
<BR>[Calls]<UL><LI><a href="#[39]">&gt;&gt;</a>&nbsp;&nbsp;&nbsp;malloc
</UL>
<BR>[Called By]<UL><LI><a href="#[55]">&gt;&gt;</a>&nbsp;&nbsp;&nbsp;SubRegister
<LI><a href="#[54]">&gt;&gt;</a>&nbsp;&nbsp;&nbsp;PubRegister
<LI><a href="#[4f]">&gt;&gt;</a>&nbsp;&nbsp;&nbsp;DaemonRegister
<LI><a href="#[41]">&gt;&gt;</a>&nbsp;&nbsp;&nbsp;USARTRegister
<LI><a href="#[3d]">&gt;&gt;</a>&nbsp;&nbsp;&nbsp;BSP_CAN_Init
</UL>

<P><STRONG><a name="[3a]"></a>__aeabi_ul2f</STRONG> (Thumb, 28 bytes, Stack size 8 bytes, ffltul.o(.text))
<BR><BR>[Stack]<UL><LI>Max Depth = 12<LI>Call Chain = __aeabi_ul2f &rArr; _float_epilogue
</UL>
<BR>[Calls]<UL><LI><a href="#[3b]">&gt;&gt;</a>&nbsp;&nbsp;&nbsp;_float_epilogue
</UL>
<BR>[Called By]<UL><LI><a href="#[4b]">&gt;&gt;</a>&nbsp;&nbsp;&nbsp;DWT_GetTimeline_ms
</UL>

<P><STRONG><a name="[34]"></a>__aeabi_llsl</STRONG> (Thumb, 30 bytes, Stack size 0 bytes, llshl.o(.text))
<BR><BR>[Called By]<UL><LI><a href="#[32]">&gt;&gt;</a>&nbsp;&nbsp;&nbsp;__aeabi_uldivmod
</UL>

<P><STRONG><a name="[e9]"></a>_ll_shift_l</STRONG> (Thumb, 0 bytes, Stack size 0 bytes, llshl.o(.text), UNUSED)

<P><STRONG><a name="[33]"></a>__aeabi_llsr</STRONG> (Thumb, 32 bytes, Stack size 0 bytes, llushr.o(.text))
<BR><BR>[Called By]<UL><LI><a href="#[32]">&gt;&gt;</a>&nbsp;&nbsp;&nbsp;__aeabi_uldivmod
</UL>

<P><STRONG><a name="[ea]"></a>_ll_ushift_r</STRONG> (Thumb, 0 bytes, Stack size 0 bytes, llushr.o(.text), UNUSED)

<P><STRONG><a name="[eb]"></a>__I$use$fp</STRONG> (Thumb, 0 bytes, Stack size 0 bytes, iusefp.o(.text), UNUSED)

<P><STRONG><a name="[ec]"></a>_float_round</STRONG> (Thumb, 18 bytes, Stack size 0 bytes, fepilogue.o(.text), UNUSED)

<P><STRONG><a name="[3b]"></a>_float_epilogue</STRONG> (Thumb, 92 bytes, Stack size 4 bytes, fepilogue.o(.text))
<BR><BR>[Stack]<UL><LI>Max Depth = 4<LI>Call Chain = _float_epilogue
</UL>
<BR>[Called By]<UL><LI><a href="#[3a]">&gt;&gt;</a>&nbsp;&nbsp;&nbsp;__aeabi_ul2f
<LI><a href="#[3c]">&gt;&gt;</a>&nbsp;&nbsp;&nbsp;_frem
</UL>

<P><STRONG><a name="[3c]"></a>_frem</STRONG> (Thumb, 82 bytes, Stack size 16 bytes, frem.o(.text))
<BR><BR>[Stack]<UL><LI>Max Depth = 20<LI>Call Chain = _frem &rArr; _float_epilogue
</UL>
<BR>[Calls]<UL><LI><a href="#[3b]">&gt;&gt;</a>&nbsp;&nbsp;&nbsp;_float_epilogue
</UL>
<BR>[Called By]<UL><LI><a href="#[73]">&gt;&gt;</a>&nbsp;&nbsp;&nbsp;__hardfp_fmodf
</UL>

<P><STRONG><a name="[3d]"></a>BSP_CAN_Init</STRONG> (Thumb, 68 bytes, Stack size 16 bytes, bsp_can.o(.text.BSP_CAN_Init))
<BR><BR>[Stack]<UL><LI>Max Depth = 72<LI>Call Chain = BSP_CAN_Init &rArr; R_CANFD_Open &rArr; r_canfd_mode_transition
</UL>
<BR>[Calls]<UL><LI><a href="#[3e]">&gt;&gt;</a>&nbsp;&nbsp;&nbsp;R_CANFD_Open
<LI><a href="#[38]">&gt;&gt;</a>&nbsp;&nbsp;&nbsp;calloc
<LI><a href="#[3f]">&gt;&gt;</a>&nbsp;&nbsp;&nbsp;free
</UL>
<BR>[Called By]<UL><LI><a href="#[61]">&gt;&gt;</a>&nbsp;&nbsp;&nbsp;Joint_Motor_Init
</UL>

<P><STRONG><a name="[40]"></a>BT_Init</STRONG> (Thumb, 100 bytes, Stack size 32 bytes, bluetooth.o(.text.BT_Init))
<BR><BR>[Stack]<UL><LI>Max Depth = 96<LI>Call Chain = BT_Init &rArr; USARTRegister &rArr; R_SCI_UART_Open &rArr; r_sci_uart_transfer_configure
</UL>
<BR>[Calls]<UL><LI><a href="#[41]">&gt;&gt;</a>&nbsp;&nbsp;&nbsp;USARTRegister
<LI><a href="#[42]">&gt;&gt;</a>&nbsp;&nbsp;&nbsp;__aeabi_memclr4
</UL>
<BR>[Called By]<UL><LI><a href="#[50]">&gt;&gt;</a>&nbsp;&nbsp;&nbsp;DummyCmd_Init
</UL>

<P><STRONG><a name="[43]"></a>BT_SendData</STRONG> (Thumb, 46 bytes, Stack size 8 bytes, bluetooth.o(.text.BT_SendData))
<BR><BR>[Stack]<UL><LI>Max Depth = 24<LI>Call Chain = BT_SendData &rArr; R_SCI_UART_Write
</UL>
<BR>[Calls]<UL><LI><a href="#[44]">&gt;&gt;</a>&nbsp;&nbsp;&nbsp;R_SCI_UART_Write
</UL>
<BR>[Called By]<UL><LI><a href="#[56]">&gt;&gt;</a>&nbsp;&nbsp;&nbsp;DummyCmd_Task
</UL>

<P><STRONG><a name="[48]"></a>CANTransmit</STRONG> (Thumb, 62 bytes, Stack size 16 bytes, bsp_can.o(.text.CANTransmit))
<BR><BR>[Stack]<UL><LI>Max Depth = 24<LI>Call Chain = CANTransmit &rArr; R_CANFD_Write
</UL>
<BR>[Calls]<UL><LI><a href="#[4a]">&gt;&gt;</a>&nbsp;&nbsp;&nbsp;R_CANFD_Write
<LI><a href="#[49]">&gt;&gt;</a>&nbsp;&nbsp;&nbsp;__aeabi_memcpy
</UL>
<BR>[Called By]<UL><LI><a href="#[69]">&gt;&gt;</a>&nbsp;&nbsp;&nbsp;Joint_Motor_Gripper_Task
<LI><a href="#[66]">&gt;&gt;</a>&nbsp;&nbsp;&nbsp;Joint_Motor_Gripper_Calib_Task
<LI><a href="#[6f]">&gt;&gt;</a>&nbsp;&nbsp;&nbsp;Joint_Motor_Query_State
<LI><a href="#[64]">&gt;&gt;</a>&nbsp;&nbsp;&nbsp;Joint_Motor_Set_Pos_With_SpeedLimit
<LI><a href="#[61]">&gt;&gt;</a>&nbsp;&nbsp;&nbsp;Joint_Motor_Init
<LI><a href="#[71]">&gt;&gt;</a>&nbsp;&nbsp;&nbsp;Send_Float
<LI><a href="#[6c]">&gt;&gt;</a>&nbsp;&nbsp;&nbsp;Send_U32
</UL>

<P><STRONG><a name="[4b]"></a>DWT_GetTimeline_ms</STRONG> (Thumb, 100 bytes, Stack size 16 bytes, bsp_dwt.o(.text.DWT_GetTimeline_ms))
<BR><BR>[Stack]<UL><LI>Max Depth = 80<LI>Call Chain = DWT_GetTimeline_ms &rArr; DWT_SysTimeUpdate &rArr; __aeabi_uldivmod
</UL>
<BR>[Calls]<UL><LI><a href="#[3a]">&gt;&gt;</a>&nbsp;&nbsp;&nbsp;__aeabi_ul2f
<LI><a href="#[4c]">&gt;&gt;</a>&nbsp;&nbsp;&nbsp;DWT_SysTimeUpdate
</UL>
<BR>[Called By]<UL><LI><a href="#[5b]">&gt;&gt;</a>&nbsp;&nbsp;&nbsp;Joint_Motor_Check_Connection
<LI><a href="#[1a]">&gt;&gt;</a>&nbsp;&nbsp;&nbsp;Joint_Motor_Callback
</UL>

<P><STRONG><a name="[4d]"></a>DWT_Init</STRONG> (Thumb, 126 bytes, Stack size 0 bytes, bsp_dwt.o(.text.DWT_Init))
<BR><BR>[Stack]<UL><LI>Max Depth = 4<LI>Call Chain = DWT_Init &rArr; DWT_CNT_Update
</UL>
<BR>[Calls]<UL><LI><a href="#[4e]">&gt;&gt;</a>&nbsp;&nbsp;&nbsp;DWT_CNT_Update
</UL>
<BR>[Called By]<UL><LI><a href="#[50]">&gt;&gt;</a>&nbsp;&nbsp;&nbsp;DummyCmd_Init
</UL>

<P><STRONG><a name="[4c]"></a>DWT_SysTimeUpdate</STRONG> (Thumb, 168 bytes, Stack size 24 bytes, bsp_dwt.o(.text.DWT_SysTimeUpdate))
<BR><BR>[Stack]<UL><LI>Max Depth = 64<LI>Call Chain = DWT_SysTimeUpdate &rArr; __aeabi_uldivmod
</UL>
<BR>[Calls]<UL><LI><a href="#[4e]">&gt;&gt;</a>&nbsp;&nbsp;&nbsp;DWT_CNT_Update
<LI><a href="#[32]">&gt;&gt;</a>&nbsp;&nbsp;&nbsp;__aeabi_uldivmod
</UL>
<BR>[Called By]<UL><LI><a href="#[4b]">&gt;&gt;</a>&nbsp;&nbsp;&nbsp;DWT_GetTimeline_ms
</UL>

<P><STRONG><a name="[4f]"></a>DaemonRegister</STRONG> (Thumb, 60 bytes, Stack size 8 bytes, daemon.o(.text.DaemonRegister))
<BR><BR>[Stack]<UL><LI>Max Depth = 36<LI>Call Chain = DaemonRegister &rArr; calloc &rArr; malloc
</UL>
<BR>[Calls]<UL><LI><a href="#[38]">&gt;&gt;</a>&nbsp;&nbsp;&nbsp;calloc
</UL>
<BR>[Called By]<UL><LI><a href="#[51]">&gt;&gt;</a>&nbsp;&nbsp;&nbsp;Vision_Init
<LI><a href="#[53]">&gt;&gt;</a>&nbsp;&nbsp;&nbsp;FSControlInit
</UL>

<P><STRONG><a name="[6b]"></a>DaemonReload</STRONG> (Thumb, 6 bytes, Stack size 0 bytes, daemon.o(.text.DaemonReload))
<BR><BR>[Called By]<UL><LI><a href="#[1c]">&gt;&gt;</a>&nbsp;&nbsp;&nbsp;HostRxCallback
<LI><a href="#[18]">&gt;&gt;</a>&nbsp;&nbsp;&nbsp;FSRxCallback
</UL>

<P><STRONG><a name="[99]"></a>DaemonTask</STRONG> (Thumb, 58 bytes, Stack size 16 bytes, daemon.o(.text.DaemonTask))
<BR><BR>[Stack]<UL><LI>Max Depth = 16<LI>Call Chain = DaemonTask
</UL>
<BR>[Called By]<UL><LI><a href="#[98]">&gt;&gt;</a>&nbsp;&nbsp;&nbsp;daemon_task_entry
</UL>

<P><STRONG><a name="[4]"></a>BusFault_Handler</STRONG> (Thumb, 4 bytes, Stack size 0 bytes, startup.o(.text.Default_Handler))
<BR>[Address Reference Count : 1]<UL><LI> startup.o(.fixed_vectors)
</UL>
<P><STRONG><a name="[8]"></a>DebugMon_Handler</STRONG> (Thumb, 4 bytes, Stack size 0 bytes, startup.o(.text.Default_Handler))
<BR>[Address Reference Count : 1]<UL><LI> startup.o(.fixed_vectors)
</UL>
<P><STRONG><a name="[ed]"></a>Default_Handler</STRONG> (Thumb, 4 bytes, Stack size 0 bytes, startup.o(.text.Default_Handler), UNUSED)

<P><STRONG><a name="[2]"></a>HardFault_Handler</STRONG> (Thumb, 4 bytes, Stack size 0 bytes, startup.o(.text.Default_Handler))
<BR>[Address Reference Count : 1]<UL><LI> startup.o(.fixed_vectors)
</UL>
<P><STRONG><a name="[3]"></a>MemManage_Handler</STRONG> (Thumb, 4 bytes, Stack size 0 bytes, startup.o(.text.Default_Handler))
<BR>[Address Reference Count : 1]<UL><LI> startup.o(.fixed_vectors)
</UL>
<P><STRONG><a name="[6]"></a>SecureFault_Handler</STRONG> (Thumb, 4 bytes, Stack size 0 bytes, startup.o(.text.Default_Handler))
<BR>[Address Reference Count : 1]<UL><LI> startup.o(.fixed_vectors)
</UL>
<P><STRONG><a name="[5]"></a>UsageFault_Handler</STRONG> (Thumb, 4 bytes, Stack size 0 bytes, startup.o(.text.Default_Handler))
<BR>[Address Reference Count : 1]<UL><LI> startup.o(.fixed_vectors)
</UL>
<P><STRONG><a name="[50]"></a>DummyCmd_Init</STRONG> (Thumb, 152 bytes, Stack size 8 bytes, dummy_cmd.o(.text.DummyCmd_Init))
<BR><BR>[Stack]<UL><LI>Max Depth = 112<LI>Call Chain = DummyCmd_Init &rArr; Vision_Init &rArr; USARTRegister &rArr; R_SCI_UART_Open &rArr; r_sci_uart_transfer_configure
</UL>
<BR>[Calls]<UL><LI><a href="#[52]">&gt;&gt;</a>&nbsp;&nbsp;&nbsp;Dummy_Motormatic_GetKinematicHandle
<LI><a href="#[40]">&gt;&gt;</a>&nbsp;&nbsp;&nbsp;BT_Init
<LI><a href="#[51]">&gt;&gt;</a>&nbsp;&nbsp;&nbsp;Vision_Init
<LI><a href="#[53]">&gt;&gt;</a>&nbsp;&nbsp;&nbsp;FSControlInit
<LI><a href="#[55]">&gt;&gt;</a>&nbsp;&nbsp;&nbsp;SubRegister
<LI><a href="#[54]">&gt;&gt;</a>&nbsp;&nbsp;&nbsp;PubRegister
<LI><a href="#[4d]">&gt;&gt;</a>&nbsp;&nbsp;&nbsp;DWT_Init
</UL>
<BR>[Called By]<UL><LI><a href="#[c2]">&gt;&gt;</a>&nbsp;&nbsp;&nbsp;robot_task_entry
</UL>

<P><STRONG><a name="[56]"></a>DummyCmd_Task</STRONG> (Thumb, 1508 bytes, Stack size 144 bytes, dummy_cmd.o(.text.DummyCmd_Task))
<BR><BR>[Stack]<UL><LI>Max Depth = 924<LI>Call Chain = DummyCmd_Task &rArr; Bt_Pose_Try_Solve &rArr; Kinematic_SolveIK &rArr; __hardfp_sinf &rArr; __mathlib_rredf2
</UL>
<BR>[Calls]<UL><LI><a href="#[45]">&gt;&gt;</a>&nbsp;&nbsp;&nbsp;Bt_Pose_Try_Solve
<LI><a href="#[43]">&gt;&gt;</a>&nbsp;&nbsp;&nbsp;BT_SendData
<LI><a href="#[58]">&gt;&gt;</a>&nbsp;&nbsp;&nbsp;Vision_Send_Data
<LI><a href="#[59]">&gt;&gt;</a>&nbsp;&nbsp;&nbsp;PubPushMessage
<LI><a href="#[57]">&gt;&gt;</a>&nbsp;&nbsp;&nbsp;SubGetMessage
<LI><a href="#[42]">&gt;&gt;</a>&nbsp;&nbsp;&nbsp;__aeabi_memclr4
</UL>
<BR>[Called By]<UL><LI><a href="#[c2]">&gt;&gt;</a>&nbsp;&nbsp;&nbsp;robot_task_entry
</UL>

<P><STRONG><a name="[5a]"></a>Dummy_Joint_Update</STRONG> (Thumb, 216 bytes, Stack size 24 bytes, dummy_motormatic.o(.text.Dummy_Joint_Update))
<BR><BR>[Stack]<UL><LI>Max Depth = 580<LI>Call Chain = Dummy_Joint_Update &rArr; Kinematic_SolveFK &rArr; __hardfp_sinf &rArr; __mathlib_rredf2
</UL>
<BR>[Calls]<UL><LI><a href="#[5c]">&gt;&gt;</a>&nbsp;&nbsp;&nbsp;Joint_Motor_Get_All_Angles_And_State
<LI><a href="#[5d]">&gt;&gt;</a>&nbsp;&nbsp;&nbsp;Kinematic_SolveFK
<LI><a href="#[5b]">&gt;&gt;</a>&nbsp;&nbsp;&nbsp;Joint_Motor_Check_Connection
</UL>
<BR>[Called By]<UL><LI><a href="#[65]">&gt;&gt;</a>&nbsp;&nbsp;&nbsp;Dummy_Motormatic_Task
</UL>

<P><STRONG><a name="[52]"></a>Dummy_Motormatic_GetKinematicHandle</STRONG> (Thumb, 10 bytes, Stack size 0 bytes, dummy_motormatic.o(.text.Dummy_Motormatic_GetKinematicHandle))
<BR><BR>[Called By]<UL><LI><a href="#[50]">&gt;&gt;</a>&nbsp;&nbsp;&nbsp;DummyCmd_Init
</UL>

<P><STRONG><a name="[5e]"></a>Dummy_Motormatic_Init</STRONG> (Thumb, 164 bytes, Stack size 192 bytes, dummy_motormatic.o(.text.Dummy_Motormatic_Init))
<BR><BR>[Stack]<UL><LI>Max Depth = 312<LI>Call Chain = Dummy_Motormatic_Init &rArr; Joint_Motor_Init &rArr; BSP_CAN_Init &rArr; R_CANFD_Open &rArr; r_canfd_mode_transition
</UL>
<BR>[Calls]<UL><LI><a href="#[60]">&gt;&gt;</a>&nbsp;&nbsp;&nbsp;Kinematic_Init
<LI><a href="#[55]">&gt;&gt;</a>&nbsp;&nbsp;&nbsp;SubRegister
<LI><a href="#[54]">&gt;&gt;</a>&nbsp;&nbsp;&nbsp;PubRegister
<LI><a href="#[62]">&gt;&gt;</a>&nbsp;&nbsp;&nbsp;Joint_Motor_Gripper_Calib_Reset
<LI><a href="#[61]">&gt;&gt;</a>&nbsp;&nbsp;&nbsp;Joint_Motor_Init
<LI><a href="#[5f]">&gt;&gt;</a>&nbsp;&nbsp;&nbsp;__aeabi_memcpy4
</UL>
<BR>[Called By]<UL><LI><a href="#[a2]">&gt;&gt;</a>&nbsp;&nbsp;&nbsp;motor_ctrl_task_entry
</UL>

<P><STRONG><a name="[65]"></a>Dummy_Motormatic_Task</STRONG> (Thumb, 264 bytes, Stack size 64 bytes, dummy_motormatic.o(.text.Dummy_Motormatic_Task))
<BR><BR>[Stack]<UL><LI>Max Depth = 644<LI>Call Chain = Dummy_Motormatic_Task &rArr; Dummy_Joint_Update &rArr; Kinematic_SolveFK &rArr; __hardfp_sinf &rArr; __mathlib_rredf2
</UL>
<BR>[Calls]<UL><LI><a href="#[5a]">&gt;&gt;</a>&nbsp;&nbsp;&nbsp;Dummy_Joint_Update
<LI><a href="#[63]">&gt;&gt;</a>&nbsp;&nbsp;&nbsp;Dummy_Motormatic_MoveJ_Sync
<LI><a href="#[59]">&gt;&gt;</a>&nbsp;&nbsp;&nbsp;PubPushMessage
<LI><a href="#[57]">&gt;&gt;</a>&nbsp;&nbsp;&nbsp;SubGetMessage
<LI><a href="#[69]">&gt;&gt;</a>&nbsp;&nbsp;&nbsp;Joint_Motor_Gripper_Task
<LI><a href="#[68]">&gt;&gt;</a>&nbsp;&nbsp;&nbsp;Joint_Motor_Gripper_Map_Knob
<LI><a href="#[66]">&gt;&gt;</a>&nbsp;&nbsp;&nbsp;Joint_Motor_Gripper_Calib_Task
<LI><a href="#[67]">&gt;&gt;</a>&nbsp;&nbsp;&nbsp;Joint_Motor_Set_Current
<LI><a href="#[64]">&gt;&gt;</a>&nbsp;&nbsp;&nbsp;Joint_Motor_Set_Pos_With_SpeedLimit
</UL>
<BR>[Called By]<UL><LI><a href="#[a2]">&gt;&gt;</a>&nbsp;&nbsp;&nbsp;motor_ctrl_task_entry
</UL>

<P><STRONG><a name="[53]"></a>FSControlInit</STRONG> (Thumb, 96 bytes, Stack size 40 bytes, flysky.o(.text.FSControlInit))
<BR><BR>[Stack]<UL><LI>Max Depth = 104<LI>Call Chain = FSControlInit &rArr; USARTRegister &rArr; R_SCI_UART_Open &rArr; r_sci_uart_transfer_configure
</UL>
<BR>[Calls]<UL><LI><a href="#[4f]">&gt;&gt;</a>&nbsp;&nbsp;&nbsp;DaemonRegister
<LI><a href="#[41]">&gt;&gt;</a>&nbsp;&nbsp;&nbsp;USARTRegister
</UL>
<BR>[Called By]<UL><LI><a href="#[50]">&gt;&gt;</a>&nbsp;&nbsp;&nbsp;DummyCmd_Init
</UL>

<P><STRONG><a name="[5b]"></a>Joint_Motor_Check_Connection</STRONG> (Thumb, 92 bytes, Stack size 32 bytes, step_motor.o(.text.Joint_Motor_Check_Connection))
<BR><BR>[Stack]<UL><LI>Max Depth = 112<LI>Call Chain = Joint_Motor_Check_Connection &rArr; DWT_GetTimeline_ms &rArr; DWT_SysTimeUpdate &rArr; __aeabi_uldivmod
</UL>
<BR>[Calls]<UL><LI><a href="#[6c]">&gt;&gt;</a>&nbsp;&nbsp;&nbsp;Send_U32
<LI><a href="#[4b]">&gt;&gt;</a>&nbsp;&nbsp;&nbsp;DWT_GetTimeline_ms
</UL>
<BR>[Called By]<UL><LI><a href="#[5a]">&gt;&gt;</a>&nbsp;&nbsp;&nbsp;Dummy_Joint_Update
</UL>

<P><STRONG><a name="[5c]"></a>Joint_Motor_Get_All_Angles_And_State</STRONG> (Thumb, 68 bytes, Stack size 32 bytes, dummy_kinematic_v2.o(.text.Joint_Motor_Get_All_Angles_And_State))
<BR><BR>[Stack]<UL><LI>Max Depth = 32<LI>Call Chain = Joint_Motor_Get_All_Angles_And_State
</UL>
<BR>[Calls]<UL><LI><a href="#[6e]">&gt;&gt;</a>&nbsp;&nbsp;&nbsp;Joint_Motor_Get_State
<LI><a href="#[6d]">&gt;&gt;</a>&nbsp;&nbsp;&nbsp;Joint_Motor_Get_Angle
</UL>
<BR>[Called By]<UL><LI><a href="#[5a]">&gt;&gt;</a>&nbsp;&nbsp;&nbsp;Dummy_Joint_Update
</UL>

<P><STRONG><a name="[6d]"></a>Joint_Motor_Get_Angle</STRONG> (Thumb, 36 bytes, Stack size 0 bytes, step_motor.o(.text.Joint_Motor_Get_Angle))
<BR><BR>[Called By]<UL><LI><a href="#[5c]">&gt;&gt;</a>&nbsp;&nbsp;&nbsp;Joint_Motor_Get_All_Angles_And_State
</UL>

<P><STRONG><a name="[6e]"></a>Joint_Motor_Get_State</STRONG> (Thumb, 40 bytes, Stack size 0 bytes, step_motor.o(.text.Joint_Motor_Get_State))
<BR><BR>[Called By]<UL><LI><a href="#[5c]">&gt;&gt;</a>&nbsp;&nbsp;&nbsp;Joint_Motor_Get_All_Angles_And_State
</UL>

<P><STRONG><a name="[62]"></a>Joint_Motor_Gripper_Calib_Reset</STRONG> (Thumb, 90 bytes, Stack size 0 bytes, step_motor.o(.text.Joint_Motor_Gripper_Calib_Reset))
<BR><BR>[Called By]<UL><LI><a href="#[5e]">&gt;&gt;</a>&nbsp;&nbsp;&nbsp;Dummy_Motormatic_Init
</UL>

<P><STRONG><a name="[66]"></a>Joint_Motor_Gripper_Calib_Task</STRONG> (Thumb, 768 bytes, Stack size 64 bytes, step_motor.o(.text.Joint_Motor_Gripper_Calib_Task))
<BR><BR>[Stack]<UL><LI>Max Depth = 104<LI>Call Chain = Joint_Motor_Gripper_Calib_Task &rArr; Joint_Motor_Set_Pos_With_SpeedLimit &rArr; CANTransmit &rArr; R_CANFD_Write
</UL>
<BR>[Calls]<UL><LI><a href="#[6f]">&gt;&gt;</a>&nbsp;&nbsp;&nbsp;Joint_Motor_Query_State
<LI><a href="#[64]">&gt;&gt;</a>&nbsp;&nbsp;&nbsp;Joint_Motor_Set_Pos_With_SpeedLimit
<LI><a href="#[70]">&gt;&gt;</a>&nbsp;&nbsp;&nbsp;Gripper_Get_Usable_Range
<LI><a href="#[48]">&gt;&gt;</a>&nbsp;&nbsp;&nbsp;CANTransmit
</UL>
<BR>[Called By]<UL><LI><a href="#[65]">&gt;&gt;</a>&nbsp;&nbsp;&nbsp;Dummy_Motormatic_Task
</UL>

<P><STRONG><a name="[68]"></a>Joint_Motor_Gripper_Map_Knob</STRONG> (Thumb, 120 bytes, Stack size 40 bytes, step_motor.o(.text.Joint_Motor_Gripper_Map_Knob))
<BR><BR>[Stack]<UL><LI>Max Depth = 40<LI>Call Chain = Joint_Motor_Gripper_Map_Knob
</UL>
<BR>[Calls]<UL><LI><a href="#[70]">&gt;&gt;</a>&nbsp;&nbsp;&nbsp;Gripper_Get_Usable_Range
</UL>
<BR>[Called By]<UL><LI><a href="#[65]">&gt;&gt;</a>&nbsp;&nbsp;&nbsp;Dummy_Motormatic_Task
</UL>

<P><STRONG><a name="[69]"></a>Joint_Motor_Gripper_Task</STRONG> (Thumb, 496 bytes, Stack size 56 bytes, step_motor.o(.text.Joint_Motor_Gripper_Task))
<BR><BR>[Stack]<UL><LI>Max Depth = 96<LI>Call Chain = Joint_Motor_Gripper_Task &rArr; Joint_Motor_Set_Pos_With_SpeedLimit &rArr; CANTransmit &rArr; R_CANFD_Write
</UL>
<BR>[Calls]<UL><LI><a href="#[64]">&gt;&gt;</a>&nbsp;&nbsp;&nbsp;Joint_Motor_Set_Pos_With_SpeedLimit
<LI><a href="#[70]">&gt;&gt;</a>&nbsp;&nbsp;&nbsp;Gripper_Get_Usable_Range
<LI><a href="#[48]">&gt;&gt;</a>&nbsp;&nbsp;&nbsp;CANTransmit
</UL>
<BR>[Called By]<UL><LI><a href="#[65]">&gt;&gt;</a>&nbsp;&nbsp;&nbsp;Dummy_Motormatic_Task
</UL>

<P><STRONG><a name="[61]"></a>Joint_Motor_Init</STRONG> (Thumb, 182 bytes, Stack size 48 bytes, step_motor.o(.text.Joint_Motor_Init))
<BR><BR>[Stack]<UL><LI>Max Depth = 120<LI>Call Chain = Joint_Motor_Init &rArr; BSP_CAN_Init &rArr; R_CANFD_Open &rArr; r_canfd_mode_transition
</UL>
<BR>[Calls]<UL><LI><a href="#[48]">&gt;&gt;</a>&nbsp;&nbsp;&nbsp;CANTransmit
<LI><a href="#[3d]">&gt;&gt;</a>&nbsp;&nbsp;&nbsp;BSP_CAN_Init
<LI><a href="#[42]">&gt;&gt;</a>&nbsp;&nbsp;&nbsp;__aeabi_memclr4
</UL>
<BR>[Called By]<UL><LI><a href="#[5e]">&gt;&gt;</a>&nbsp;&nbsp;&nbsp;Dummy_Motormatic_Init
</UL>

<P><STRONG><a name="[6f]"></a>Joint_Motor_Query_State</STRONG> (Thumb, 36 bytes, Stack size 0 bytes, step_motor.o(.text.Joint_Motor_Query_State))
<BR><BR>[Stack]<UL><LI>Max Depth = 24<LI>Call Chain = Joint_Motor_Query_State &rArr; CANTransmit &rArr; R_CANFD_Write
</UL>
<BR>[Calls]<UL><LI><a href="#[48]">&gt;&gt;</a>&nbsp;&nbsp;&nbsp;CANTransmit
</UL>
<BR>[Called By]<UL><LI><a href="#[66]">&gt;&gt;</a>&nbsp;&nbsp;&nbsp;Joint_Motor_Gripper_Calib_Task
</UL>

<P><STRONG><a name="[67]"></a>Joint_Motor_Set_Current</STRONG> (Thumb, 6 bytes, Stack size 0 bytes, step_motor.o(.text.Joint_Motor_Set_Current))
<BR><BR>[Stack]<UL><LI>Max Depth = 40<LI>Call Chain = Joint_Motor_Set_Current &rArr; Send_Float &rArr; CANTransmit &rArr; R_CANFD_Write
</UL>
<BR>[Calls]<UL><LI><a href="#[71]">&gt;&gt;</a>&nbsp;&nbsp;&nbsp;Send_Float
</UL>
<BR>[Called By]<UL><LI><a href="#[65]">&gt;&gt;</a>&nbsp;&nbsp;&nbsp;Dummy_Motormatic_Task
</UL>

<P><STRONG><a name="[64]"></a>Joint_Motor_Set_Pos_With_SpeedLimit</STRONG> (Thumb, 148 bytes, Stack size 16 bytes, step_motor.o(.text.Joint_Motor_Set_Pos_With_SpeedLimit))
<BR><BR>[Stack]<UL><LI>Max Depth = 40<LI>Call Chain = Joint_Motor_Set_Pos_With_SpeedLimit &rArr; CANTransmit &rArr; R_CANFD_Write
</UL>
<BR>[Calls]<UL><LI><a href="#[48]">&gt;&gt;</a>&nbsp;&nbsp;&nbsp;CANTransmit
</UL>
<BR>[Called By]<UL><LI><a href="#[63]">&gt;&gt;</a>&nbsp;&nbsp;&nbsp;Dummy_Motormatic_MoveJ_Sync
<LI><a href="#[69]">&gt;&gt;</a>&nbsp;&nbsp;&nbsp;Joint_Motor_Gripper_Task
<LI><a href="#[66]">&gt;&gt;</a>&nbsp;&nbsp;&nbsp;Joint_Motor_Gripper_Calib_Task
<LI><a href="#[65]">&gt;&gt;</a>&nbsp;&nbsp;&nbsp;Dummy_Motormatic_Task
</UL>

<P><STRONG><a name="[60]"></a>Kinematic_Init</STRONG> (Thumb, 248 bytes, Stack size 8 bytes, dummy_kinematic_v2.o(.text.Kinematic_Init))
<BR><BR>[Stack]<UL><LI>Max Depth = 40<LI>Call Chain = Kinematic_Init &rArr; __hardfp_atan2f
</UL>
<BR>[Calls]<UL><LI><a href="#[5f]">&gt;&gt;</a>&nbsp;&nbsp;&nbsp;__aeabi_memcpy4
<LI><a href="#[72]">&gt;&gt;</a>&nbsp;&nbsp;&nbsp;__hardfp_atan2f
</UL>
<BR>[Called By]<UL><LI><a href="#[5e]">&gt;&gt;</a>&nbsp;&nbsp;&nbsp;Dummy_Motormatic_Init
</UL>

<P><STRONG><a name="[47]"></a>Kinematic_Select_Best_Sol</STRONG> (Thumb, 296 bytes, Stack size 96 bytes, dummy_kinematic_v2.o(.text.Kinematic_Select_Best_Sol))
<BR><BR>[Stack]<UL><LI>Max Depth = 132<LI>Call Chain = Kinematic_Select_Best_Sol &rArr; __hardfp_fmodf &rArr; _frem &rArr; _float_epilogue
</UL>
<BR>[Calls]<UL><LI><a href="#[73]">&gt;&gt;</a>&nbsp;&nbsp;&nbsp;__hardfp_fmodf
</UL>
<BR>[Called By]<UL><LI><a href="#[45]">&gt;&gt;</a>&nbsp;&nbsp;&nbsp;Bt_Pose_Try_Solve
</UL>

<P><STRONG><a name="[5d]"></a>Kinematic_SolveFK</STRONG> (Thumb, 1248 bytes, Stack size 520 bytes, dummy_kinematic_v2.o(.text.Kinematic_SolveFK))
<BR><BR>[Stack]<UL><LI>Max Depth = 556<LI>Call Chain = Kinematic_SolveFK &rArr; __hardfp_sinf &rArr; __mathlib_rredf2
</UL>
<BR>[Calls]<UL><LI><a href="#[75]">&gt;&gt;</a>&nbsp;&nbsp;&nbsp;__hardfp_sinf
<LI><a href="#[74]">&gt;&gt;</a>&nbsp;&nbsp;&nbsp;__hardfp_cosf
<LI><a href="#[72]">&gt;&gt;</a>&nbsp;&nbsp;&nbsp;__hardfp_atan2f
</UL>
<BR>[Called By]<UL><LI><a href="#[5a]">&gt;&gt;</a>&nbsp;&nbsp;&nbsp;Dummy_Joint_Update
</UL>

<P><STRONG><a name="[46]"></a>Kinematic_SolveIK</STRONG> (Thumb, 2728 bytes, Stack size 480 bytes, dummy_kinematic_v2.o(.text.Kinematic_SolveIK))
<BR><BR>[Stack]<UL><LI>Max Depth = 516<LI>Call Chain = Kinematic_SolveIK &rArr; __hardfp_sinf &rArr; __mathlib_rredf2
</UL>
<BR>[Calls]<UL><LI><a href="#[42]">&gt;&gt;</a>&nbsp;&nbsp;&nbsp;__aeabi_memclr4
<LI><a href="#[75]">&gt;&gt;</a>&nbsp;&nbsp;&nbsp;__hardfp_sinf
<LI><a href="#[73]">&gt;&gt;</a>&nbsp;&nbsp;&nbsp;__hardfp_fmodf
<LI><a href="#[74]">&gt;&gt;</a>&nbsp;&nbsp;&nbsp;__hardfp_cosf
<LI><a href="#[72]">&gt;&gt;</a>&nbsp;&nbsp;&nbsp;__hardfp_atan2f
<LI><a href="#[76]">&gt;&gt;</a>&nbsp;&nbsp;&nbsp;__hardfp_acosf
</UL>
<BR>[Called By]<UL><LI><a href="#[45]">&gt;&gt;</a>&nbsp;&nbsp;&nbsp;Bt_Pose_Try_Solve
</UL>

<P><STRONG><a name="[1]"></a>NMI_Handler</STRONG> (Thumb, 68 bytes, Stack size 24 bytes, bsp_group_irq.o(.text.NMI_Handler))
<BR><BR>[Stack]<UL><LI>Max Depth = 24<LI>Call Chain = NMI_Handler
</UL>
<BR>[Address Reference Count : 1]<UL><LI> startup.o(.fixed_vectors)
</UL>
<P><STRONG><a name="[9]"></a>PendSV_Handler</STRONG> (Thumb, 64 bytes, Stack size 0 bytes, port.o(.text.PendSV_Handler))
<BR><BR>[Calls]<UL><LI><a href="#[31]">&gt;&gt;</a>&nbsp;&nbsp;&nbsp;vTaskSwitchContext
<LI><a href="#[77]">&gt;&gt;</a>&nbsp;&nbsp;&nbsp;rm_freertos_port_restore_task_stackless
</UL>
<BR>[Address Reference Count : 1]<UL><LI> startup.o(.fixed_vectors)
</UL>
<P><STRONG><a name="[59]"></a>PubPushMessage</STRONG> (Thumb, 60 bytes, Stack size 24 bytes, message_center.o(.text.PubPushMessage))
<BR><BR>[Stack]<UL><LI>Max Depth = 24<LI>Call Chain = PubPushMessage
</UL>
<BR>[Calls]<UL><LI><a href="#[49]">&gt;&gt;</a>&nbsp;&nbsp;&nbsp;__aeabi_memcpy
</UL>
<BR>[Called By]<UL><LI><a href="#[65]">&gt;&gt;</a>&nbsp;&nbsp;&nbsp;Dummy_Motormatic_Task
<LI><a href="#[56]">&gt;&gt;</a>&nbsp;&nbsp;&nbsp;DummyCmd_Task
</UL>

<P><STRONG><a name="[54]"></a>PubRegister</STRONG> (Thumb, 92 bytes, Stack size 24 bytes, message_center.o(.text.PubRegister))
<BR><BR>[Stack]<UL><LI>Max Depth = 52<LI>Call Chain = PubRegister &rArr; calloc &rArr; malloc
</UL>
<BR>[Calls]<UL><LI><a href="#[38]">&gt;&gt;</a>&nbsp;&nbsp;&nbsp;calloc
<LI><a href="#[78]">&gt;&gt;</a>&nbsp;&nbsp;&nbsp;strnlen
<LI><a href="#[7a]">&gt;&gt;</a>&nbsp;&nbsp;&nbsp;strcpy
<LI><a href="#[79]">&gt;&gt;</a>&nbsp;&nbsp;&nbsp;strcmp
</UL>
<BR>[Called By]<UL><LI><a href="#[55]">&gt;&gt;</a>&nbsp;&nbsp;&nbsp;SubRegister
<LI><a href="#[5e]">&gt;&gt;</a>&nbsp;&nbsp;&nbsp;Dummy_Motormatic_Init
<LI><a href="#[50]">&gt;&gt;</a>&nbsp;&nbsp;&nbsp;DummyCmd_Init
</UL>

<P><STRONG><a name="[7b]"></a>R_BSP_Init_RTC</STRONG> (Thumb, 122 bytes, Stack size 16 bytes, bsp_clocks.o(.text.R_BSP_Init_RTC))
<BR><BR>[Stack]<UL><LI>Max Depth = 24<LI>Call Chain = R_BSP_Init_RTC &rArr; R_BSP_RegisterProtectDisable
</UL>
<BR>[Calls]<UL><LI><a href="#[7c]">&gt;&gt;</a>&nbsp;&nbsp;&nbsp;R_BSP_SoftwareDelay
<LI><a href="#[7e]">&gt;&gt;</a>&nbsp;&nbsp;&nbsp;R_BSP_RegisterProtectEnable
<LI><a href="#[7d]">&gt;&gt;</a>&nbsp;&nbsp;&nbsp;R_BSP_RegisterProtectDisable
</UL>
<BR>[Called By]<UL><LI><a href="#[88]">&gt;&gt;</a>&nbsp;&nbsp;&nbsp;SystemInit
</UL>

<P><STRONG><a name="[7d]"></a>R_BSP_RegisterProtectDisable</STRONG> (Thumb, 78 bytes, Stack size 8 bytes, bsp_register_protection.o(.text.R_BSP_RegisterProtectDisable))
<BR><BR>[Stack]<UL><LI>Max Depth = 8<LI>Call Chain = R_BSP_RegisterProtectDisable
</UL>
<BR>[Called By]<UL><LI><a href="#[93]">&gt;&gt;</a>&nbsp;&nbsp;&nbsp;bsp_vbatt_init
<LI><a href="#[8e]">&gt;&gt;</a>&nbsp;&nbsp;&nbsp;bsp_irq_cfg
<LI><a href="#[7b]">&gt;&gt;</a>&nbsp;&nbsp;&nbsp;R_BSP_Init_RTC
<LI><a href="#[88]">&gt;&gt;</a>&nbsp;&nbsp;&nbsp;SystemInit
</UL>

<P><STRONG><a name="[7e]"></a>R_BSP_RegisterProtectEnable</STRONG> (Thumb, 82 bytes, Stack size 0 bytes, bsp_register_protection.o(.text.R_BSP_RegisterProtectEnable))
<BR><BR>[Called By]<UL><LI><a href="#[93]">&gt;&gt;</a>&nbsp;&nbsp;&nbsp;bsp_vbatt_init
<LI><a href="#[8e]">&gt;&gt;</a>&nbsp;&nbsp;&nbsp;bsp_irq_cfg
<LI><a href="#[7b]">&gt;&gt;</a>&nbsp;&nbsp;&nbsp;R_BSP_Init_RTC
<LI><a href="#[88]">&gt;&gt;</a>&nbsp;&nbsp;&nbsp;SystemInit
</UL>

<P><STRONG><a name="[7c]"></a>R_BSP_SoftwareDelay</STRONG> (Thumb, 132 bytes, Stack size 0 bytes, bsp_delay.o(.text.R_BSP_SoftwareDelay))
<BR><BR>[Calls]<UL><LI><a href="#[7f]">&gt;&gt;</a>&nbsp;&nbsp;&nbsp;bsp_prv_software_delay_loop
</UL>
<BR>[Called By]<UL><LI><a href="#[93]">&gt;&gt;</a>&nbsp;&nbsp;&nbsp;bsp_vbatt_init
<LI><a href="#[7b]">&gt;&gt;</a>&nbsp;&nbsp;&nbsp;R_BSP_Init_RTC
<LI><a href="#[8b]">&gt;&gt;</a>&nbsp;&nbsp;&nbsp;bsp_clock_init
<LI><a href="#[c6]">&gt;&gt;</a>&nbsp;&nbsp;&nbsp;usb_cpu_delay_1us
</UL>

<P><STRONG><a name="[92]"></a>R_BSP_SubClockStabilizeWaitAfterReset</STRONG> (Thumb, 2 bytes, Stack size 0 bytes, bsp_clocks.o(.text.R_BSP_SubClockStabilizeWaitAfterReset))
<BR><BR>[Called By]<UL><LI><a href="#[8b]">&gt;&gt;</a>&nbsp;&nbsp;&nbsp;bsp_clock_init
</UL>

<P><STRONG><a name="[80]"></a>R_BSP_WarmStart</STRONG> (Thumb, 26 bytes, Stack size 0 bytes, hal_warmstart.o(.text.R_BSP_WarmStart))
<BR><BR>[Stack]<UL><LI>Max Depth = 72<LI>Call Chain = R_BSP_WarmStart &rArr; R_IOPORT_Open &rArr; r_ioport_pins_config &rArr; bsp_vbatt_init &rArr; R_BSP_RegisterProtectDisable
</UL>
<BR>[Calls]<UL><LI><a href="#[81]">&gt;&gt;</a>&nbsp;&nbsp;&nbsp;R_IOPORT_Open
</UL>
<BR>[Called By]<UL><LI><a href="#[88]">&gt;&gt;</a>&nbsp;&nbsp;&nbsp;SystemInit
</UL>

<P><STRONG><a name="[3e]"></a>R_CANFD_Open</STRONG> (Thumb, 864 bytes, Stack size 40 bytes, r_canfd.o(.text.R_CANFD_Open))
<BR><BR>[Stack]<UL><LI>Max Depth = 56<LI>Call Chain = R_CANFD_Open &rArr; r_canfd_mode_transition
</UL>
<BR>[Calls]<UL><LI><a href="#[82]">&gt;&gt;</a>&nbsp;&nbsp;&nbsp;r_canfd_mode_transition
</UL>
<BR>[Called By]<UL><LI><a href="#[3d]">&gt;&gt;</a>&nbsp;&nbsp;&nbsp;BSP_CAN_Init
</UL>

<P><STRONG><a name="[4a]"></a>R_CANFD_Write</STRONG> (Thumb, 302 bytes, Stack size 8 bytes, r_canfd.o(.text.R_CANFD_Write))
<BR><BR>[Stack]<UL><LI>Max Depth = 8<LI>Call Chain = R_CANFD_Write
</UL>
<BR>[Called By]<UL><LI><a href="#[48]">&gt;&gt;</a>&nbsp;&nbsp;&nbsp;CANTransmit
</UL>

<P><STRONG><a name="[2f]"></a>R_DTC_CallbackSet</STRONG> (Thumb, 4 bytes, Stack size 0 bytes, r_dtc.o(.text.R_DTC_CallbackSet))
<BR>[Address Reference Count : 1]<UL><LI> r_dtc.o(.rodata.g_transfer_on_dtc)
</UL>
<P><STRONG><a name="[2d]"></a>R_DTC_Close</STRONG> (Thumb, 44 bytes, Stack size 0 bytes, r_dtc.o(.text.R_DTC_Close))
<BR>[Address Reference Count : 1]<UL><LI> r_dtc.o(.rodata.g_transfer_on_dtc)
</UL>
<P><STRONG><a name="[29]"></a>R_DTC_Disable</STRONG> (Thumb, 26 bytes, Stack size 0 bytes, r_dtc.o(.text.R_DTC_Disable))
<BR>[Address Reference Count : 1]<UL><LI> r_dtc.o(.rodata.g_transfer_on_dtc)
</UL>
<P><STRONG><a name="[28]"></a>R_DTC_Enable</STRONG> (Thumb, 26 bytes, Stack size 0 bytes, r_dtc.o(.text.R_DTC_Enable))
<BR>[Address Reference Count : 1]<UL><LI> r_dtc.o(.rodata.g_transfer_on_dtc)
</UL>
<P><STRONG><a name="[2c]"></a>R_DTC_InfoGet</STRONG> (Thumb, 74 bytes, Stack size 0 bytes, r_dtc.o(.text.R_DTC_InfoGet))
<BR>[Address Reference Count : 1]<UL><LI> r_dtc.o(.rodata.g_transfer_on_dtc)
</UL>
<P><STRONG><a name="[25]"></a>R_DTC_Open</STRONG> (Thumb, 132 bytes, Stack size 24 bytes, r_dtc.o(.text.R_DTC_Open))
<BR><BR>[Stack]<UL><LI>Max Depth = 24<LI>Call Chain = R_DTC_Open
</UL>
<BR>[Calls]<UL><LI><a href="#[84]">&gt;&gt;</a>&nbsp;&nbsp;&nbsp;r_dtc_set_info
<LI><a href="#[83]">&gt;&gt;</a>&nbsp;&nbsp;&nbsp;__aeabi_memclr8
</UL>
<BR>[Address Reference Count : 1]<UL><LI> r_dtc.o(.rodata.g_transfer_on_dtc)
</UL>
<P><STRONG><a name="[26]"></a>R_DTC_Reconfigure</STRONG> (Thumb, 70 bytes, Stack size 16 bytes, r_dtc.o(.text.R_DTC_Reconfigure))
<BR><BR>[Stack]<UL><LI>Max Depth = 16<LI>Call Chain = R_DTC_Reconfigure
</UL>
<BR>[Calls]<UL><LI><a href="#[84]">&gt;&gt;</a>&nbsp;&nbsp;&nbsp;r_dtc_set_info
</UL>
<BR>[Address Reference Count : 1]<UL><LI> r_dtc.o(.rodata.g_transfer_on_dtc)
</UL>
<P><STRONG><a name="[2e]"></a>R_DTC_Reload</STRONG> (Thumb, 4 bytes, Stack size 0 bytes, r_dtc.o(.text.R_DTC_Reload))
<BR>[Address Reference Count : 1]<UL><LI> r_dtc.o(.rodata.g_transfer_on_dtc)
</UL>
<P><STRONG><a name="[27]"></a>R_DTC_Reset</STRONG> (Thumb, 136 bytes, Stack size 16 bytes, r_dtc.o(.text.R_DTC_Reset))
<BR><BR>[Stack]<UL><LI>Max Depth = 16<LI>Call Chain = R_DTC_Reset
</UL>
<BR>[Address Reference Count : 1]<UL><LI> r_dtc.o(.rodata.g_transfer_on_dtc)
</UL>
<P><STRONG><a name="[2a]"></a>R_DTC_SoftwareStart</STRONG> (Thumb, 4 bytes, Stack size 0 bytes, r_dtc.o(.text.R_DTC_SoftwareStart))
<BR>[Address Reference Count : 1]<UL><LI> r_dtc.o(.rodata.g_transfer_on_dtc)
</UL>
<P><STRONG><a name="[2b]"></a>R_DTC_SoftwareStop</STRONG> (Thumb, 4 bytes, Stack size 0 bytes, r_dtc.o(.text.R_DTC_SoftwareStop))
<BR>[Address Reference Count : 1]<UL><LI> r_dtc.o(.rodata.g_transfer_on_dtc)
</UL>
<P><STRONG><a name="[81]"></a>R_IOPORT_Open</STRONG> (Thumb, 22 bytes, Stack size 8 bytes, r_ioport.o(.text.R_IOPORT_Open))
<BR><BR>[Stack]<UL><LI>Max Depth = 72<LI>Call Chain = R_IOPORT_Open &rArr; r_ioport_pins_config &rArr; bsp_vbatt_init &rArr; R_BSP_RegisterProtectDisable
</UL>
<BR>[Calls]<UL><LI><a href="#[85]">&gt;&gt;</a>&nbsp;&nbsp;&nbsp;r_ioport_pins_config
</UL>
<BR>[Called By]<UL><LI><a href="#[80]">&gt;&gt;</a>&nbsp;&nbsp;&nbsp;R_BSP_WarmStart
</UL>

<P><STRONG><a name="[91]"></a>R_SCI_UART_Abort</STRONG> (Thumb, 120 bytes, Stack size 16 bytes, r_sci_uart.o(.text.R_SCI_UART_Abort))
<BR><BR>[Stack]<UL><LI>Max Depth = 16<LI>Call Chain = R_SCI_UART_Abort
</UL>
<BR>[Called By]<UL><LI><a href="#[6a]">&gt;&gt;</a>&nbsp;&nbsp;&nbsp;USART_Force_Restart
</UL>

<P><STRONG><a name="[86]"></a>R_SCI_UART_Open</STRONG> (Thumb, 948 bytes, Stack size 32 bytes, r_sci_uart.o(.text.R_SCI_UART_Open))
<BR><BR>[Stack]<UL><LI>Max Depth = 40<LI>Call Chain = R_SCI_UART_Open &rArr; r_sci_uart_transfer_configure
</UL>
<BR>[Calls]<UL><LI><a href="#[87]">&gt;&gt;</a>&nbsp;&nbsp;&nbsp;r_sci_uart_transfer_configure
</UL>
<BR>[Called By]<UL><LI><a href="#[41]">&gt;&gt;</a>&nbsp;&nbsp;&nbsp;USARTRegister
</UL>

<P><STRONG><a name="[90]"></a>R_SCI_UART_Read</STRONG> (Thumb, 54 bytes, Stack size 16 bytes, r_sci_uart.o(.text.R_SCI_UART_Read))
<BR><BR>[Stack]<UL><LI>Max Depth = 16<LI>Call Chain = R_SCI_UART_Read
</UL>
<BR>[Called By]<UL><LI><a href="#[6a]">&gt;&gt;</a>&nbsp;&nbsp;&nbsp;USART_Force_Restart
<LI><a href="#[24]">&gt;&gt;</a>&nbsp;&nbsp;&nbsp;UART_Global_Callback
<LI><a href="#[41]">&gt;&gt;</a>&nbsp;&nbsp;&nbsp;USARTRegister
</UL>

<P><STRONG><a name="[44]"></a>R_SCI_UART_Write</STRONG> (Thumb, 126 bytes, Stack size 16 bytes, r_sci_uart.o(.text.R_SCI_UART_Write))
<BR><BR>[Stack]<UL><LI>Max Depth = 16<LI>Call Chain = R_SCI_UART_Write
</UL>
<BR>[Called By]<UL><LI><a href="#[43]">&gt;&gt;</a>&nbsp;&nbsp;&nbsp;BT_SendData
<LI><a href="#[58]">&gt;&gt;</a>&nbsp;&nbsp;&nbsp;Vision_Send_Data
</UL>

<P><STRONG><a name="[0]"></a>Reset_Handler</STRONG> (Thumb, 10 bytes, Stack size 0 bytes, startup.o(.text.Reset_Handler))
<BR><BR>[Stack]<UL><LI>Max Depth = 176<LI>Call Chain = Reset_Handler &rArr; main &rArr; vTaskStartScheduler &rArr; xTimerCreateTimerTask &rArr; xTaskCreateStatic &rArr; prvAddNewTaskToReadyList
</UL>
<BR>[Calls]<UL><LI><a href="#[89]">&gt;&gt;</a>&nbsp;&nbsp;&nbsp;main
<LI><a href="#[88]">&gt;&gt;</a>&nbsp;&nbsp;&nbsp;SystemInit
</UL>
<BR>[Address Reference Count : 1]<UL><LI> startup.o(.fixed_vectors)
</UL>
<P><STRONG><a name="[7]"></a>SVC_Handler</STRONG> (Thumb, 18 bytes, Stack size 0 bytes, port.o(.text.SVC_Handler))
<BR>[Address Reference Count : 1]<UL><LI> startup.o(.fixed_vectors)
</UL>
<P><STRONG><a name="[57]"></a>SubGetMessage</STRONG> (Thumb, 40 bytes, Stack size 16 bytes, message_center.o(.text.SubGetMessage))
<BR><BR>[Stack]<UL><LI>Max Depth = 16<LI>Call Chain = SubGetMessage
</UL>
<BR>[Calls]<UL><LI><a href="#[49]">&gt;&gt;</a>&nbsp;&nbsp;&nbsp;__aeabi_memcpy
</UL>
<BR>[Called By]<UL><LI><a href="#[65]">&gt;&gt;</a>&nbsp;&nbsp;&nbsp;Dummy_Motormatic_Task
<LI><a href="#[56]">&gt;&gt;</a>&nbsp;&nbsp;&nbsp;DummyCmd_Task
</UL>

<P><STRONG><a name="[55]"></a>SubRegister</STRONG> (Thumb, 54 bytes, Stack size 16 bytes, message_center.o(.text.SubRegister))
<BR><BR>[Stack]<UL><LI>Max Depth = 68<LI>Call Chain = SubRegister &rArr; PubRegister &rArr; calloc &rArr; malloc
</UL>
<BR>[Calls]<UL><LI><a href="#[54]">&gt;&gt;</a>&nbsp;&nbsp;&nbsp;PubRegister
<LI><a href="#[38]">&gt;&gt;</a>&nbsp;&nbsp;&nbsp;calloc
<LI><a href="#[39]">&gt;&gt;</a>&nbsp;&nbsp;&nbsp;malloc
</UL>
<BR>[Called By]<UL><LI><a href="#[5e]">&gt;&gt;</a>&nbsp;&nbsp;&nbsp;Dummy_Motormatic_Init
<LI><a href="#[50]">&gt;&gt;</a>&nbsp;&nbsp;&nbsp;DummyCmd_Init
</UL>

<P><STRONG><a name="[a]"></a>SysTick_Handler</STRONG> (Thumb, 38 bytes, Stack size 8 bytes, port.o(.text.SysTick_Handler))
<BR><BR>[Stack]<UL><LI>Max Depth = 48<LI>Call Chain = SysTick_Handler &rArr; xTaskIncrementTick
</UL>
<BR>[Calls]<UL><LI><a href="#[8a]">&gt;&gt;</a>&nbsp;&nbsp;&nbsp;xTaskIncrementTick
</UL>
<BR>[Address Reference Count : 1]<UL><LI> startup.o(.fixed_vectors)
</UL>
<P><STRONG><a name="[8d]"></a>SystemCoreClockUpdate</STRONG> (Thumb, 44 bytes, Stack size 0 bytes, bsp_clocks.o(.text.SystemCoreClockUpdate))
<BR><BR>[Called By]<UL><LI><a href="#[88]">&gt;&gt;</a>&nbsp;&nbsp;&nbsp;SystemInit
</UL>

<P><STRONG><a name="[88]"></a>SystemInit</STRONG> (Thumb, 162 bytes, Stack size 8 bytes, system.o(.text.SystemInit))
<BR><BR>[Stack]<UL><LI>Max Depth = 80<LI>Call Chain = SystemInit &rArr; R_BSP_WarmStart &rArr; R_IOPORT_Open &rArr; r_ioport_pins_config &rArr; bsp_vbatt_init &rArr; R_BSP_RegisterProtectDisable
</UL>
<BR>[Calls]<UL><LI><a href="#[80]">&gt;&gt;</a>&nbsp;&nbsp;&nbsp;R_BSP_WarmStart
<LI><a href="#[8f]">&gt;&gt;</a>&nbsp;&nbsp;&nbsp;bsp_init
<LI><a href="#[8e]">&gt;&gt;</a>&nbsp;&nbsp;&nbsp;bsp_irq_cfg
<LI><a href="#[7e]">&gt;&gt;</a>&nbsp;&nbsp;&nbsp;R_BSP_RegisterProtectEnable
<LI><a href="#[7d]">&gt;&gt;</a>&nbsp;&nbsp;&nbsp;R_BSP_RegisterProtectDisable
<LI><a href="#[7b]">&gt;&gt;</a>&nbsp;&nbsp;&nbsp;R_BSP_Init_RTC
<LI><a href="#[8d]">&gt;&gt;</a>&nbsp;&nbsp;&nbsp;SystemCoreClockUpdate
<LI><a href="#[8b]">&gt;&gt;</a>&nbsp;&nbsp;&nbsp;bsp_clock_init
<LI><a href="#[8c]">&gt;&gt;</a>&nbsp;&nbsp;&nbsp;SystemRuntimeInit
</UL>
<BR>[Called By]<UL><LI><a href="#[0]">&gt;&gt;</a>&nbsp;&nbsp;&nbsp;Reset_Handler
</UL>

<P><STRONG><a name="[24]"></a>UART_Global_Callback</STRONG> (Thumb, 206 bytes, Stack size 16 bytes, bsp_uart.o(.text.UART_Global_Callback))
<BR><BR>[Stack]<UL><LI>Max Depth = 40<LI>Call Chain = UART_Global_Callback &rArr; USART_Force_Restart &rArr; R_SCI_UART_Abort
</UL>
<BR>[Calls]<UL><LI><a href="#[6a]">&gt;&gt;</a>&nbsp;&nbsp;&nbsp;USART_Force_Restart
<LI><a href="#[90]">&gt;&gt;</a>&nbsp;&nbsp;&nbsp;R_SCI_UART_Read
</UL>
<BR>[Address Reference Count : 3]<UL><LI> hal_data.o(.rodata.bt_uart_cfg)
<LI> hal_data.o(.rodata.pc_uart_cfg)
<LI> hal_data.o(.rodata.sbus_cfg)
</UL>
<P><STRONG><a name="[41]"></a>USARTRegister</STRONG> (Thumb, 122 bytes, Stack size 24 bytes, bsp_uart.o(.text.USARTRegister))
<BR><BR>[Stack]<UL><LI>Max Depth = 64<LI>Call Chain = USARTRegister &rArr; R_SCI_UART_Open &rArr; r_sci_uart_transfer_configure
</UL>
<BR>[Calls]<UL><LI><a href="#[90]">&gt;&gt;</a>&nbsp;&nbsp;&nbsp;R_SCI_UART_Read
<LI><a href="#[86]">&gt;&gt;</a>&nbsp;&nbsp;&nbsp;R_SCI_UART_Open
<LI><a href="#[38]">&gt;&gt;</a>&nbsp;&nbsp;&nbsp;calloc
<LI><a href="#[3f]">&gt;&gt;</a>&nbsp;&nbsp;&nbsp;free
</UL>
<BR>[Called By]<UL><LI><a href="#[40]">&gt;&gt;</a>&nbsp;&nbsp;&nbsp;BT_Init
<LI><a href="#[51]">&gt;&gt;</a>&nbsp;&nbsp;&nbsp;Vision_Init
<LI><a href="#[53]">&gt;&gt;</a>&nbsp;&nbsp;&nbsp;FSControlInit
</UL>

<P><STRONG><a name="[6a]"></a>USART_Force_Restart</STRONG> (Thumb, 48 bytes, Stack size 8 bytes, bsp_uart.o(.text.USART_Force_Restart))
<BR><BR>[Stack]<UL><LI>Max Depth = 24<LI>Call Chain = USART_Force_Restart &rArr; R_SCI_UART_Abort
</UL>
<BR>[Calls]<UL><LI><a href="#[91]">&gt;&gt;</a>&nbsp;&nbsp;&nbsp;R_SCI_UART_Abort
<LI><a href="#[90]">&gt;&gt;</a>&nbsp;&nbsp;&nbsp;R_SCI_UART_Read
</UL>
<BR>[Called By]<UL><LI><a href="#[1d]">&gt;&gt;</a>&nbsp;&nbsp;&nbsp;HostLostCallback
<LI><a href="#[19]">&gt;&gt;</a>&nbsp;&nbsp;&nbsp;FSLostCallback
<LI><a href="#[24]">&gt;&gt;</a>&nbsp;&nbsp;&nbsp;UART_Global_Callback
</UL>

<P><STRONG><a name="[51]"></a>Vision_Init</STRONG> (Thumb, 88 bytes, Stack size 40 bytes, vision.o(.text.Vision_Init))
<BR><BR>[Stack]<UL><LI>Max Depth = 104<LI>Call Chain = Vision_Init &rArr; USARTRegister &rArr; R_SCI_UART_Open &rArr; r_sci_uart_transfer_configure
</UL>
<BR>[Calls]<UL><LI><a href="#[4f]">&gt;&gt;</a>&nbsp;&nbsp;&nbsp;DaemonRegister
<LI><a href="#[41]">&gt;&gt;</a>&nbsp;&nbsp;&nbsp;USARTRegister
</UL>
<BR>[Called By]<UL><LI><a href="#[50]">&gt;&gt;</a>&nbsp;&nbsp;&nbsp;DummyCmd_Init
</UL>

<P><STRONG><a name="[58]"></a>Vision_Send_Data</STRONG> (Thumb, 38 bytes, Stack size 0 bytes, vision.o(.text.Vision_Send_Data))
<BR><BR>[Stack]<UL><LI>Max Depth = 16<LI>Call Chain = Vision_Send_Data &rArr; R_SCI_UART_Write
</UL>
<BR>[Calls]<UL><LI><a href="#[44]">&gt;&gt;</a>&nbsp;&nbsp;&nbsp;R_SCI_UART_Write
</UL>
<BR>[Called By]<UL><LI><a href="#[56]">&gt;&gt;</a>&nbsp;&nbsp;&nbsp;DummyCmd_Task
</UL>

<P><STRONG><a name="[b1]"></a>__aeabi_assert</STRONG> (Thumb, 6 bytes, Stack size 0 bytes, bsp_common.o(.text.__aeabi_assert))
<BR><BR>[Called By]<UL><LI><a href="#[23]">&gt;&gt;</a>&nbsp;&nbsp;&nbsp;prvTimerTask
<LI><a href="#[d5]">&gt;&gt;</a>&nbsp;&nbsp;&nbsp;xTimerCreateTimerTask
<LI><a href="#[a1]">&gt;&gt;</a>&nbsp;&nbsp;&nbsp;vTaskStartScheduler
<LI><a href="#[31]">&gt;&gt;</a>&nbsp;&nbsp;&nbsp;vTaskSwitchContext
<LI><a href="#[8a]">&gt;&gt;</a>&nbsp;&nbsp;&nbsp;xTaskIncrementTick
<LI><a href="#[96]">&gt;&gt;</a>&nbsp;&nbsp;&nbsp;xTaskCreateStatic
<LI><a href="#[ae]">&gt;&gt;</a>&nbsp;&nbsp;&nbsp;prvDeleteTCB
<LI><a href="#[b3]">&gt;&gt;</a>&nbsp;&nbsp;&nbsp;prvInitialiseNewTask
<LI><a href="#[d2]">&gt;&gt;</a>&nbsp;&nbsp;&nbsp;vTaskPlaceOnEventListRestricted
<LI><a href="#[ac]">&gt;&gt;</a>&nbsp;&nbsp;&nbsp;vQueueAddToRegistry
<LI><a href="#[c3]">&gt;&gt;</a>&nbsp;&nbsp;&nbsp;xQueueSemaphoreTake
<LI><a href="#[be]">&gt;&gt;</a>&nbsp;&nbsp;&nbsp;xQueueReceive
<LI><a href="#[d1]">&gt;&gt;</a>&nbsp;&nbsp;&nbsp;vPortValidateInterruptPriority
<LI><a href="#[c8]">&gt;&gt;</a>&nbsp;&nbsp;&nbsp;xQueueGenericSendFromISR
<LI><a href="#[d3]">&gt;&gt;</a>&nbsp;&nbsp;&nbsp;vTaskPlaceOnEventList
<LI><a href="#[db]">&gt;&gt;</a>&nbsp;&nbsp;&nbsp;xTaskCheckForTimeOut
<LI><a href="#[c4]">&gt;&gt;</a>&nbsp;&nbsp;&nbsp;xQueueGenericSend
<LI><a href="#[9e]">&gt;&gt;</a>&nbsp;&nbsp;&nbsp;xQueueCreateCountingSemaphoreStatic
<LI><a href="#[ab]">&gt;&gt;</a>&nbsp;&nbsp;&nbsp;xQueueGenericCreateStatic
<LI><a href="#[c0]">&gt;&gt;</a>&nbsp;&nbsp;&nbsp;xTaskRemoveFromEventList
<LI><a href="#[d8]">&gt;&gt;</a>&nbsp;&nbsp;&nbsp;xQueueGenericReset
<LI><a href="#[b0]">&gt;&gt;</a>&nbsp;&nbsp;&nbsp;vPortFree
<LI><a href="#[a9]">&gt;&gt;</a>&nbsp;&nbsp;&nbsp;vPortExitCritical
<LI><a href="#[a7]">&gt;&gt;</a>&nbsp;&nbsp;&nbsp;vPortEnterCritical
<LI><a href="#[bc]">&gt;&gt;</a>&nbsp;&nbsp;&nbsp;xTaskResumeAll
<LI><a href="#[9a]">&gt;&gt;</a>&nbsp;&nbsp;&nbsp;vTaskDelay
<LI><a href="#[1b]">&gt;&gt;</a>&nbsp;&nbsp;&nbsp;vPortSVCHandler_C
</UL>

<P><STRONG><a name="[8b]"></a>bsp_clock_init</STRONG> (Thumb, 444 bytes, Stack size 24 bytes, bsp_clocks.o(.text.bsp_clock_init))
<BR><BR>[Stack]<UL><LI>Max Depth = 24<LI>Call Chain = bsp_clock_init
</UL>
<BR>[Calls]<UL><LI><a href="#[7c]">&gt;&gt;</a>&nbsp;&nbsp;&nbsp;R_BSP_SoftwareDelay
<LI><a href="#[92]">&gt;&gt;</a>&nbsp;&nbsp;&nbsp;R_BSP_SubClockStabilizeWaitAfterReset
</UL>
<BR>[Called By]<UL><LI><a href="#[88]">&gt;&gt;</a>&nbsp;&nbsp;&nbsp;SystemInit
</UL>

<P><STRONG><a name="[8f]"></a>bsp_init</STRONG> (Thumb, 2 bytes, Stack size 0 bytes, bsp_common.o(.text.bsp_init_internal))
<BR><BR>[Called By]<UL><LI><a href="#[88]">&gt;&gt;</a>&nbsp;&nbsp;&nbsp;SystemInit
</UL>

<P><STRONG><a name="[ee]"></a>bsp_init_internal</STRONG> (Thumb, 2 bytes, Stack size 0 bytes, bsp_common.o(.text.bsp_init_internal), UNUSED)

<P><STRONG><a name="[8e]"></a>bsp_irq_cfg</STRONG> (Thumb, 138 bytes, Stack size 32 bytes, bsp_irq.o(.text.bsp_irq_cfg))
<BR><BR>[Stack]<UL><LI>Max Depth = 40<LI>Call Chain = bsp_irq_cfg &rArr; R_BSP_RegisterProtectDisable
</UL>
<BR>[Calls]<UL><LI><a href="#[7e]">&gt;&gt;</a>&nbsp;&nbsp;&nbsp;R_BSP_RegisterProtectEnable
<LI><a href="#[7d]">&gt;&gt;</a>&nbsp;&nbsp;&nbsp;R_BSP_RegisterProtectDisable
</UL>
<BR>[Called By]<UL><LI><a href="#[88]">&gt;&gt;</a>&nbsp;&nbsp;&nbsp;SystemInit
</UL>

<P><STRONG><a name="[7f]"></a>bsp_prv_software_delay_loop</STRONG> (Thumb, 8 bytes, Stack size 0 bytes, bsp_delay.o(.text.bsp_prv_software_delay_loop))
<BR><BR>[Calls]<UL><LI><a href="#[7f]">&gt;&gt;</a>&nbsp;&nbsp;&nbsp;bsp_prv_software_delay_loop
</UL>
<BR>[Called By]<UL><LI><a href="#[7c]">&gt;&gt;</a>&nbsp;&nbsp;&nbsp;R_BSP_SoftwareDelay
<LI><a href="#[7f]">&gt;&gt;</a>&nbsp;&nbsp;&nbsp;bsp_prv_software_delay_loop
</UL>

<P><STRONG><a name="[30]"></a>can_callback</STRONG> (Thumb, 66 bytes, Stack size 8 bytes, bsp_can.o(.text.can_callback))
<BR><BR>[Stack]<UL><LI>Max Depth = 8<LI>Call Chain = can_callback
</UL>
<BR>[Calls]<UL><LI><a href="#[5f]">&gt;&gt;</a>&nbsp;&nbsp;&nbsp;__aeabi_memcpy4
</UL>
<BR>[Address Reference Count : 1]<UL><LI> hal_data.o(.rodata.motor_ctrl_can_cfg)
</UL>
<P><STRONG><a name="[c]"></a>canfd_channel_tx_isr</STRONG> (Thumb, 332 bytes, Stack size 256 bytes, r_canfd.o(.text.canfd_channel_tx_isr))
<BR><BR>[Stack]<UL><LI>Max Depth = 256<LI>Call Chain = canfd_channel_tx_isr
</UL>
<BR>[Calls]<UL><LI><a href="#[5f]">&gt;&gt;</a>&nbsp;&nbsp;&nbsp;__aeabi_memcpy4
</UL>
<BR>[Address Reference Count : 1]<UL><LI> vector_data.o(.application_vectors)
</UL>
<P><STRONG><a name="[d]"></a>canfd_common_fifo_rx_isr</STRONG> (Thumb, 262 bytes, Stack size 256 bytes, r_canfd.o(.text.canfd_common_fifo_rx_isr))
<BR><BR>[Stack]<UL><LI>Max Depth = 264<LI>Call Chain = canfd_common_fifo_rx_isr &rArr; r_canfd_mb_read
</UL>
<BR>[Calls]<UL><LI><a href="#[94]">&gt;&gt;</a>&nbsp;&nbsp;&nbsp;r_canfd_mb_read
<LI><a href="#[5f]">&gt;&gt;</a>&nbsp;&nbsp;&nbsp;__aeabi_memcpy4
</UL>
<BR>[Address Reference Count : 1]<UL><LI> vector_data.o(.application_vectors)
</UL>
<P><STRONG><a name="[b]"></a>canfd_error_isr</STRONG> (Thumb, 256 bytes, Stack size 232 bytes, r_canfd.o(.text.canfd_error_isr))
<BR><BR>[Stack]<UL><LI>Max Depth = 232<LI>Call Chain = canfd_error_isr
</UL>
<BR>[Calls]<UL><LI><a href="#[42]">&gt;&gt;</a>&nbsp;&nbsp;&nbsp;__aeabi_memclr4
<LI><a href="#[5f]">&gt;&gt;</a>&nbsp;&nbsp;&nbsp;__aeabi_memcpy4
</UL>
<BR>[Address Reference Count : 1]<UL><LI> vector_data.o(.application_vectors)
</UL>
<P><STRONG><a name="[e]"></a>canfd_rx_fifo_isr</STRONG> (Thumb, 228 bytes, Stack size 248 bytes, r_canfd.o(.text.canfd_rx_fifo_isr))
<BR><BR>[Stack]<UL><LI>Max Depth = 256<LI>Call Chain = canfd_rx_fifo_isr &rArr; r_canfd_mb_read
</UL>
<BR>[Calls]<UL><LI><a href="#[94]">&gt;&gt;</a>&nbsp;&nbsp;&nbsp;r_canfd_mb_read
<LI><a href="#[5f]">&gt;&gt;</a>&nbsp;&nbsp;&nbsp;__aeabi_memcpy4
</UL>
<BR>[Address Reference Count : 1]<UL><LI> vector_data.o(.application_vectors)
</UL>
<P><STRONG><a name="[95]"></a>daemon_task_create</STRONG> (Thumb, 100 bytes, Stack size 24 bytes, daemon_task.o(.text.daemon_task_create))
<BR><BR>[Stack]<UL><LI>Max Depth = 112<LI>Call Chain = daemon_task_create &rArr; xTaskCreateStatic &rArr; prvAddNewTaskToReadyList
</UL>
<BR>[Calls]<UL><LI><a href="#[96]">&gt;&gt;</a>&nbsp;&nbsp;&nbsp;xTaskCreateStatic
<LI><a href="#[97]">&gt;&gt;</a>&nbsp;&nbsp;&nbsp;rtos_startup_err_callback
</UL>
<BR>[Called By]<UL><LI><a href="#[89]">&gt;&gt;</a>&nbsp;&nbsp;&nbsp;main
</UL>

<P><STRONG><a name="[98]"></a>daemon_task_entry</STRONG> (Thumb, 12 bytes, Stack size 0 bytes, daemon_task_entry.o(.text.daemon_task_entry))
<BR><BR>[Stack]<UL><LI>Max Depth = 88 + In Cycle
<LI>Call Chain = daemon_task_entry &rArr;  daemon_task_entry (Cycle)
</UL>
<BR>[Calls]<UL><LI><a href="#[99]">&gt;&gt;</a>&nbsp;&nbsp;&nbsp;DaemonTask
<LI><a href="#[98]">&gt;&gt;</a>&nbsp;&nbsp;&nbsp;daemon_task_entry
<LI><a href="#[9a]">&gt;&gt;</a>&nbsp;&nbsp;&nbsp;vTaskDelay
</UL>
<BR>[Called By]<UL><LI><a href="#[98]">&gt;&gt;</a>&nbsp;&nbsp;&nbsp;daemon_task_entry
<LI><a href="#[1e]">&gt;&gt;</a>&nbsp;&nbsp;&nbsp;daemon_task_func
</UL>

<P><STRONG><a name="[9d]"></a>g_common_init</STRONG> (Thumb, 2 bytes, Stack size 0 bytes, common_data.o(.text.g_common_init))
<BR><BR>[Called By]<UL><LI><a href="#[9c]">&gt;&gt;</a>&nbsp;&nbsp;&nbsp;g_hal_init
</UL>

<P><STRONG><a name="[9c]"></a>g_hal_init</STRONG> (Thumb, 4 bytes, Stack size 0 bytes, hal_data.o(.text.g_hal_init))
<BR><BR>[Calls]<UL><LI><a href="#[9d]">&gt;&gt;</a>&nbsp;&nbsp;&nbsp;g_common_init
</UL>
<BR>[Called By]<UL><LI><a href="#[9b]">&gt;&gt;</a>&nbsp;&nbsp;&nbsp;rtos_startup_common_init
</UL>

<P><STRONG><a name="[cf]"></a>hw_usb_pclear_sts_resm</STRONG> (Thumb, 28 bytes, Stack size 0 bytes, r_usb_preg_access.o(.text.hw_usb_pclear_sts_resm))
<BR><BR>[Called By]<UL><LI><a href="#[14]">&gt;&gt;</a>&nbsp;&nbsp;&nbsp;usbfs_resume_handler
</UL>

<P><STRONG><a name="[cd]"></a>hw_usb_pclear_sts_valid</STRONG> (Thumb, 28 bytes, Stack size 0 bytes, r_usb_preg_access.o(.text.hw_usb_pclear_sts_valid))
<BR><BR>[Called By]<UL><LI><a href="#[cb]">&gt;&gt;</a>&nbsp;&nbsp;&nbsp;usb_pstd_interrupt_handler
</UL>

<P><STRONG><a name="[cc]"></a>hw_usb_read_intsts</STRONG> (Thumb, 24 bytes, Stack size 0 bytes, r_usb_creg_access.o(.text.hw_usb_read_intsts))
<BR><BR>[Called By]<UL><LI><a href="#[cb]">&gt;&gt;</a>&nbsp;&nbsp;&nbsp;usb_pstd_interrupt_handler
</UL>

<P><STRONG><a name="[ca]"></a>hw_usb_set_suspendm</STRONG> (Thumb, 24 bytes, Stack size 0 bytes, r_usb_creg_access.o(.text.hw_usb_set_suspendm))
<BR><BR>[Called By]<UL><LI><a href="#[c9]">&gt;&gt;</a>&nbsp;&nbsp;&nbsp;usb_pstd_interrupt_clock
</UL>

<P><STRONG><a name="[89]"></a>main</STRONG> (Thumb, 82 bytes, Stack size 8 bytes, main.o(.text.main))
<BR><BR>[Stack]<UL><LI>Max Depth = 176<LI>Call Chain = main &rArr; vTaskStartScheduler &rArr; xTimerCreateTimerTask &rArr; xTaskCreateStatic &rArr; prvAddNewTaskToReadyList
</UL>
<BR>[Calls]<UL><LI><a href="#[a1]">&gt;&gt;</a>&nbsp;&nbsp;&nbsp;vTaskStartScheduler
<LI><a href="#[9e]">&gt;&gt;</a>&nbsp;&nbsp;&nbsp;xQueueCreateCountingSemaphoreStatic
<LI><a href="#[a0]">&gt;&gt;</a>&nbsp;&nbsp;&nbsp;robot_task_create
<LI><a href="#[9f]">&gt;&gt;</a>&nbsp;&nbsp;&nbsp;motor_ctrl_task_create
<LI><a href="#[97]">&gt;&gt;</a>&nbsp;&nbsp;&nbsp;rtos_startup_err_callback
<LI><a href="#[95]">&gt;&gt;</a>&nbsp;&nbsp;&nbsp;daemon_task_create
</UL>
<BR>[Called By]<UL><LI><a href="#[0]">&gt;&gt;</a>&nbsp;&nbsp;&nbsp;Reset_Handler
</UL>

<P><STRONG><a name="[9f]"></a>motor_ctrl_task_create</STRONG> (Thumb, 100 bytes, Stack size 24 bytes, motor_ctrl_task.o(.text.motor_ctrl_task_create))
<BR><BR>[Stack]<UL><LI>Max Depth = 112<LI>Call Chain = motor_ctrl_task_create &rArr; xTaskCreateStatic &rArr; prvAddNewTaskToReadyList
</UL>
<BR>[Calls]<UL><LI><a href="#[96]">&gt;&gt;</a>&nbsp;&nbsp;&nbsp;xTaskCreateStatic
<LI><a href="#[97]">&gt;&gt;</a>&nbsp;&nbsp;&nbsp;rtos_startup_err_callback
</UL>
<BR>[Called By]<UL><LI><a href="#[89]">&gt;&gt;</a>&nbsp;&nbsp;&nbsp;main
</UL>

<P><STRONG><a name="[a2]"></a>motor_ctrl_task_entry</STRONG> (Thumb, 16 bytes, Stack size 0 bytes, motor_ctrl_task_entry.o(.text.motor_ctrl_task_entry))
<BR><BR>[Stack]<UL><LI>Max Depth = 644<LI>Call Chain = motor_ctrl_task_entry &rArr; Dummy_Motormatic_Task &rArr; Dummy_Joint_Update &rArr; Kinematic_SolveFK &rArr; __hardfp_sinf &rArr; __mathlib_rredf2
</UL>
<BR>[Calls]<UL><LI><a href="#[65]">&gt;&gt;</a>&nbsp;&nbsp;&nbsp;Dummy_Motormatic_Task
<LI><a href="#[5e]">&gt;&gt;</a>&nbsp;&nbsp;&nbsp;Dummy_Motormatic_Init
<LI><a href="#[9a]">&gt;&gt;</a>&nbsp;&nbsp;&nbsp;vTaskDelay
</UL>
<BR>[Called By]<UL><LI><a href="#[1f]">&gt;&gt;</a>&nbsp;&nbsp;&nbsp;motor_ctrl_task_func
</UL>

<P><STRONG><a name="[b5]"></a>pxPortInitialiseStack</STRONG> (Thumb, 40 bytes, Stack size 0 bytes, port.o(.text.pxPortInitialiseStack))
<BR><BR>[Called By]<UL><LI><a href="#[b3]">&gt;&gt;</a>&nbsp;&nbsp;&nbsp;prvInitialiseNewTask
</UL>

<P><STRONG><a name="[77]"></a>rm_freertos_port_restore_task_stackless</STRONG> (Thumb, 32 bytes, Stack size 0 bytes, port.o(.text.rm_freertos_port_restore_task_stackless))
<BR><BR>[Called By]<UL><LI><a href="#[1b]">&gt;&gt;</a>&nbsp;&nbsp;&nbsp;vPortSVCHandler_C
<LI><a href="#[9]">&gt;&gt;</a>&nbsp;&nbsp;&nbsp;PendSV_Handler
</UL>

<P><STRONG><a name="[d0]"></a>rm_freertos_port_sleep_preserving_lpm</STRONG> (Thumb, 110 bytes, Stack size 8 bytes, port.o(.text.rm_freertos_port_sleep_preserving_lpm))
<BR><BR>[Stack]<UL><LI>Max Depth = 8<LI>Call Chain = rm_freertos_port_sleep_preserving_lpm
</UL>
<BR>[Called By]<UL><LI><a href="#[b2]">&gt;&gt;</a>&nbsp;&nbsp;&nbsp;vApplicationIdleHook
</UL>

<P><STRONG><a name="[a0]"></a>robot_task_create</STRONG> (Thumb, 100 bytes, Stack size 24 bytes, robot_task.o(.text.robot_task_create))
<BR><BR>[Stack]<UL><LI>Max Depth = 112<LI>Call Chain = robot_task_create &rArr; xTaskCreateStatic &rArr; prvAddNewTaskToReadyList
</UL>
<BR>[Calls]<UL><LI><a href="#[96]">&gt;&gt;</a>&nbsp;&nbsp;&nbsp;xTaskCreateStatic
<LI><a href="#[97]">&gt;&gt;</a>&nbsp;&nbsp;&nbsp;rtos_startup_err_callback
</UL>
<BR>[Called By]<UL><LI><a href="#[89]">&gt;&gt;</a>&nbsp;&nbsp;&nbsp;main
</UL>

<P><STRONG><a name="[c2]"></a>robot_task_entry</STRONG> (Thumb, 16 bytes, Stack size 0 bytes, robot_task_entry.o(.text.robot_task_entry))
<BR><BR>[Stack]<UL><LI>Max Depth = 924<LI>Call Chain = robot_task_entry &rArr; DummyCmd_Task &rArr; Bt_Pose_Try_Solve &rArr; Kinematic_SolveIK &rArr; __hardfp_sinf &rArr; __mathlib_rredf2
</UL>
<BR>[Calls]<UL><LI><a href="#[9a]">&gt;&gt;</a>&nbsp;&nbsp;&nbsp;vTaskDelay
<LI><a href="#[56]">&gt;&gt;</a>&nbsp;&nbsp;&nbsp;DummyCmd_Task
<LI><a href="#[50]">&gt;&gt;</a>&nbsp;&nbsp;&nbsp;DummyCmd_Init
</UL>
<BR>[Called By]<UL><LI><a href="#[21]">&gt;&gt;</a>&nbsp;&nbsp;&nbsp;robot_task_func
</UL>

<P><STRONG><a name="[9b]"></a>rtos_startup_common_init</STRONG> (Thumb, 98 bytes, Stack size 16 bytes, main.o(.text.rtos_startup_common_init))
<BR><BR>[Stack]<UL><LI>Max Depth = 152<LI>Call Chain = rtos_startup_common_init &rArr; xQueueGenericSend &rArr; xTaskResumeAll &rArr; xTaskIncrementTick
</UL>
<BR>[Calls]<UL><LI><a href="#[c3]">&gt;&gt;</a>&nbsp;&nbsp;&nbsp;xQueueSemaphoreTake
<LI><a href="#[c4]">&gt;&gt;</a>&nbsp;&nbsp;&nbsp;xQueueGenericSend
<LI><a href="#[9c]">&gt;&gt;</a>&nbsp;&nbsp;&nbsp;g_hal_init
<LI><a href="#[97]">&gt;&gt;</a>&nbsp;&nbsp;&nbsp;rtos_startup_err_callback
</UL>
<BR>[Called By]<UL><LI><a href="#[21]">&gt;&gt;</a>&nbsp;&nbsp;&nbsp;robot_task_func
<LI><a href="#[1f]">&gt;&gt;</a>&nbsp;&nbsp;&nbsp;motor_ctrl_task_func
<LI><a href="#[1e]">&gt;&gt;</a>&nbsp;&nbsp;&nbsp;daemon_task_func
</UL>

<P><STRONG><a name="[97]"></a>rtos_startup_err_callback</STRONG> (Thumb, 4 bytes, Stack size 0 bytes, main.o(.text.rtos_startup_err_callback_internal))
<BR><BR>[Called By]<UL><LI><a href="#[89]">&gt;&gt;</a>&nbsp;&nbsp;&nbsp;main
<LI><a href="#[a0]">&gt;&gt;</a>&nbsp;&nbsp;&nbsp;robot_task_create
<LI><a href="#[9f]">&gt;&gt;</a>&nbsp;&nbsp;&nbsp;motor_ctrl_task_create
<LI><a href="#[9b]">&gt;&gt;</a>&nbsp;&nbsp;&nbsp;rtos_startup_common_init
<LI><a href="#[95]">&gt;&gt;</a>&nbsp;&nbsp;&nbsp;daemon_task_create
</UL>

<P><STRONG><a name="[ef]"></a>rtos_startup_err_callback_internal</STRONG> (Thumb, 4 bytes, Stack size 0 bytes, main.o(.text.rtos_startup_err_callback_internal), UNUSED)

<P><STRONG><a name="[12]"></a>sci_uart_eri_isr</STRONG> (Thumb, 114 bytes, Stack size 16 bytes, r_sci_uart.o(.text.sci_uart_eri_isr))
<BR><BR>[Stack]<UL><LI>Max Depth = 48<LI>Call Chain = sci_uart_eri_isr &rArr; r_sci_uart_call_callback
</UL>
<BR>[Calls]<UL><LI><a href="#[c5]">&gt;&gt;</a>&nbsp;&nbsp;&nbsp;r_sci_uart_call_callback
</UL>
<BR>[Address Reference Count : 1]<UL><LI> vector_data.o(.application_vectors)
</UL>
<P><STRONG><a name="[f]"></a>sci_uart_rxi_isr</STRONG> (Thumb, 204 bytes, Stack size 16 bytes, r_sci_uart.o(.text.sci_uart_rxi_isr))
<BR><BR>[Stack]<UL><LI>Max Depth = 48<LI>Call Chain = sci_uart_rxi_isr &rArr; r_sci_uart_call_callback
</UL>
<BR>[Calls]<UL><LI><a href="#[c5]">&gt;&gt;</a>&nbsp;&nbsp;&nbsp;r_sci_uart_call_callback
<LI><a href="#[49]">&gt;&gt;</a>&nbsp;&nbsp;&nbsp;__aeabi_memcpy
</UL>
<BR>[Address Reference Count : 1]<UL><LI> vector_data.o(.application_vectors)
</UL>
<P><STRONG><a name="[11]"></a>sci_uart_tei_isr</STRONG> (Thumb, 74 bytes, Stack size 8 bytes, r_sci_uart.o(.text.sci_uart_tei_isr))
<BR><BR>[Stack]<UL><LI>Max Depth = 40<LI>Call Chain = sci_uart_tei_isr &rArr; r_sci_uart_call_callback
</UL>
<BR>[Calls]<UL><LI><a href="#[c5]">&gt;&gt;</a>&nbsp;&nbsp;&nbsp;r_sci_uart_call_callback
</UL>
<BR>[Address Reference Count : 1]<UL><LI> vector_data.o(.application_vectors)
</UL>
<P><STRONG><a name="[10]"></a>sci_uart_txi_isr</STRONG> (Thumb, 246 bytes, Stack size 8 bytes, r_sci_uart.o(.text.sci_uart_txi_isr))
<BR><BR>[Stack]<UL><LI>Max Depth = 40<LI>Call Chain = sci_uart_txi_isr &rArr; r_sci_uart_call_callback
</UL>
<BR>[Calls]<UL><LI><a href="#[c5]">&gt;&gt;</a>&nbsp;&nbsp;&nbsp;r_sci_uart_call_callback
</UL>
<BR>[Address Reference Count : 1]<UL><LI> vector_data.o(.application_vectors)
</UL>
<P><STRONG><a name="[c6]"></a>usb_cpu_delay_1us</STRONG> (Thumb, 6 bytes, Stack size 0 bytes, r_usb_mcu.o(.text.usb_cpu_delay_1us))
<BR><BR>[Calls]<UL><LI><a href="#[7c]">&gt;&gt;</a>&nbsp;&nbsp;&nbsp;R_BSP_SoftwareDelay
</UL>
<BR>[Called By]<UL><LI><a href="#[c9]">&gt;&gt;</a>&nbsp;&nbsp;&nbsp;usb_pstd_interrupt_clock
</UL>

<P><STRONG><a name="[c7]"></a>usb_cstd_isnd_msg</STRONG> (Thumb, 76 bytes, Stack size 16 bytes, r_usb_cstd_rtos.o(.text.usb_cstd_isnd_msg))
<BR><BR>[Stack]<UL><LI>Max Depth = 64<LI>Call Chain = usb_cstd_isnd_msg &rArr; xQueueGenericSendFromISR &rArr; xTaskRemoveFromEventList
</UL>
<BR>[Calls]<UL><LI><a href="#[c8]">&gt;&gt;</a>&nbsp;&nbsp;&nbsp;xQueueGenericSendFromISR
</UL>
<BR>[Called By]<UL><LI><a href="#[ce]">&gt;&gt;</a>&nbsp;&nbsp;&nbsp;usb_pstd_usb_handler
</UL>

<P><STRONG><a name="[c9]"></a>usb_pstd_interrupt_clock</STRONG> (Thumb, 30 bytes, Stack size 8 bytes, r_usb_preg_abs.o(.text.usb_pstd_interrupt_clock))
<BR><BR>[Stack]<UL><LI>Max Depth = 8<LI>Call Chain = usb_pstd_interrupt_clock
</UL>
<BR>[Calls]<UL><LI><a href="#[ca]">&gt;&gt;</a>&nbsp;&nbsp;&nbsp;hw_usb_set_suspendm
<LI><a href="#[c6]">&gt;&gt;</a>&nbsp;&nbsp;&nbsp;usb_cpu_delay_1us
</UL>
<BR>[Called By]<UL><LI><a href="#[ce]">&gt;&gt;</a>&nbsp;&nbsp;&nbsp;usb_pstd_usb_handler
</UL>

<P><STRONG><a name="[cb]"></a>usb_pstd_interrupt_handler</STRONG> (Thumb, 572 bytes, Stack size 56 bytes, r_usb_preg_abs.o(.text.usb_pstd_interrupt_handler))
<BR><BR>[Stack]<UL><LI>Max Depth = 56<LI>Call Chain = usb_pstd_interrupt_handler
</UL>
<BR>[Calls]<UL><LI><a href="#[cc]">&gt;&gt;</a>&nbsp;&nbsp;&nbsp;hw_usb_read_intsts
<LI><a href="#[cd]">&gt;&gt;</a>&nbsp;&nbsp;&nbsp;hw_usb_pclear_sts_valid
</UL>
<BR>[Called By]<UL><LI><a href="#[ce]">&gt;&gt;</a>&nbsp;&nbsp;&nbsp;usb_pstd_usb_handler
</UL>

<P><STRONG><a name="[ce]"></a>usb_pstd_usb_handler</STRONG> (Thumb, 110 bytes, Stack size 16 bytes, r_usb_pinthandler_usbip0.o(.text.usb_pstd_usb_handler))
<BR><BR>[Stack]<UL><LI>Max Depth = 80<LI>Call Chain = usb_pstd_usb_handler &rArr; usb_cstd_isnd_msg &rArr; xQueueGenericSendFromISR &rArr; xTaskRemoveFromEventList
</UL>
<BR>[Calls]<UL><LI><a href="#[cb]">&gt;&gt;</a>&nbsp;&nbsp;&nbsp;usb_pstd_interrupt_handler
<LI><a href="#[c9]">&gt;&gt;</a>&nbsp;&nbsp;&nbsp;usb_pstd_interrupt_clock
<LI><a href="#[c7]">&gt;&gt;</a>&nbsp;&nbsp;&nbsp;usb_cstd_isnd_msg
</UL>
<BR>[Called By]<UL><LI><a href="#[13]">&gt;&gt;</a>&nbsp;&nbsp;&nbsp;usbfs_interrupt_handler
</UL>

<P><STRONG><a name="[15]"></a>usbfs_d0fifo_handler</STRONG> (Thumb, 34 bytes, Stack size 0 bytes, r_usb_mcu.o(.text.usbfs_d0fifo_handler))
<BR>[Address Reference Count : 1]<UL><LI> vector_data.o(.application_vectors)
</UL>
<P><STRONG><a name="[16]"></a>usbfs_d1fifo_handler</STRONG> (Thumb, 34 bytes, Stack size 0 bytes, r_usb_mcu.o(.text.usbfs_d1fifo_handler))
<BR>[Address Reference Count : 1]<UL><LI> vector_data.o(.application_vectors)
</UL>
<P><STRONG><a name="[13]"></a>usbfs_interrupt_handler</STRONG> (Thumb, 52 bytes, Stack size 0 bytes, r_usb_mcu.o(.text.usbfs_interrupt_handler))
<BR><BR>[Stack]<UL><LI>Max Depth = 80<LI>Call Chain = usbfs_interrupt_handler &rArr; usb_pstd_usb_handler &rArr; usb_cstd_isnd_msg &rArr; xQueueGenericSendFromISR &rArr; xTaskRemoveFromEventList
</UL>
<BR>[Calls]<UL><LI><a href="#[ce]">&gt;&gt;</a>&nbsp;&nbsp;&nbsp;usb_pstd_usb_handler
</UL>
<BR>[Address Reference Count : 1]<UL><LI> vector_data.o(.application_vectors)
</UL>
<P><STRONG><a name="[14]"></a>usbfs_resume_handler</STRONG> (Thumb, 50 bytes, Stack size 0 bytes, r_usb_mcu.o(.text.usbfs_resume_handler))
<BR><BR>[Calls]<UL><LI><a href="#[cf]">&gt;&gt;</a>&nbsp;&nbsp;&nbsp;hw_usb_pclear_sts_resm
</UL>
<BR>[Address Reference Count : 1]<UL><LI> vector_data.o(.application_vectors)
</UL>
<P><STRONG><a name="[a4]"></a>uxListRemove</STRONG> (Thumb, 32 bytes, Stack size 0 bytes, list.o(.text.uxListRemove))
<BR><BR>[Called By]<UL><LI><a href="#[b7]">&gt;&gt;</a>&nbsp;&nbsp;&nbsp;prvProcessExpiredTimer
<LI><a href="#[23]">&gt;&gt;</a>&nbsp;&nbsp;&nbsp;prvTimerTask
<LI><a href="#[ad]">&gt;&gt;</a>&nbsp;&nbsp;&nbsp;prvCheckTasksWaitingTermination
<LI><a href="#[a3]">&gt;&gt;</a>&nbsp;&nbsp;&nbsp;prvAddCurrentTaskToDelayedList
</UL>

<P><STRONG><a name="[dc]"></a>uxTaskGetNumberOfTasks</STRONG> (Thumb, 12 bytes, Stack size 0 bytes, tasks.o(.text.uxTaskGetNumberOfTasks))
<BR><BR>[Called By]<UL><LI><a href="#[c8]">&gt;&gt;</a>&nbsp;&nbsp;&nbsp;xQueueGenericSendFromISR
</UL>

<P><STRONG><a name="[d4]"></a>vApplicationGetIdleTaskMemory</STRONG> (Thumb, 26 bytes, Stack size 0 bytes, main.o(.text.vApplicationGetIdleTaskMemory))
<BR><BR>[Called By]<UL><LI><a href="#[a1]">&gt;&gt;</a>&nbsp;&nbsp;&nbsp;vTaskStartScheduler
</UL>

<P><STRONG><a name="[dd]"></a>vApplicationGetTimerTaskMemory</STRONG> (Thumb, 26 bytes, Stack size 0 bytes, main.o(.text.vApplicationGetTimerTaskMemory))
<BR><BR>[Called By]<UL><LI><a href="#[d5]">&gt;&gt;</a>&nbsp;&nbsp;&nbsp;xTimerCreateTimerTask
</UL>

<P><STRONG><a name="[b2]"></a>vApplicationIdleHook</STRONG> (Thumb, 24 bytes, Stack size 8 bytes, port.o(.text.vApplicationIdleHook))
<BR><BR>[Stack]<UL><LI>Max Depth = 88<LI>Call Chain = vApplicationIdleHook &rArr; xTaskResumeAll &rArr; xTaskIncrementTick
</UL>
<BR>[Calls]<UL><LI><a href="#[bc]">&gt;&gt;</a>&nbsp;&nbsp;&nbsp;xTaskResumeAll
<LI><a href="#[bb]">&gt;&gt;</a>&nbsp;&nbsp;&nbsp;vTaskSuspendAll
<LI><a href="#[d0]">&gt;&gt;</a>&nbsp;&nbsp;&nbsp;rm_freertos_port_sleep_preserving_lpm
</UL>
<BR>[Called By]<UL><LI><a href="#[22]">&gt;&gt;</a>&nbsp;&nbsp;&nbsp;prvIdleTask
</UL>

<P><STRONG><a name="[a8]"></a>vListInitialise</STRONG> (Thumb, 22 bytes, Stack size 0 bytes, list.o(.text.vListInitialise))
<BR><BR>[Called By]<UL><LI><a href="#[aa]">&gt;&gt;</a>&nbsp;&nbsp;&nbsp;prvCheckForValidListAndQueue
<LI><a href="#[a6]">&gt;&gt;</a>&nbsp;&nbsp;&nbsp;prvAddNewTaskToReadyList
<LI><a href="#[d8]">&gt;&gt;</a>&nbsp;&nbsp;&nbsp;xQueueGenericReset
</UL>

<P><STRONG><a name="[b4]"></a>vListInitialiseItem</STRONG> (Thumb, 6 bytes, Stack size 0 bytes, list.o(.text.vListInitialiseItem))
<BR><BR>[Called By]<UL><LI><a href="#[b3]">&gt;&gt;</a>&nbsp;&nbsp;&nbsp;prvInitialiseNewTask
</UL>

<P><STRONG><a name="[a5]"></a>vListInsert</STRONG> (Thumb, 58 bytes, Stack size 8 bytes, list.o(.text.vListInsert))
<BR><BR>[Stack]<UL><LI>Max Depth = 8<LI>Call Chain = vListInsert
</UL>
<BR>[Called By]<UL><LI><a href="#[a3]">&gt;&gt;</a>&nbsp;&nbsp;&nbsp;prvAddCurrentTaskToDelayedList
<LI><a href="#[d3]">&gt;&gt;</a>&nbsp;&nbsp;&nbsp;vTaskPlaceOnEventList
<LI><a href="#[b6]">&gt;&gt;</a>&nbsp;&nbsp;&nbsp;prvInsertTimerInActiveList
</UL>

<P><STRONG><a name="[a7]"></a>vPortEnterCritical</STRONG> (Thumb, 76 bytes, Stack size 0 bytes, port.o(.text.vPortEnterCritical))
<BR><BR>[Calls]<UL><LI><a href="#[b1]">&gt;&gt;</a>&nbsp;&nbsp;&nbsp;__aeabi_assert
</UL>
<BR>[Called By]<UL><LI><a href="#[aa]">&gt;&gt;</a>&nbsp;&nbsp;&nbsp;prvCheckForValidListAndQueue
<LI><a href="#[ad]">&gt;&gt;</a>&nbsp;&nbsp;&nbsp;prvCheckTasksWaitingTermination
<LI><a href="#[a6]">&gt;&gt;</a>&nbsp;&nbsp;&nbsp;prvAddNewTaskToReadyList
<LI><a href="#[bd]">&gt;&gt;</a>&nbsp;&nbsp;&nbsp;vQueueWaitForMessageRestricted
<LI><a href="#[c3]">&gt;&gt;</a>&nbsp;&nbsp;&nbsp;xQueueSemaphoreTake
<LI><a href="#[be]">&gt;&gt;</a>&nbsp;&nbsp;&nbsp;xQueueReceive
<LI><a href="#[db]">&gt;&gt;</a>&nbsp;&nbsp;&nbsp;xTaskCheckForTimeOut
<LI><a href="#[c4]">&gt;&gt;</a>&nbsp;&nbsp;&nbsp;xQueueGenericSend
<LI><a href="#[d8]">&gt;&gt;</a>&nbsp;&nbsp;&nbsp;xQueueGenericReset
<LI><a href="#[bf]">&gt;&gt;</a>&nbsp;&nbsp;&nbsp;prvUnlockQueue
<LI><a href="#[bc]">&gt;&gt;</a>&nbsp;&nbsp;&nbsp;xTaskResumeAll
</UL>

<P><STRONG><a name="[a9]"></a>vPortExitCritical</STRONG> (Thumb, 56 bytes, Stack size 0 bytes, port.o(.text.vPortExitCritical))
<BR><BR>[Calls]<UL><LI><a href="#[b1]">&gt;&gt;</a>&nbsp;&nbsp;&nbsp;__aeabi_assert
</UL>
<BR>[Called By]<UL><LI><a href="#[aa]">&gt;&gt;</a>&nbsp;&nbsp;&nbsp;prvCheckForValidListAndQueue
<LI><a href="#[ad]">&gt;&gt;</a>&nbsp;&nbsp;&nbsp;prvCheckTasksWaitingTermination
<LI><a href="#[a6]">&gt;&gt;</a>&nbsp;&nbsp;&nbsp;prvAddNewTaskToReadyList
<LI><a href="#[bd]">&gt;&gt;</a>&nbsp;&nbsp;&nbsp;vQueueWaitForMessageRestricted
<LI><a href="#[c3]">&gt;&gt;</a>&nbsp;&nbsp;&nbsp;xQueueSemaphoreTake
<LI><a href="#[be]">&gt;&gt;</a>&nbsp;&nbsp;&nbsp;xQueueReceive
<LI><a href="#[db]">&gt;&gt;</a>&nbsp;&nbsp;&nbsp;xTaskCheckForTimeOut
<LI><a href="#[c4]">&gt;&gt;</a>&nbsp;&nbsp;&nbsp;xQueueGenericSend
<LI><a href="#[d8]">&gt;&gt;</a>&nbsp;&nbsp;&nbsp;xQueueGenericReset
<LI><a href="#[bf]">&gt;&gt;</a>&nbsp;&nbsp;&nbsp;prvUnlockQueue
<LI><a href="#[bc]">&gt;&gt;</a>&nbsp;&nbsp;&nbsp;xTaskResumeAll
</UL>

<P><STRONG><a name="[b0]"></a>vPortFree</STRONG> (Thumb, 280 bytes, Stack size 24 bytes, heap_4.o(.text.vPortFree))
<BR><BR>[Stack]<UL><LI>Max Depth = 104<LI>Call Chain = vPortFree &rArr; xTaskResumeAll &rArr; xTaskIncrementTick
</UL>
<BR>[Calls]<UL><LI><a href="#[bc]">&gt;&gt;</a>&nbsp;&nbsp;&nbsp;xTaskResumeAll
<LI><a href="#[bb]">&gt;&gt;</a>&nbsp;&nbsp;&nbsp;vTaskSuspendAll
<LI><a href="#[b1]">&gt;&gt;</a>&nbsp;&nbsp;&nbsp;__aeabi_assert
</UL>
<BR>[Called By]<UL><LI><a href="#[23]">&gt;&gt;</a>&nbsp;&nbsp;&nbsp;prvTimerTask
<LI><a href="#[ae]">&gt;&gt;</a>&nbsp;&nbsp;&nbsp;prvDeleteTCB
</UL>

<P><STRONG><a name="[1b]"></a>vPortSVCHandler_C</STRONG> (Thumb, 40 bytes, Stack size 0 bytes, port.o(.text.vPortSVCHandler_C))
<BR><BR>[Calls]<UL><LI><a href="#[b1]">&gt;&gt;</a>&nbsp;&nbsp;&nbsp;__aeabi_assert
<LI><a href="#[77]">&gt;&gt;</a>&nbsp;&nbsp;&nbsp;rm_freertos_port_restore_task_stackless
</UL>
<BR>[Address Reference Count : 1]<UL><LI> port.o(.text.SVC_Handler)
</UL>
<P><STRONG><a name="[d7]"></a>vPortSetupTimerInterrupt</STRONG> (Thumb, 70 bytes, Stack size 0 bytes, port.o(.text.vPortSetupTimerInterrupt))
<BR><BR>[Called By]<UL><LI><a href="#[d6]">&gt;&gt;</a>&nbsp;&nbsp;&nbsp;xPortStartScheduler
</UL>

<P><STRONG><a name="[d1]"></a>vPortValidateInterruptPriority</STRONG> (Thumb, 80 bytes, Stack size 0 bytes, port.o(.text.vPortValidateInterruptPriority))
<BR><BR>[Calls]<UL><LI><a href="#[b1]">&gt;&gt;</a>&nbsp;&nbsp;&nbsp;__aeabi_assert
</UL>
<BR>[Called By]<UL><LI><a href="#[c8]">&gt;&gt;</a>&nbsp;&nbsp;&nbsp;xQueueGenericSendFromISR
</UL>

<P><STRONG><a name="[ac]"></a>vQueueAddToRegistry</STRONG> (Thumb, 94 bytes, Stack size 16 bytes, queue.o(.text.vQueueAddToRegistry))
<BR><BR>[Stack]<UL><LI>Max Depth = 16<LI>Call Chain = vQueueAddToRegistry
</UL>
<BR>[Calls]<UL><LI><a href="#[b1]">&gt;&gt;</a>&nbsp;&nbsp;&nbsp;__aeabi_assert
</UL>
<BR>[Called By]<UL><LI><a href="#[aa]">&gt;&gt;</a>&nbsp;&nbsp;&nbsp;prvCheckForValidListAndQueue
</UL>

<P><STRONG><a name="[bd]"></a>vQueueWaitForMessageRestricted</STRONG> (Thumb, 70 bytes, Stack size 16 bytes, queue.o(.text.vQueueWaitForMessageRestricted))
<BR><BR>[Stack]<UL><LI>Max Depth = 72<LI>Call Chain = vQueueWaitForMessageRestricted &rArr; vTaskPlaceOnEventListRestricted &rArr; prvAddCurrentTaskToDelayedList &rArr; vListInsert
</UL>
<BR>[Calls]<UL><LI><a href="#[d2]">&gt;&gt;</a>&nbsp;&nbsp;&nbsp;vTaskPlaceOnEventListRestricted
<LI><a href="#[bf]">&gt;&gt;</a>&nbsp;&nbsp;&nbsp;prvUnlockQueue
<LI><a href="#[a9]">&gt;&gt;</a>&nbsp;&nbsp;&nbsp;vPortExitCritical
<LI><a href="#[a7]">&gt;&gt;</a>&nbsp;&nbsp;&nbsp;vPortEnterCritical
</UL>
<BR>[Called By]<UL><LI><a href="#[23]">&gt;&gt;</a>&nbsp;&nbsp;&nbsp;prvTimerTask
</UL>

<P><STRONG><a name="[9a]"></a>vTaskDelay</STRONG> (Thumb, 86 bytes, Stack size 8 bytes, tasks.o(.text.vTaskDelay))
<BR><BR>[Stack]<UL><LI>Max Depth = 88<LI>Call Chain = vTaskDelay &rArr; xTaskResumeAll &rArr; xTaskIncrementTick
</UL>
<BR>[Calls]<UL><LI><a href="#[a3]">&gt;&gt;</a>&nbsp;&nbsp;&nbsp;prvAddCurrentTaskToDelayedList
<LI><a href="#[bc]">&gt;&gt;</a>&nbsp;&nbsp;&nbsp;xTaskResumeAll
<LI><a href="#[b1]">&gt;&gt;</a>&nbsp;&nbsp;&nbsp;__aeabi_assert
</UL>
<BR>[Called By]<UL><LI><a href="#[a2]">&gt;&gt;</a>&nbsp;&nbsp;&nbsp;motor_ctrl_task_entry
<LI><a href="#[98]">&gt;&gt;</a>&nbsp;&nbsp;&nbsp;daemon_task_entry
<LI><a href="#[c2]">&gt;&gt;</a>&nbsp;&nbsp;&nbsp;robot_task_entry
</UL>

<P><STRONG><a name="[da]"></a>vTaskInternalSetTimeOutState</STRONG> (Thumb, 26 bytes, Stack size 0 bytes, tasks.o(.text.vTaskInternalSetTimeOutState))
<BR><BR>[Called By]<UL><LI><a href="#[c3]">&gt;&gt;</a>&nbsp;&nbsp;&nbsp;xQueueSemaphoreTake
<LI><a href="#[be]">&gt;&gt;</a>&nbsp;&nbsp;&nbsp;xQueueReceive
<LI><a href="#[c4]">&gt;&gt;</a>&nbsp;&nbsp;&nbsp;xQueueGenericSend
</UL>

<P><STRONG><a name="[c1]"></a>vTaskMissedYield</STRONG> (Thumb, 14 bytes, Stack size 0 bytes, tasks.o(.text.vTaskMissedYield))
<BR><BR>[Called By]<UL><LI><a href="#[bf]">&gt;&gt;</a>&nbsp;&nbsp;&nbsp;prvUnlockQueue
</UL>

<P><STRONG><a name="[d3]"></a>vTaskPlaceOnEventList</STRONG> (Thumb, 58 bytes, Stack size 8 bytes, tasks.o(.text.vTaskPlaceOnEventList))
<BR><BR>[Stack]<UL><LI>Max Depth = 48<LI>Call Chain = vTaskPlaceOnEventList &rArr; prvAddCurrentTaskToDelayedList &rArr; vListInsert
</UL>
<BR>[Calls]<UL><LI><a href="#[a3]">&gt;&gt;</a>&nbsp;&nbsp;&nbsp;prvAddCurrentTaskToDelayedList
<LI><a href="#[a5]">&gt;&gt;</a>&nbsp;&nbsp;&nbsp;vListInsert
<LI><a href="#[b1]">&gt;&gt;</a>&nbsp;&nbsp;&nbsp;__aeabi_assert
</UL>
<BR>[Called By]<UL><LI><a href="#[c3]">&gt;&gt;</a>&nbsp;&nbsp;&nbsp;xQueueSemaphoreTake
<LI><a href="#[be]">&gt;&gt;</a>&nbsp;&nbsp;&nbsp;xQueueReceive
<LI><a href="#[c4]">&gt;&gt;</a>&nbsp;&nbsp;&nbsp;xQueueGenericSend
</UL>

[...]
<LI><a href="#[72]">&gt;&gt;</a>&nbsp;&nbsp;&nbsp;__hardfp_atan2f
<LI><a href="#[76]">&gt;&gt;</a>&nbsp;&nbsp;&nbsp;__hardfp_acosf
</UL>

<P><STRONG><a name="[de]"></a>sqrtf</STRONG> (Thumb, 62 bytes, Stack size 16 bytes, sqrtf.o(i.sqrtf))
<BR><BR>[Stack]<UL><LI>Max Depth = 16<LI>Call Chain = sqrtf
</UL>
<BR>[Calls]<UL><LI><a href="#[e0]">&gt;&gt;</a>&nbsp;&nbsp;&nbsp;__set_errno
</UL>
<BR>[Called By]<UL><LI><a href="#[76]">&gt;&gt;</a>&nbsp;&nbsp;&nbsp;__hardfp_acosf
</UL>
<P>
<H3>
Local Symbols
</H3>
<P><STRONG><a name="[4e]"></a>DWT_CNT_Update</STRONG> (Thumb, 74 bytes, Stack size 4 bytes, bsp_dwt.o(.text.DWT_CNT_Update))
<BR><BR>[Stack]<UL><LI>Max Depth = 4<LI>Call Chain = DWT_CNT_Update
</UL>
<BR>[Called By]<UL><LI><a href="#[4c]">&gt;&gt;</a>&nbsp;&nbsp;&nbsp;DWT_SysTimeUpdate
<LI><a href="#[4d]">&gt;&gt;</a>&nbsp;&nbsp;&nbsp;DWT_Init
</UL>

<P><STRONG><a name="[1a]"></a>Joint_Motor_Callback</STRONG> (Thumb, 200 bytes, Stack size 24 bytes, step_motor.o(.text.Joint_Motor_Callback))
<BR><BR>[Stack]<UL><LI>Max Depth = 104<LI>Call Chain = Joint_Motor_Callback &rArr; DWT_GetTimeline_ms &rArr; DWT_SysTimeUpdate &rArr; __aeabi_uldivmod
</UL>
<BR>[Calls]<UL><LI><a href="#[4b]">&gt;&gt;</a>&nbsp;&nbsp;&nbsp;DWT_GetTimeline_ms
</UL>
<BR>[Address Reference Count : 1]<UL><LI> step_motor.o(.text.Joint_Motor_Init)
</UL>
<P><STRONG><a name="[6c]"></a>Send_U32</STRONG> (Thumb, 40 bytes, Stack size 16 bytes, step_motor.o(.text.Send_U32))
<BR><BR>[Stack]<UL><LI>Max Depth = 40<LI>Call Chain = Send_U32 &rArr; CANTransmit &rArr; R_CANFD_Write
</UL>
<BR>[Calls]<UL><LI><a href="#[48]">&gt;&gt;</a>&nbsp;&nbsp;&nbsp;CANTransmit
</UL>
<BR>[Called By]<UL><LI><a href="#[5b]">&gt;&gt;</a>&nbsp;&nbsp;&nbsp;Joint_Motor_Check_Connection
</UL>

<P><STRONG><a name="[71]"></a>Send_Float</STRONG> (Thumb, 42 bytes, Stack size 16 bytes, step_motor.o(.text.Send_Float))
<BR><BR>[Stack]<UL><LI>Max Depth = 40<LI>Call Chain = Send_Float &rArr; CANTransmit &rArr; R_CANFD_Write
</UL>
<BR>[Calls]<UL><LI><a href="#[48]">&gt;&gt;</a>&nbsp;&nbsp;&nbsp;CANTransmit
</UL>
<BR>[Called By]<UL><LI><a href="#[67]">&gt;&gt;</a>&nbsp;&nbsp;&nbsp;Joint_Motor_Set_Current
</UL>

<P><STRONG><a name="[70]"></a>Gripper_Get_Usable_Range</STRONG> (Thumb, 124 bytes, Stack size 0 bytes, step_motor.o(.text.Gripper_Get_Usable_Range))
<BR><BR>[Called By]<UL><LI><a href="#[69]">&gt;&gt;</a>&nbsp;&nbsp;&nbsp;Joint_Motor_Gripper_Task
<LI><a href="#[68]">&gt;&gt;</a>&nbsp;&nbsp;&nbsp;Joint_Motor_Gripper_Map_Knob
<LI><a href="#[66]">&gt;&gt;</a>&nbsp;&nbsp;&nbsp;Joint_Motor_Gripper_Calib_Task
</UL>

<P><STRONG><a name="[18]"></a>FSRxCallback</STRONG> (Thumb, 652 bytes, Stack size 80 bytes, flysky.o(.text.FSRxCallback))
<BR><BR>[Stack]<UL><LI>Max Depth = 80<LI>Call Chain = FSRxCallback
</UL>
<BR>[Calls]<UL><LI><a href="#[6b]">&gt;&gt;</a>&nbsp;&nbsp;&nbsp;DaemonReload
<LI><a href="#[49]">&gt;&gt;</a>&nbsp;&nbsp;&nbsp;__aeabi_memcpy
</UL>
<BR>[Address Reference Count : 1]<UL><LI> flysky.o(.text.FSControlInit)
</UL>
<P><STRONG><a name="[19]"></a>FSLostCallback</STRONG> (Thumb, 34 bytes, Stack size 8 bytes, flysky.o(.text.FSLostCallback))
<BR><BR>[Stack]<UL><LI>Max Depth = 32<LI>Call Chain = FSLostCallback &rArr; USART_Force_Restart &rArr; R_SCI_UART_Abort
</UL>
<BR>[Calls]<UL><LI><a href="#[6a]">&gt;&gt;</a>&nbsp;&nbsp;&nbsp;USART_Force_Restart
<LI><a href="#[42]">&gt;&gt;</a>&nbsp;&nbsp;&nbsp;__aeabi_memclr4
</UL>
<BR>[Address Reference Count : 1]<UL><LI> flysky.o(.text.FSControlInit)
</UL>
<P><STRONG><a name="[1c]"></a>HostRxCallback</STRONG> (Thumb, 264 bytes, Stack size 64 bytes, vision.o(.text.HostRxCallback))
<BR><BR>[Stack]<UL><LI>Max Depth = 64<LI>Call Chain = HostRxCallback
</UL>
<BR>[Calls]<UL><LI><a href="#[6b]">&gt;&gt;</a>&nbsp;&nbsp;&nbsp;DaemonReload
</UL>
<BR>[Address Reference Count : 1]<UL><LI> vision.o(.text.Vision_Init)
</UL>
<P><STRONG><a name="[1d]"></a>HostLostCallback</STRONG> (Thumb, 26 bytes, Stack size 0 bytes, vision.o(.text.HostLostCallback))
<BR><BR>[Stack]<UL><LI>Max Depth = 24<LI>Call Chain = HostLostCallback &rArr; USART_Force_Restart &rArr; R_SCI_UART_Abort
</UL>
<BR>[Calls]<UL><LI><a href="#[6a]">&gt;&gt;</a>&nbsp;&nbsp;&nbsp;USART_Force_Restart
</UL>
<BR>[Address Reference Count : 1]<UL><LI> vision.o(.text.Vision_Init)
</UL>
<P><STRONG><a name="[17]"></a>BT_RxCallback</STRONG> (Thumb, 392 bytes, Stack size 72 bytes, bluetooth.o(.text.BT_RxCallback))
<BR><BR>[Stack]<UL><LI>Max Depth = 72<LI>Call Chain = BT_RxCallback
</UL>
<BR>[Address Reference Count : 1]<UL><LI> bluetooth.o(.text.BT_Init)
</UL>
<P><STRONG><a name="[45]"></a>Bt_Pose_Try_Solve</STRONG> (Thumb, 208 bytes, Stack size 264 bytes, dummy_cmd.o(.text.Bt_Pose_Try_Solve))
<BR><BR>[Stack]<UL><LI>Max Depth = 780<LI>Call Chain = Bt_Pose_Try_Solve &rArr; Kinematic_SolveIK &rArr; __hardfp_sinf &rArr; __mathlib_rredf2
</UL>
<BR>[Calls]<UL><LI><a href="#[47]">&gt;&gt;</a>&nbsp;&nbsp;&nbsp;Kinematic_Select_Best_Sol
<LI><a href="#[46]">&gt;&gt;</a>&nbsp;&nbsp;&nbsp;Kinematic_SolveIK
</UL>
<BR>[Called By]<UL><LI><a href="#[56]">&gt;&gt;</a>&nbsp;&nbsp;&nbsp;DummyCmd_Task
</UL>

<P><STRONG><a name="[63]"></a>Dummy_Motormatic_MoveJ_Sync</STRONG> (Thumb, 208 bytes, Stack size 48 bytes, dummy_motormatic.o(.text.Dummy_Motormatic_MoveJ_Sync))
<BR><BR>[Stack]<UL><LI>Max Depth = 88<LI>Call Chain = Dummy_Motormatic_MoveJ_Sync &rArr; Joint_Motor_Set_Pos_With_SpeedLimit &rArr; CANTransmit &rArr; R_CANFD_Write
</UL>
<BR>[Calls]<UL><LI><a href="#[64]">&gt;&gt;</a>&nbsp;&nbsp;&nbsp;Joint_Motor_Set_Pos_With_SpeedLimit
</UL>
<BR>[Called By]<UL><LI><a href="#[65]">&gt;&gt;</a>&nbsp;&nbsp;&nbsp;Dummy_Motormatic_Task
</UL>

<P><STRONG><a name="[bf]"></a>prvUnlockQueue</STRONG> (Thumb, 114 bytes, Stack size 24 bytes, queue.o(.text.prvUnlockQueue))
<BR><BR>[Stack]<UL><LI>Max Depth = 40<LI>Call Chain = prvUnlockQueue &rArr; xTaskRemoveFromEventList
</UL>
<BR>[Calls]<UL><LI><a href="#[c1]">&gt;&gt;</a>&nbsp;&nbsp;&nbsp;vTaskMissedYield
<LI><a href="#[c0]">&gt;&gt;</a>&nbsp;&nbsp;&nbsp;xTaskRemoveFromEventList
<LI><a href="#[a9]">&gt;&gt;</a>&nbsp;&nbsp;&nbsp;vPortExitCritical
<LI><a href="#[a7]">&gt;&gt;</a>&nbsp;&nbsp;&nbsp;vPortEnterCritical
</UL>
<BR>[Called By]<UL><LI><a href="#[bd]">&gt;&gt;</a>&nbsp;&nbsp;&nbsp;vQueueWaitForMessageRestricted
<LI><a href="#[c3]">&gt;&gt;</a>&nbsp;&nbsp;&nbsp;xQueueSemaphoreTake
<LI><a href="#[be]">&gt;&gt;</a>&nbsp;&nbsp;&nbsp;xQueueReceive
<LI><a href="#[c4]">&gt;&gt;</a>&nbsp;&nbsp;&nbsp;xQueueGenericSend
</UL>

<P><STRONG><a name="[af]"></a>prvCopyDataToQueue</STRONG> (Thumb, 98 bytes, Stack size 16 bytes, queue.o(.text.prvCopyDataToQueue))
<BR><BR>[Stack]<UL><LI>Max Depth = 16<LI>Call Chain = prvCopyDataToQueue
</UL>
<BR>[Calls]<UL><LI><a href="#[49]">&gt;&gt;</a>&nbsp;&nbsp;&nbsp;__aeabi_memcpy
</UL>
<BR>[Called By]<UL><LI><a href="#[c8]">&gt;&gt;</a>&nbsp;&nbsp;&nbsp;xQueueGenericSendFromISR
<LI><a href="#[c4]">&gt;&gt;</a>&nbsp;&nbsp;&nbsp;xQueueGenericSend
</UL>

<P><STRONG><a name="[b3]"></a>prvInitialiseNewTask</STRONG> (Thumb, 136 bytes, Stack size 32 bytes, tasks.o(.text.prvInitialiseNewTask))
<BR><BR>[Stack]<UL><LI>Max Depth = 32<LI>Call Chain = prvInitialiseNewTask
</UL>
<BR>[Calls]<UL><LI><a href="#[b5]">&gt;&gt;</a>&nbsp;&nbsp;&nbsp;pxPortInitialiseStack
<LI><a href="#[b4]">&gt;&gt;</a>&nbsp;&nbsp;&nbsp;vListInitialiseItem
<LI><a href="#[b1]">&gt;&gt;</a>&nbsp;&nbsp;&nbsp;__aeabi_assert
</UL>
<BR>[Called By]<UL><LI><a href="#[96]">&gt;&gt;</a>&nbsp;&nbsp;&nbsp;xTaskCreateStatic
</UL>

<P><STRONG><a name="[a6]"></a>prvAddNewTaskToReadyList</STRONG> (Thumb, 296 bytes, Stack size 32 bytes, tasks.o(.text.prvAddNewTaskToReadyList))
<BR><BR>[Stack]<UL><LI>Max Depth = 32<LI>Call Chain = prvAddNewTaskToReadyList
</UL>
<BR>[Calls]<UL><LI><a href="#[a9]">&gt;&gt;</a>&nbsp;&nbsp;&nbsp;vPortExitCritical
<LI><a href="#[a7]">&gt;&gt;</a>&nbsp;&nbsp;&nbsp;vPortEnterCritical
<LI><a href="#[a8]">&gt;&gt;</a>&nbsp;&nbsp;&nbsp;vListInitialise
</UL>
<BR>[Called By]<UL><LI><a href="#[96]">&gt;&gt;</a>&nbsp;&nbsp;&nbsp;xTaskCreateStatic
</UL>

<P><STRONG><a name="[ae]"></a>prvDeleteTCB</STRONG> (Thumb, 56 bytes, Stack size 8 bytes, tasks.o(.text.prvDeleteTCB))
<BR><BR>[Stack]<UL><LI>Max Depth = 112<LI>Call Chain = prvDeleteTCB &rArr; vPortFree &rArr; xTaskResumeAll &rArr; xTaskIncrementTick
</UL>
<BR>[Calls]<UL><LI><a href="#[b0]">&gt;&gt;</a>&nbsp;&nbsp;&nbsp;vPortFree
<LI><a href="#[b1]">&gt;&gt;</a>&nbsp;&nbsp;&nbsp;__aeabi_assert
</UL>
<BR>[Called By]<UL><LI><a href="#[ad]">&gt;&gt;</a>&nbsp;&nbsp;&nbsp;prvCheckTasksWaitingTermination
</UL>

<P><STRONG><a name="[a3]"></a>prvAddCurrentTaskToDelayedList</STRONG> (Thumb, 164 bytes, Stack size 32 bytes, tasks.o(.text.prvAddCurrentTaskToDelayedList))
<BR><BR>[Stack]<UL><LI>Max Depth = 40<LI>Call Chain = prvAddCurrentTaskToDelayedList &rArr; vListInsert
</UL>
<BR>[Calls]<UL><LI><a href="#[a4]">&gt;&gt;</a>&nbsp;&nbsp;&nbsp;uxListRemove
<LI><a href="#[a5]">&gt;&gt;</a>&nbsp;&nbsp;&nbsp;vListInsert
</UL>
<BR>[Called By]<UL><LI><a href="#[d2]">&gt;&gt;</a>&nbsp;&nbsp;&nbsp;vTaskPlaceOnEventListRestricted
<LI><a href="#[d3]">&gt;&gt;</a>&nbsp;&nbsp;&nbsp;vTaskPlaceOnEventList
<LI><a href="#[9a]">&gt;&gt;</a>&nbsp;&nbsp;&nbsp;vTaskDelay
</UL>

<P><STRONG><a name="[22]"></a>prvIdleTask</STRONG> (Thumb, 46 bytes, Stack size 0 bytes, tasks.o(.text.prvIdleTask))
<BR><BR>[Stack]<UL><LI>Max Depth = 136<LI>Call Chain = prvIdleTask &rArr; prvCheckTasksWaitingTermination &rArr; prvDeleteTCB &rArr; vPortFree &rArr; xTaskResumeAll &rArr; xTaskIncrementTick
</UL>
<BR>[Calls]<UL><LI><a href="#[b2]">&gt;&gt;</a>&nbsp;&nbsp;&nbsp;vApplicationIdleHook
<LI><a href="#[ad]">&gt;&gt;</a>&nbsp;&nbsp;&nbsp;prvCheckTasksWaitingTermination
</UL>
<BR>[Address Reference Count : 1]<UL><LI> tasks.o(.text.vTaskStartScheduler)
</UL>
<P><STRONG><a name="[ad]"></a>prvCheckTasksWaitingTermination</STRONG> (Thumb, 78 bytes, Stack size 24 bytes, tasks.o(.text.prvCheckTasksWaitingTermination))
<BR><BR>[Stack]<UL><LI>Max Depth = 136<LI>Call Chain = prvCheckTasksWaitingTermination &rArr; prvDeleteTCB &rArr; vPortFree &rArr; xTaskResumeAll &rArr; xTaskIncrementTick
</UL>
<BR>[Calls]<UL><LI><a href="#[ae]">&gt;&gt;</a>&nbsp;&nbsp;&nbsp;prvDeleteTCB
<LI><a href="#[a4]">&gt;&gt;</a>&nbsp;&nbsp;&nbsp;uxListRemove
<LI><a href="#[a9]">&gt;&gt;</a>&nbsp;&nbsp;&nbsp;vPortExitCritical
<LI><a href="#[a7]">&gt;&gt;</a>&nbsp;&nbsp;&nbsp;vPortEnterCritical
</UL>
<BR>[Called By]<UL><LI><a href="#[22]">&gt;&gt;</a>&nbsp;&nbsp;&nbsp;prvIdleTask
</UL>

<P><STRONG><a name="[aa]"></a>prvCheckForValidListAndQueue</STRONG> (Thumb, 116 bytes, Stack size 24 bytes, timers.o(.text.prvCheckForValidListAndQueue))
<BR><BR>[Stack]<UL><LI>Max Depth = 72<LI>Call Chain = prvCheckForValidListAndQueue &rArr; xQueueGenericCreateStatic &rArr; xQueueGenericReset &rArr; xTaskRemoveFromEventList
</UL>
<BR>[Calls]<UL><LI><a href="#[ac]">&gt;&gt;</a>&nbsp;&nbsp;&nbsp;vQueueAddToRegistry
<LI><a href="#[ab]">&gt;&gt;</a>&nbsp;&nbsp;&nbsp;xQueueGenericCreateStatic
<LI><a href="#[a9]">&gt;&gt;</a>&nbsp;&nbsp;&nbsp;vPortExitCritical
<LI><a href="#[a7]">&gt;&gt;</a>&nbsp;&nbsp;&nbsp;vPortEnterCritical
<LI><a href="#[a8]">&gt;&gt;</a>&nbsp;&nbsp;&nbsp;vListInitialise
</UL>
<BR>[Called By]<UL><LI><a href="#[d5]">&gt;&gt;</a>&nbsp;&nbsp;&nbsp;xTimerCreateTimerTask
</UL>

<P><STRONG><a name="[23]"></a>prvTimerTask</STRONG> (Thumb, 384 bytes, Stack size 16 bytes, timers.o(.text.prvTimerTask))
<BR><BR>[Stack]<UL><LI>Max Depth = 144<LI>Call Chain = prvTimerTask &rArr; xQueueReceive &rArr; xTaskResumeAll &rArr; xTaskIncrementTick
</UL>
<BR>[Calls]<UL><LI><a href="#[b7]">&gt;&gt;</a>&nbsp;&nbsp;&nbsp;prvProcessExpiredTimer
<LI><a href="#[b9]">&gt;&gt;</a>&nbsp;&nbsp;&nbsp;prvSampleTimeNow
<LI><a href="#[bd]">&gt;&gt;</a>&nbsp;&nbsp;&nbsp;vQueueWaitForMessageRestricted
<LI><a href="#[be]">&gt;&gt;</a>&nbsp;&nbsp;&nbsp;xQueueReceive
<LI><a href="#[a4]">&gt;&gt;</a>&nbsp;&nbsp;&nbsp;uxListRemove
<LI><a href="#[b0]">&gt;&gt;</a>&nbsp;&nbsp;&nbsp;vPortFree
<LI><a href="#[bc]">&gt;&gt;</a>&nbsp;&nbsp;&nbsp;xTaskResumeAll
<LI><a href="#[bb]">&gt;&gt;</a>&nbsp;&nbsp;&nbsp;vTaskSuspendAll
<LI><a href="#[b1]">&gt;&gt;</a>&nbsp;&nbsp;&nbsp;__aeabi_assert
<LI><a href="#[b8]">&gt;&gt;</a>&nbsp;&nbsp;&nbsp;prvReloadTimer
<LI><a href="#[b6]">&gt;&gt;</a>&nbsp;&nbsp;&nbsp;prvInsertTimerInActiveList
</UL>
<BR>[Address Reference Count : 1]<UL><LI> timers.o(.text.xTimerCreateTimerTask)
</UL>
<P><STRONG><a name="[b9]"></a>prvSampleTimeNow</STRONG> (Thumb, 86 bytes, Stack size 24 bytes, timers.o(.text.prvSampleTimeNow))
<BR><BR>[Stack]<UL><LI>Max Depth = 72<LI>Call Chain = prvSampleTimeNow &rArr; prvProcessExpiredTimer &rArr; prvReloadTimer &rArr; prvInsertTimerInActiveList &rArr; vListInsert
</UL>
<BR>[Calls]<UL><LI><a href="#[b7]">&gt;&gt;</a>&nbsp;&nbsp;&nbsp;prvProcessExpiredTimer
<LI><a href="#[ba]">&gt;&gt;</a>&nbsp;&nbsp;&nbsp;xTaskGetTickCount
</UL>
<BR>[Called By]<UL><LI><a href="#[23]">&gt;&gt;</a>&nbsp;&nbsp;&nbsp;prvTimerTask
</UL>

<P><STRONG><a name="[b7]"></a>prvProcessExpiredTimer</STRONG> (Thumb, 64 bytes, Stack size 16 bytes, timers.o(.text.prvProcessExpiredTimer))
<BR><BR>[Stack]<UL><LI>Max Depth = 48<LI>Call Chain = prvProcessExpiredTimer &rArr; prvReloadTimer &rArr; prvInsertTimerInActiveList &rArr; vListInsert
</UL>
<BR>[Calls]<UL><LI><a href="#[a4]">&gt;&gt;</a>&nbsp;&nbsp;&nbsp;uxListRemove
<LI><a href="#[b8]">&gt;&gt;</a>&nbsp;&nbsp;&nbsp;prvReloadTimer
</UL>
<BR>[Called By]<UL><LI><a href="#[b9]">&gt;&gt;</a>&nbsp;&nbsp;&nbsp;prvSampleTimeNow
<LI><a href="#[23]">&gt;&gt;</a>&nbsp;&nbsp;&nbsp;prvTimerTask
</UL>

<P><STRONG><a name="[b6]"></a>prvInsertTimerInActiveList</STRONG> (Thumb, 64 bytes, Stack size 8 bytes, timers.o(.text.prvInsertTimerInActiveList))
<BR><BR>[Stack]<UL><LI>Max Depth = 16<LI>Call Chain = prvInsertTimerInActiveList &rArr; vListInsert
</UL>
<BR>[Calls]<UL><LI><a href="#[a5]">&gt;&gt;</a>&nbsp;&nbsp;&nbsp;vListInsert
</UL>
<BR>[Called By]<UL><LI><a href="#[23]">&gt;&gt;</a>&nbsp;&nbsp;&nbsp;prvTimerTask
<LI><a href="#[b8]">&gt;&gt;</a>&nbsp;&nbsp;&nbsp;prvReloadTimer
</UL>

<P><STRONG><a name="[b8]"></a>prvReloadTimer</STRONG> (Thumb, 46 bytes, Stack size 16 bytes, timers.o(.text.prvReloadTimer))
<BR><BR>[Stack]<UL><LI>Max Depth = 32<LI>Call Chain = prvReloadTimer &rArr; prvInsertTimerInActiveList &rArr; vListInsert
</UL>
<BR>[Calls]<UL><LI><a href="#[b6]">&gt;&gt;</a>&nbsp;&nbsp;&nbsp;prvInsertTimerInActiveList
</UL>
<BR>[Called By]<UL><LI><a href="#[b7]">&gt;&gt;</a>&nbsp;&nbsp;&nbsp;prvProcessExpiredTimer
<LI><a href="#[23]">&gt;&gt;</a>&nbsp;&nbsp;&nbsp;prvTimerTask
</UL>

<P><STRONG><a name="[8c]"></a>SystemRuntimeInit</STRONG> (Thumb, 90 bytes, Stack size 24 bytes, system.o(.text.SystemRuntimeInit))
<BR><BR>[Stack]<UL><LI>Max Depth = 24<LI>Call Chain = SystemRuntimeInit
</UL>
<BR>[Calls]<UL><LI><a href="#[42]">&gt;&gt;</a>&nbsp;&nbsp;&nbsp;__aeabi_memclr4
<LI><a href="#[5f]">&gt;&gt;</a>&nbsp;&nbsp;&nbsp;__aeabi_memcpy4
</UL>
<BR>[Called By]<UL><LI><a href="#[88]">&gt;&gt;</a>&nbsp;&nbsp;&nbsp;SystemInit
</UL>

<P><STRONG><a name="[82]"></a>r_canfd_mode_transition</STRONG> (Thumb, 300 bytes, Stack size 16 bytes, r_canfd.o(.text.r_canfd_mode_transition))
<BR><BR>[Stack]<UL><LI>Max Depth = 16<LI>Call Chain = r_canfd_mode_transition
</UL>
<BR>[Called By]<UL><LI><a href="#[3e]">&gt;&gt;</a>&nbsp;&nbsp;&nbsp;R_CANFD_Open
</UL>

<P><STRONG><a name="[94]"></a>r_canfd_mb_read</STRONG> (Thumb, 144 bytes, Stack size 8 bytes, r_canfd.o(.text.r_canfd_mb_read))
<BR><BR>[Stack]<UL><LI>Max Depth = 8<LI>Call Chain = r_canfd_mb_read
</UL>
<BR>[Called By]<UL><LI><a href="#[d]">&gt;&gt;</a>&nbsp;&nbsp;&nbsp;canfd_common_fifo_rx_isr
<LI><a href="#[e]">&gt;&gt;</a>&nbsp;&nbsp;&nbsp;canfd_rx_fifo_isr
</UL>

<P><STRONG><a name="[84]"></a>r_dtc_set_info</STRONG> (Thumb, 68 bytes, Stack size 0 bytes, r_dtc.o(.text.r_dtc_set_info))
<BR><BR>[Called By]<UL><LI><a href="#[26]">&gt;&gt;</a>&nbsp;&nbsp;&nbsp;R_DTC_Reconfigure
<LI><a href="#[25]">&gt;&gt;</a>&nbsp;&nbsp;&nbsp;R_DTC_Open
</UL>

<P><STRONG><a name="[85]"></a>r_ioport_pins_config</STRONG> (Thumb, 192 bytes, Stack size 16 bytes, r_ioport.o(.text.r_ioport_pins_config))
<BR><BR>[Stack]<UL><LI>Max Depth = 64<LI>Call Chain = r_ioport_pins_config &rArr; bsp_vbatt_init &rArr; R_BSP_RegisterProtectDisable
</UL>
<BR>[Calls]<UL><LI><a href="#[93]">&gt;&gt;</a>&nbsp;&nbsp;&nbsp;bsp_vbatt_init
</UL>
<BR>[Called By]<UL><LI><a href="#[81]">&gt;&gt;</a>&nbsp;&nbsp;&nbsp;R_IOPORT_Open
</UL>

<P><STRONG><a name="[93]"></a>bsp_vbatt_init</STRONG> (Thumb, 204 bytes, Stack size 40 bytes, r_ioport.o(.text.bsp_vbatt_init))
<BR><BR>[Stack]<UL><LI>Max Depth = 48<LI>Call Chain = bsp_vbatt_init &rArr; R_BSP_RegisterProtectDisable
</UL>
<BR>[Calls]<UL><LI><a href="#[7c]">&gt;&gt;</a>&nbsp;&nbsp;&nbsp;R_BSP_SoftwareDelay
<LI><a href="#[7e]">&gt;&gt;</a>&nbsp;&nbsp;&nbsp;R_BSP_RegisterProtectEnable
<LI><a href="#[7d]">&gt;&gt;</a>&nbsp;&nbsp;&nbsp;R_BSP_RegisterProtectDisable
</UL>
<BR>[Called By]<UL><LI><a href="#[85]">&gt;&gt;</a>&nbsp;&nbsp;&nbsp;r_ioport_pins_config
</UL>

<P><STRONG><a name="[87]"></a>r_sci_uart_transfer_configure</STRONG> (Thumb, 66 bytes, Stack size 8 bytes, r_sci_uart.o(.text.r_sci_uart_transfer_configure))
<BR><BR>[Stack]<UL><LI>Max Depth = 8<LI>Call Chain = r_sci_uart_transfer_configure
</UL>
<BR>[Called By]<UL><LI><a href="#[86]">&gt;&gt;</a>&nbsp;&nbsp;&nbsp;R_SCI_UART_Open
</UL>

<P><STRONG><a name="[c5]"></a>r_sci_uart_call_callback</STRONG> (Thumb, 64 bytes, Stack size 32 bytes, r_sci_uart.o(.text.r_sci_uart_call_callback))
<BR><BR>[Stack]<UL><LI>Max Depth = 32<LI>Call Chain = r_sci_uart_call_callback
</UL>
<BR>[Called By]<UL><LI><a href="#[12]">&gt;&gt;</a>&nbsp;&nbsp;&nbsp;sci_uart_eri_isr
<LI><a href="#[11]">&gt;&gt;</a>&nbsp;&nbsp;&nbsp;sci_uart_tei_isr
<LI><a href="#[f]">&gt;&gt;</a>&nbsp;&nbsp;&nbsp;sci_uart_rxi_isr
<LI><a href="#[10]">&gt;&gt;</a>&nbsp;&nbsp;&nbsp;sci_uart_txi_isr
</UL>

<P><STRONG><a name="[20]"></a>prvTaskExitError</STRONG> (Thumb, 6 bytes, Stack size 0 bytes, port.o(.text.prvTaskExitError))
<BR>[Address Reference Count : 1]<UL><LI> port.o(.text.pxPortInitialiseStack)
</UL>
<P><STRONG><a name="[1e]"></a>daemon_task_func</STRONG> (Thumb, 18 bytes, Stack size 8 bytes, daemon_task.o(.text.daemon_task_func))
<BR><BR>[Stack]<UL><LI>Max Depth = 160<LI>Call Chain = daemon_task_func &rArr; rtos_startup_common_init &rArr; xQueueGenericSend &rArr; xTaskResumeAll &rArr; xTaskIncrementTick
</UL>
<BR>[Calls]<UL><LI><a href="#[98]">&gt;&gt;</a>&nbsp;&nbsp;&nbsp;daemon_task_entry
<LI><a href="#[9b]">&gt;&gt;</a>&nbsp;&nbsp;&nbsp;rtos_startup_common_init
</UL>
<BR>[Address Reference Count : 1]<UL><LI> daemon_task.o(.text.daemon_task_create)
</UL>
<P><STRONG><a name="[1f]"></a>motor_ctrl_task_func</STRONG> (Thumb, 18 bytes, Stack size 8 bytes, motor_ctrl_task.o(.text.motor_ctrl_task_func))
<BR><BR>[Stack]<UL><LI>Max Depth = 652<LI>Call Chain = motor_ctrl_task_func &rArr; motor_ctrl_task_entry &rArr; Dummy_Motormatic_Task &rArr; Dummy_Joint_Update &rArr; Kinematic_SolveFK &rArr; __hardfp_sinf &rArr; __mathlib_rredf2
</UL>
<BR>[Calls]<UL><LI><a href="#[a2]">&gt;&gt;</a>&nbsp;&nbsp;&nbsp;motor_ctrl_task_entry
<LI><a href="#[9b]">&gt;&gt;</a>&nbsp;&nbsp;&nbsp;rtos_startup_common_init
</UL>
<BR>[Address Reference Count : 1]<UL><LI> motor_ctrl_task.o(.text.motor_ctrl_task_create)
</UL>
<P><STRONG><a name="[21]"></a>robot_task_func</STRONG> (Thumb, 18 bytes, Stack size 8 bytes, robot_task.o(.text.robot_task_func))
<BR><BR>[Stack]<UL><LI>Max Depth = 932<LI>Call Chain = robot_task_func &rArr; robot_task_entry &rArr; DummyCmd_Task &rArr; Bt_Pose_Try_Solve &rArr; Kinematic_SolveIK &rArr; __hardfp_sinf &rArr; __mathlib_rredf2
</UL>
<BR>[Calls]<UL><LI><a href="#[c2]">&gt;&gt;</a>&nbsp;&nbsp;&nbsp;robot_task_entry
<LI><a href="#[9b]">&gt;&gt;</a>&nbsp;&nbsp;&nbsp;rtos_startup_common_init
</UL>
<BR>[Address Reference Count : 1]<UL><LI> robot_task.o(.text.robot_task_create)
</UL><P>
<H3>
Undefined Global Symbols
</H3><HR></body></html>
