<html>
<body>
<pre>
<h1>µVision Build Log</h1>
<h2>Tool Versions:</h2>
IDE-Version: ¦ÌVision V5.42.0.0
Copyright (C) 2025 ARM Ltd and ARM Germany GmbH. All rights reserved.
License Information: 1 Xiong Sir, 1, LIC=32B1Q-NUCLP-SB5EJ-UV4SL-2HWE9-SA8G2
 
Tool Versions:
Toolchain:       MDK-ARM Plus  Version: 5.42.0.0
Toolchain Path:  D:\keil5 c51+stm32\ARM\PACK\ARM\ARMCLANG\Bin
C Compiler:      ArmClang.exe V6.23
Assembler:       Armasm.exe V6.23
Linker/Locator:  ArmLink.exe V6.23
Library Manager: ArmAr.exe V6.23
Hex Converter:   FromElf.exe V6.23
CPU DLL:         SARMV8M.DLL V5.42.0.0
Dialog DLL:      DCM.DLL V1.17.5.0
Target DLL:      CMSIS_AGDI_V8M.DLL V1.8.6.0
Dialog DLL:      TCM.DLL V1.56.6.0
 
<h2>Project:</h2>
c:\Users\Xiong Sir\Desktop\Renesas_Dummy\FSP_Project.uvprojx
Project File Date:  06/26/2026

<h2>Output:</h2>
*** Using Compiler 'V6.23', folder: 'D:\keil5 c51+stm32\ARM\PACK\ARM\ARMCLANG\Bin'
Build target 'Target_1'
Before Build - User command #1: cmd /c ""c:\Users\Xiong Sir\Desktop\Renesas_Dummy\rasc_launcher.bat" "c:\Users\Xiong Sir\Desktop\Renesas_Dummy\rasc_version.txt" -nosplash --launcher.suppressErrors --generate --compiler ARMv6 --devicefamily ra "c:\Users\Xiong Sir\Desktop\Renesas_Dummy\configuration.xml" 2> "%TEMP%\rasc_stderr.out" && echo. > "c:\Users\Xiong Sir\Desktop\Renesas_Dummy\output.rasc""
[INFO] Input file "c:\Users\Xiong Sir\Desktop\Renesas_Dummy\configuration.xml" is older than output file "c:\Users\Xiong Sir\Desktop\Renesas_Dummy\output.rasc". Skipping RASC invocation.
application/dummy_cmd.c(28): warning: unused variable 'bt_rx_data' [-Wunused-variable]
   28 | static RX_BT_Data_s *bt_rx_data;
      |                      ^~~~~~~~~~
application/dummy_cmd.c(39): warning: unused function 'DummyCmd_FKIK_Test_Send' [-Wunused-function]
   39 | static void DummyCmd_FKIK_Test_Send(void);
      |             ^~~~~~~~~~~~~~~~~~~~~~~
application/dummy_cmd.c(415): warning: unused function 'Bt_Set_FeedData' [-Wunused-function]
  415 | static void Bt_Set_FeedData(void)
      |             ^~~~~~~~~~~~~~~
3 warnings generated.
compiling dummy_cmd.c...
compiling step_motor.c...
linking...
Program Size: Code=31924 RO-data=3772 RW-data=340 ZI-data=21736  
FromELF: creating hex file...
After Build - User command #1: cmd /c ""c:\Users\Xiong Sir\Desktop\Renesas_Dummy\rasc_launcher.bat" "c:\Users\Xiong Sir\Desktop\Renesas_Dummy\rasc_version.txt" -nosplash --launcher.suppressErrors --gensmartbundle --compiler ARMv6 --devicefamily ra "c:\Users\Xiong Sir\Desktop\Renesas_Dummy\configuration.xml" "c:\Users\Xiong Sir\Desktop\Renesas_Dummy\Objects\FSP_Project.axf" 2> "%TEMP%\rasc_stderr.out""
[INFO] Input file "c:\Users\Xiong Sir\Desktop\Renesas_Dummy\Objects\FSP_Project.axf" is newer than output file "c:\Users\Xiong Sir\Desktop\Renesas_Dummy\Objects\FSP_Project.sbd". Proceeding with RASC invocation...
Generating Smart Bundle..
".\Objects\FSP_Project.axf" - 0 Error(s), 3 Warning(s).

<h2>Software Packages used:</h2>

Package Vendor: Renesas
                
                Renesas::Project Content@1.0.0
                Project content managed by the Renesas Smart Configurator
   * Component: Build Configuration Version: 
   * Component: ra Version: 
   * Component: Generated Data Version: 
   * Component: Linker Script Version: 

Package Vendor: Renesas
                https://www2.renesas.eu/Keil_MDK_Packs/Renesas.RA_DFP.6.3.0.pack
                Renesas::RA_DFP@6.3.0
                Renesas RA series device family pack
   * Component: RA Configuration Version: 1.0.0

<h2>Collection of Component include folders:</h2>
  ./RTE/_Target_1
  ./ra/arm/CMSIS_6/CMSIS/Core/Include
  ./ra/aws/FreeRTOS/FreeRTOS/Source/include
  ./ra/fsp/inc
  ./ra/fsp/inc/api
  ./ra/fsp/inc/instances
  ./ra/fsp/src/r_usb_basic/src/driver/inc
  ./ra/fsp/src/rm_freertos_port
  ./ra_cfg/aws
  ./ra_cfg/fsp_cfg
  ./ra_cfg/fsp_cfg/bsp
  ./ra_gen
  C:/Users/Xiong Sir/Desktop/Renesas_Dummy

<h2>Collection of Component Files used:</h2>

   * Component: Renesas::Flex Software:Build Configuration
      Include file:  ra_cfg/fsp_cfg/bsp/bsp_mcu_device_pn_cfg.h
      Include file:  ra_cfg/aws/FreeRTOSConfig.h
      Include file:  ra_cfg/fsp_cfg/r_ioport_cfg.h
      Include file:  ra_cfg/fsp_cfg/bsp/bsp_mcu_device_cfg.h
      Include file:  ra_cfg/fsp_cfg/bsp/board_cfg.h
      Include file:  ra_cfg/fsp_cfg/bsp/bsp_cfg.h
      Include file:  ra_cfg/fsp_cfg/r_sci_uart_cfg.h
      Include file:  ra_cfg/fsp_cfg/r_usb_basic_cfg.h
      Include file:  ra_cfg/fsp_cfg/r_usb_pcdc_cfg.h
      Include file:  ra_cfg/fsp_cfg/bsp/bsp_pin_cfg.h
      Include file:  ra_cfg/fsp_cfg/r_canfd_cfg.h
      Include file:  ra_cfg/fsp_cfg/bsp/bsp_mcu_family_cfg.h
      Include file:  ra_cfg/fsp_cfg/bsp/bsp_mcu_ofs_cfg.h
      Include file:  ra_cfg/fsp_cfg/r_usb_class_cfg.h
      Include file:  ra_cfg/fsp_cfg/r_dtc_cfg.h

   * Component: Renesas::Flex Software:Components:ra
      Include file:  ra/arm/CMSIS_6/CMSIS/Core/Include/cmsis_clang.h
      Include file:  ra/arm/CMSIS_6/CMSIS/Core/Include/cmsis_compiler.h
      Include file:  ra/arm/CMSIS_6/CMSIS/Core/Include/a-profile/cmsis_armclang_a.h
      Include file:  ra/arm/CMSIS_6/CMSIS/Core/Include/cmsis_version.h
      Include file:  ra/arm/CMSIS_6/CMSIS/Core/Include/core_ca.h
      Include file:  ra/arm/CMSIS_6/CMSIS/Core/Include/a-profile/cmsis_cp15.h
      Include file:  ra/arm/CMSIS_6/CMSIS/Core/Include/cmsis_gcc.h
      Include file:  ra/arm/CMSIS_6/CMSIS/Core/Include/a-profile/cmsis_clang_a.h
      Include file:  ra/arm/CMSIS_6/CMSIS/Core/Include/a-profile/cmsis_iccarm_a.h
      Include file:  ra/arm/CMSIS_6/CMSIS/Core/Include/a-profile/irq_ctrl.h
      Include file:  ra/arm/CMSIS_6/CMSIS/Core/Include/a-profile/cmsis_gcc_a.h
      Include file:  ra/arm/CMSIS_6/CMSIS/Core/Include/cmsis_armclang.h
      Include file:  ra/arm/CMSIS_6/CMSIS/Core/Include/r-profile/cmsis_armclang_r.h
      Include file:  ra/arm/CMSIS_6/CMSIS/Core/Include/core_starmc1.h
      Include file:  ra/arm/CMSIS_6/CMSIS/Core/Include/core_cm4.h
      Include file:  ra/arm/CMSIS_6/CMSIS/Core/Include/core_cm85.h
      Include file:  ra/arm/CMSIS_6/CMSIS/Core/Include/core_cm3.h
      Include file:  ra/arm/CMSIS_6/CMSIS/Core/Include/core_sc300.h
      Include file:  ra/arm/CMSIS_6/CMSIS/Core/Include/core_cm23.h
      Include file:  ra/arm/CMSIS_6/CMSIS/Core/Include/core_cm33.h
      Include file:  ra/arm/CMSIS_6/CMSIS/Core/Include/core_cm55.h
      Include file:  ra/arm/CMSIS_6/CMSIS/Core/Include/core_cm1.h
      Include file:  ra/arm/CMSIS_6/CMSIS/Core/Include/core_cm52.h
      Include file:  ra/arm/CMSIS_6/CMSIS/Core/Include/m-profile/armv7m_cachel1.h
      Include file:  ra/arm/CMSIS_6/CMSIS/Core/Include/m-profile/armv81m_pac.h
      Include file:  ra/arm/CMSIS_6/CMSIS/Core/Include/m-profile/cmsis_armclang_m.h
      Include file:  ra/arm/CMSIS_6/CMSIS/Core/Include/m-profile/armv8m_pmu.h
      Include file:  ra/arm/CMSIS_6/CMSIS/Core/Include/m-profile/cmsis_clang_m.h
      Include file:  ra/arm/CMSIS_6/CMSIS/Core/Include/core_sc000.h
      Include file:  ra/arm/CMSIS_6/CMSIS/Core/Include/core_cm0plus.h
      Include file:  ra/arm/CMSIS_6/CMSIS/Core/Include/m-profile/cmsis_iccarm_m.h
      Include file:  ra/arm/CMSIS_6/CMSIS/Core/Include/m-profile/cmsis_gcc_m.h
      Include file:  ra/arm/CMSIS_6/CMSIS/Core/Include/r-profile/cmsis_gcc_r.h
      Include file:  ra/arm/CMSIS_6/CMSIS/Core/Include/tz_context.h
      Source file:   ra/aws/FreeRTOS/FreeRTOS/Source/event_groups.c
      Include file:  ra/aws/FreeRTOS/FreeRTOS/Source/include/atomic.h
      Include file:  ra/arm/CMSIS_6/CMSIS/Core/Include/m-profile/armv7m_mpu.h
      Include file:  ra/arm/CMSIS_6/CMSIS/Core/Include/core_cm0.h
      Include file:  ra/arm/CMSIS_6/CMSIS/Core/Include/core_cm35p.h
      Include file:  ra/arm/CMSIS_6/CMSIS/Core/Include/m-profile/armv8m_mpu.h
      Include file:  ra/arm/CMSIS_6/CMSIS/Core/Include/r-profile/cmsis_clang_r.h
      Include file:  ra/arm/CMSIS_6/CMSIS/Core/Include/core_cm7.h
      Include file:  ra/arm/CMSIS_6/CMSIS/Core/Include/m-profile/cmsis_tiarmclang_m.h
      Include file:  ra/aws/FreeRTOS/FreeRTOS/Source/include/task.h
      Source file:   ra/aws/FreeRTOS/FreeRTOS/Source/list.c
      Source file:   ra/aws/FreeRTOS/FreeRTOS/Source/portable/MemMang/heap_4.c
      Include file:  ra/fsp/inc/api/fsp_common_api.h
      Include file:  ra/aws/FreeRTOS/FreeRTOS/Source/include/event_groups.h
      Include file:  ra/aws/FreeRTOS/FreeRTOS/Source/include/timers.h
      Include file:  ra/fsp/inc/api/r_can_api.h
      Include file:  ra/aws/FreeRTOS/FreeRTOS/Source/include/mpu_prototypes.h
      Source file:   ra/aws/FreeRTOS/FreeRTOS/Source/queue.c
      Include file:  ra/aws/FreeRTOS/FreeRTOS/Source/include/deprecated_definitions.h
      Include file:  ra/fsp/inc/api/bsp_api.h
      Include file:  ra/aws/FreeRTOS/FreeRTOS/Source/include/portable.h
      Include file:  ra/aws/FreeRTOS/FreeRTOS/Source/include/croutine.h
      Include file:  ra/aws/FreeRTOS/FreeRTOS/Source/include/newlib-freertos.h
      Source file:   ra/aws/FreeRTOS/FreeRTOS/Source/tasks.c
      Include file:  ra/aws/FreeRTOS/FreeRTOS/Source/include/stream_buffer.h
      Include file:  ra/aws/FreeRTOS/FreeRTOS/Source/include/picolibc-freertos.h
      Include file:  ra/aws/FreeRTOS/FreeRTOS/Source/include/queue.h
      Include file:  ra/aws/FreeRTOS/FreeRTOS/Source/include/semphr.h
      Include file:  ra/aws/FreeRTOS/FreeRTOS/Source/include/stack_macros.h
      Include file:  ra/aws/FreeRTOS/FreeRTOS/Source/include/FreeRTOS.h
      Source file:   ra/aws/FreeRTOS/FreeRTOS/Source/stream_buffer.c
      Include file:  ra/fsp/inc/api/r_ioport_api.h
      Include file:  ra/fsp/inc/api/r_transfer_api.h
      Include file:  ra/aws/FreeRTOS/FreeRTOS/Source/include/projdefs.h
      Include file:  ra/fsp/inc/api/r_uart_api.h
      Source file:   ra/aws/FreeRTOS/FreeRTOS/Source/timers.c
      Include file:  ra/aws/FreeRTOS/FreeRTOS/Source/include/list.h
      Include file:  ra/aws/FreeRTOS/FreeRTOS/Source/include/message_buffer.h
      Include file:  ra/aws/FreeRTOS/FreeRTOS/Source/include/mpu_wrappers.h
      Include file:  ra/fsp/src/bsp/mcu/all/bsp_delay.h
      Include file:  ra/fsp/src/bsp/mcu/all/bsp_io.h
      Source file:   ra/fsp/src/bsp/mcu/all/bsp_irq.c
      Include file:  ra/fsp/src/bsp/mcu/all/bsp_group_irq.h
      Include file:  ra/fsp/src/bsp/cmsis/Device/RENESAS/Include/R7FA6M5BH.h
      Include file:  ra/fsp/inc/instances/r_ioport.h
      Include file:  ra/fsp/src/bsp/cmsis/Device/RENESAS/Include/renesas.h
      Include file:  ra/fsp/src/bsp/cmsis/Device/RENESAS/Include/system.h
      Source file:   ra/fsp/src/bsp/mcu/all/bsp_common.c
      Include file:  ra/fsp/inc/instances/r_dtc.h
      Include file:  ra/fsp/inc/api/r_usb_basic_api.h
      Source file:   ra/fsp/src/bsp/mcu/all/bsp_clocks.c
      Include file:  ra/fsp/src/bsp/mcu/all/bsp_compiler_support.h
      Include file:  ra/fsp/src/bsp/mcu/all/bsp_guard.h
      Source file:   ra/fsp/src/bsp/cmsis/Device/RENESAS/Source/startup.c
      Include file:  ra/fsp/inc/fsp_version.h
      Include file:  ra/fsp/inc/instances/r_usb_basic.h
      Include file:  ra/fsp/inc/fsp_features.h
      Source file:   ra/fsp/src/bsp/cmsis/Device/RENESAS/Source/system.c
      Include file:  ra/fsp/src/bsp/mcu/all/bsp_clocks.h
      Include file:  ra/fsp/inc/api/r_usb_pcdc_api.h
      Source file:   ra/fsp/src/bsp/mcu/all/bsp_io.c
      Source file:   ra/fsp/src/bsp/mcu/all/bsp_ipc.c
      Include file:  ra/fsp/src/bsp/mcu/all/bsp_irq.h
      Include file:  ra/fsp/inc/instances/r_sci_uart.h
      Source file:   ra/fsp/src/bsp/mcu/all/bsp_group_irq.c
      Include file:  ra/fsp/src/bsp/mcu/all/bsp_ipc.h
      Include file:  ra/fsp/src/bsp/mcu/all/bsp_exceptions.h
      Include file:  ra/fsp/inc/instances/r_canfd.h
      Include file:  ra/fsp/src/bsp/mcu/all/bsp_common.h
      Source file:   ra/fsp/src/bsp/mcu/all/bsp_guard.c
      Source file:   ra/fsp/src/bsp/mcu/all/bsp_delay.c
      Source file:   ra/fsp/src/r_usb_basic/r_usb_basic.c
      Include file:  ra/fsp/src/r_usb_basic/src/driver/inc/r_usb_extern.h
      Source file:   ra/fsp/src/bsp/mcu/all/bsp_sdram.c
      Source file:   ra/fsp/src/bsp/mcu/all/bsp_security.c
      Include file:  ra/fsp/src/bsp/mcu/all/bsp_security.h
      Include file:  ra/fsp/src/bsp/mcu/ra6m5/bsp_peripheral.h
      Include file:  ra/fsp/src/rm_freertos_port/portmacro.h
      Include file:  ra/fsp/src/bsp/mcu/all/bsp_module_stop.h
      Include file:  ra/fsp/src/bsp/mcu/all/bsp_macl.h
      Include file:  ra/fsp/src/bsp/mcu/all/bsp_ospi_b.h
      Include file:  ra/fsp/src/bsp/mcu/ra6m5/bsp_mcu_info.h
      Source file:   ra/fsp/src/r_dtc/r_dtc.c
      Source file:   ra/fsp/src/bsp/mcu/all/bsp_ospi_b.c
      Source file:   ra/fsp/src/r_sci_uart/r_sci_uart.c
      Include file:  ra/fsp/src/bsp/mcu/ra6m5/bsp_feature.h
      Include file:  ra/fsp/src/bsp/mcu/all/bsp_mmf.h
      Include file:  ra/fsp/src/r_usb_basic/src/driver/inc/r_usb_basic_define.h
      Include file:  ra/fsp/src/r_usb_basic/src/driver/inc/r_usb_typedef.h
      Source file:   ra/fsp/src/r_usb_basic/src/driver/r_usb_cdataio.c
      Include file:  ra/fsp/src/bsp/mcu/all/bsp_sdram.h
      Source file:   ra/fsp/src/bsp/mcu/all/bsp_register_protection.c
      Include file:  ra/fsp/src/r_usb_basic/src/driver/inc/r_usb_cstd_rtos.h
      Include file:  ra/fsp/src/bsp/mcu/all/bsp_mcu_api.h
      Include file:  ra/fsp/src/bsp/mcu/all/bsp_register_protection.h
      Source file:   ra/fsp/src/bsp/mcu/all/bsp_sbrk.c
      Include file:  ra/fsp/src/bsp/mcu/ra6m5/bsp_elc.h
      Source file:   ra/fsp/src/rm_freertos_port/port.c
      Source file:   ra/fsp/src/bsp/mcu/ra6m5/bsp_linker.c
      Source file:   ra/fsp/src/bsp/mcu/all/bsp_macl.c
      Source file:   ra/fsp/src/r_canfd/r_canfd.c
      Source file:   ra/fsp/src/r_ioport/r_ioport.c
      Include file:  ra/fsp/src/bsp/mcu/all/bsp_tfu.h
      Source file:   ra/fsp/src/r_usb_basic/src/driver/r_usb_plibusbip.c
      Source file:   ra/fsp/src/r_usb_basic/src/hw/r_usb_creg_abs.c
      Source file:   ra/fsp/src/r_usb_basic/src/hw/r_usb_hreg_access.c
      Include file:  ra/fsp/src/r_usb_basic/src/hw/inc/r_usb_bitdefine.h
      Include file:  ra/fsp/src/r_usb_basic/src/hw/inc/r_usb_reg_access.h
      Source file:   ra/fsp/src/r_usb_basic/src/driver/r_usb_hintfifo.c
      Source file:   ra/fsp/src/r_usb_basic/src/driver/r_usb_hscheduler.c
      Source file:   ra/fsp/src/r_usb_basic/src/driver/r_usb_hstdfunction.c
      Source file:   ra/fsp/src/r_usb_basic/src/driver/r_usb_pdriver.c
      Source file:   ra/fsp/src/r_usb_basic/src/driver/r_usb_hdriver.c
      Source file:   ra/fsp/src/r_usb_basic/src/driver/r_usb_hmanager.c
      Source file:   ra/fsp/src/r_usb_basic/src/driver/r_usb_psignal.c
      Source file:   ra/fsp/src/r_usb_basic/src/driver/r_usb_clibusbip.c
      Source file:   ra/fsp/src/r_usb_basic/src/driver/r_usb_hlibusbip.c
      Source file:   ra/fsp/src/r_usb_basic/src/driver/r_usb_pcontrolrw.c
      Source file:   ra/fsp/src/r_usb_basic/src/driver/r_usb_hinthandler_usbip1.c
      Source file:   ra/fsp/src/r_usb_basic/src/driver/r_usb_pintfifo.c
      Source file:   ra/fsp/src/r_usb_basic/src/driver/r_usb_pstdrequest.c
      Source file:   ra/fsp/src/r_usb_basic/src/hw/r_usb_dma.c
      Source file:   ra/fsp/src/r_usb_basic/src/hw/r_usb_hostelectrical.c
      Source file:   ra/fsp/src/r_usb_basic/src/driver/r_usb_hinthandler_usbip0.c
      Source file:   ra/fsp/src/r_usb_basic/src/driver/r_usb_hbc.c
      Source file:   ra/fsp/src/r_usb_basic/src/driver/r_usb_pstdfunction.c
      Source file:   ra/fsp/src/r_usb_basic/src/driver/r_usb_pinthandler_usbip0.c
      Source file:   ra/fsp/src/r_usb_basic/src/hw/r_usb_hreg_abs.c
      Source file:   ra/fsp/src/r_usb_basic/src/driver/r_usb_hcontrolrw.c
      Source file:   ra/fsp/src/r_usb_basic/src/driver/r_usb_pbc.c
      Include file:  ra/fsp/src/r_usb_basic/src/hw/inc/r_usb_dmac.h
      Source file:   ra/fsp/src/r_usb_basic/src/driver/r_usb_cstd_rtos.c
      Source file:   ra/fsp/src/r_usb_basic/src/driver/r_usb_hsignal.c
      Source file:   ra/fsp/src/r_usb_basic/src/hw/r_usb_creg_access.c
      Source file:   ra/fsp/src/r_usb_basic/src/driver/r_usb_hhubsys.c
      Source file:   ra/fsp/src/r_usb_pcdc/src/r_usb_pcdc_driver.c
      Source file:   ra/fsp/src/r_usb_basic/src/hw/r_usb_preg_abs.c
      Include file:  ra/fsp/src/r_usb_pcdc/src/inc/r_usb_pcdc.h
      Source file:   ra/fsp/src/r_usb_basic/src/hw/r_usb_mcu.c
      Source file:   ra/fsp/src/r_usb_basic/src/hw/r_usb_preg_access.c

   * Component: Renesas::Flex Software:Generated Data
      Include file:  ra_gen/bsp_clock_cfg.h
      Source file:   ra_gen/common_data.c
      Source file:   ra_gen/daemon_task.c
      Include file:  ra_gen/common_data.h
      Include file:  ra_gen/daemon_task.h
      Source file:   ra_gen/pin_data.c
      Source file:   ra_gen/hal_data.c
      Source file:   ra_gen/main.c
      Source file:   ra_gen/robot_task.c
      Include file:  ra_gen/robot_task.h
      Source file:   ra_gen/vector_data.c
      Include file:  ra_gen/vector_data.h
      Source file:   ra_gen/motor_ctrl_task.c
      Include file:  ra_gen/hal_data.h
      Include file:  ra_gen/motor_ctrl_task.h

   * Component: Renesas::Flex Software:Linker Script

   * Component: Renesas::Flex Software:RA Configuration@1.0.0
Build Time Elapsed:  00:00:18
</pre>
</body>
</html>
