Component: Arm Compiler for Embedded 6.23 Tool: armlink [5f102400]

==============================================================================

Section Cross References

    hal_warmstart.o(.text.R_BSP_WarmStart) refers to common_data.o(.bss.g_ioport_ctrl) for g_ioport_ctrl
    hal_warmstart.o(.text.R_BSP_WarmStart) refers to pin_data.o(.rodata.g_bsp_pin_cfg) for g_bsp_pin_cfg
    hal_warmstart.o(.text.R_BSP_WarmStart) refers to r_ioport.o(.text.R_IOPORT_Open) for R_IOPORT_Open
    hal_warmstart.o(.ARM.exidx.text.R_BSP_WarmStart) refers to hal_warmstart.o(.text.R_BSP_WarmStart) for [Anonymous Symbol]
    robot_task_entry.o(.text.robot_task_entry) refers to dummy_cmd.o(.text.DummyCmd_Init) for DummyCmd_Init
    robot_task_entry.o(.text.robot_task_entry) refers to dummy_cmd.o(.text.DummyCmd_Task) for DummyCmd_Task
    robot_task_entry.o(.text.robot_task_entry) refers to tasks.o(.text.vTaskDelay) for vTaskDelay
    robot_task_entry.o(.ARM.exidx.text.robot_task_entry) refers to robot_task_entry.o(.text.robot_task_entry) for [Anonymous Symbol]
    daemon_task_entry.o(.text.daemon_task_entry) refers to daemon.o(.text.DaemonTask) for DaemonTask
    daemon_task_entry.o(.text.daemon_task_entry) refers to tasks.o(.text.vTaskDelay) for vTaskDelay
    daemon_task_entry.o(.ARM.exidx.text.daemon_task_entry) refers to daemon_task_entry.o(.text.daemon_task_entry) for [Anonymous Symbol]
    motor_ctrl_task_entry.o(.text.motor_ctrl_task_entry) refers to dummy_motormatic.o(.text.Dummy_Motormatic_Init) for Dummy_Motormatic_Init
    motor_ctrl_task_entry.o(.text.motor_ctrl_task_entry) refers to dummy_motormatic.o(.text.Dummy_Motormatic_Task) for Dummy_Motormatic_Task
    motor_ctrl_task_entry.o(.text.motor_ctrl_task_entry) refers to tasks.o(.text.vTaskDelay) for vTaskDelay
    motor_ctrl_task_entry.o(.ARM.exidx.text.motor_ctrl_task_entry) refers to motor_ctrl_task_entry.o(.text.motor_ctrl_task_entry) for [Anonymous Symbol]
    bsp_can.o(.text.BSP_CAN_Init) refers to bsp_can.o(.bss.can0_instance) for can0_instance
    bsp_can.o(.text.BSP_CAN_Init) refers to calloc.o(.text) for calloc
    bsp_can.o(.text.BSP_CAN_Init) refers to r_canfd.o(.text.R_CANFD_Open) for R_CANFD_Open
    bsp_can.o(.text.BSP_CAN_Init) refers to malloc2.o(i.__free$2region) for free
    bsp_can.o(.ARM.exidx.text.BSP_CAN_Init) refers to bsp_can.o(.text.BSP_CAN_Init) for [Anonymous Symbol]
    bsp_can.o(.ARM.exidx.text.CANSetDLC) refers to bsp_can.o(.text.CANSetDLC) for [Anonymous Symbol]
    bsp_can.o(.text.can_callback) refers to bsp_can.o(.bss.can0_instance) for can0_instance
    bsp_can.o(.text.can_callback) refers to memcpya.o(.text) for __aeabi_memcpy4
    bsp_can.o(.ARM.exidx.text.can_callback) refers to bsp_can.o(.text.can_callback) for [Anonymous Symbol]
    bsp_can.o(.text.CANTransmit) refers to memcpya.o(.text) for __aeabi_memcpy
    bsp_can.o(.text.CANTransmit) refers to r_canfd.o(.text.R_CANFD_Write) for R_CANFD_Write
    bsp_can.o(.ARM.exidx.text.CANTransmit) refers to bsp_can.o(.text.CANTransmit) for [Anonymous Symbol]
    bsp_gpio.o(.text.LED_Set) refers to common_data.o(.bss.g_ioport_ctrl) for g_ioport_ctrl
    bsp_gpio.o(.text.LED_Set) refers to r_ioport.o(.text.R_IOPORT_PinWrite) for R_IOPORT_PinWrite
    bsp_gpio.o(.ARM.exidx.text.LED_Set) refers to bsp_gpio.o(.text.LED_Set) for [Anonymous Symbol]
    bsp_gpio.o(.text.Buzzer_Set) refers to common_data.o(.bss.g_ioport_ctrl) for g_ioport_ctrl
    bsp_gpio.o(.text.Buzzer_Set) refers to r_ioport.o(.text.R_IOPORT_PinWrite) for R_IOPORT_PinWrite
    bsp_gpio.o(.ARM.exidx.text.Buzzer_Set) refers to bsp_gpio.o(.text.Buzzer_Set) for [Anonymous Symbol]
    bsp_gpio.o(.text.WIFI_Weakmode_Set) refers to common_data.o(.bss.g_ioport_ctrl) for g_ioport_ctrl
    bsp_gpio.o(.text.WIFI_Weakmode_Set) refers to r_ioport.o(.text.R_IOPORT_PinWrite) for R_IOPORT_PinWrite
    bsp_gpio.o(.ARM.exidx.text.WIFI_Weakmode_Set) refers to bsp_gpio.o(.text.WIFI_Weakmode_Set) for [Anonymous Symbol]
    bsp_gpio.o(.text.WIFI_Reset_Set) refers to bsp_delay.o(.text.R_BSP_SoftwareDelay) for R_BSP_SoftwareDelay
    bsp_gpio.o(.ARM.exidx.text.WIFI_Reset_Set) refers to bsp_gpio.o(.text.WIFI_Reset_Set) for [Anonymous Symbol]
    bsp_uart.o(.text.USARTRegister) refers to bsp_uart.o(.bss.idx) for idx
    bsp_uart.o(.text.USARTRegister) refers to calloc.o(.text) for calloc
    bsp_uart.o(.text.USARTRegister) refers to bsp_uart.o(.bss.usart_instance) for usart_instance
    bsp_uart.o(.text.USARTRegister) refers to r_sci_uart.o(.text.R_SCI_UART_Open) for R_SCI_UART_Open
    bsp_uart.o(.text.USARTRegister) refers to malloc2.o(i.__free$2region) for free
    bsp_uart.o(.text.USARTRegister) refers to r_sci_uart.o(.text.R_SCI_UART_Read) for R_SCI_UART_Read
    bsp_uart.o(.ARM.exidx.text.USARTRegister) refers to bsp_uart.o(.text.USARTRegister) for [Anonymous Symbol]
    bsp_uart.o(.text.UART_Global_Callback) refers to bsp_uart.o(.bss.idx) for idx
[...]
    0x200020e4        -       0x00000004   Zero   RW         1393    .bss.g_usb_usbmode  r_usb_basic.o
    0x200020e8        -       0x00000002   Zero   RW         1685    .bss.get_usb_int_buf.count  r_usb_pinthandler_usbip0.o
    0x200020ea   0x000001f8   0x00000002   PAD
    0x200020ec        -       0x00000008   Zero   RW         1196    .bss.gp_ctrl        r_canfd.o
    0x200020f4        -       0x00000064   Zero   RW         1092    .bss.gp_renesas_isr_context  bsp_irq.o
    0x20002158        -       0x00000018   Zero   RW          559    .bss.gripper_config  dummy_motormatic.o
    0x20002170        -       0x00000004   Zero   RW          470    .bss.host_daemon_instance  vision.o
    0x20002174        -       0x00000002   Zero   RW          474    .bss.host_fifo_head  vision.o
    0x20002176        -       0x00000002   Zero   RW          475    .bss.host_fifo_tail  vision.o
    0x20002178        -       0x00000001   Zero   RW          472    .bss.host_is_online  vision.o
    0x20002179        -       0x00000100   Zero   RW          473    .bss.host_raw_fifo  vision.o
    0x20002279   0x000001f8   0x00000003   PAD
    0x2000227c        -       0x0000001b   Zero   RW          471    .bss.host_target_joints  vision.o
    0x20002297   0x000001f8   0x00000001   PAD
    0x20002298        -       0x00000004   Zero   RW          469    .bss.host_usart_instance  vision.o
    0x2000229c        -       0x00000001   Zero   RW          221    .bss.idx            bsp_uart.o
    0x2000229d        -       0x00000001   Zero   RW          390    .bss.idx            daemon.o
    0x2000229e        -       0x00000001   Zero   RW          366    .bss.is_driver_initialized  step_motor.o
    0x2000229f        -       0x00000001   Zero   RW          550    .bss.is_pose_initialized  dummy_motormatic.o
    0x200022a0        -       0x00000020   Zero   RW          551    .bss.joint_angle    dummy_motormatic.o
    0x200022c0        -       0x00000080   Zero   RW          367    .bss.joint_configs  step_motor.o
    0x20002340        -       0x000000ec   Zero   RW          554    .bss.kinematic_handle  dummy_motormatic.o
    0x2000242c        -       0x00000020   Zero   RW          427    .bss.mc_ctrl        mc6c.o
    0x2000244c        -       0x00000004   Zero   RW          425    .bss.mc_daemon_instance  mc6c.o
    0x20002450        -       0x00000004   Zero   RW          528    .bss.mc_data        dummy_cmd.o
    0x20002454        -       0x00000001   Zero   RW          424    .bss.mc_init_flag   mc6c.o
    0x20002455   0x000001f8   0x00000003   PAD
    0x20002458        -       0x00000004   Zero   RW          426    .bss.mc_usart_instance  mc6c.o
    0x2000245c        -       0x00000020   Zero   RW         2249    .bss.motor_ctrl_can_ctrl  hal_data.o
    0x2000247c        -       0x00000004   Zero   RW         2291    .bss.motor_ctrl_task  motor_ctrl_task.o
    0x20002480        -       0x00000060   Zero   RW         2290    .bss.motor_ctrl_task_memory  motor_ctrl_task.o
    0x200024e0        -       0x00000008   Zero   RW         2222    .bss.pc_transfer0_ctrl  hal_data.o
    0x200024e8        -       0x00000008   Zero   RW         2227    .bss.pc_transfer1_ctrl  hal_data.o
    0x200024f0        -       0x00000030   Zero   RW         2232    .bss.pc_uart_ctrl   hal_data.o
    0x20002520        -       0x00000078   Zero   RW          970    .bss.prvCheckForValidListAndQueue.ucStaticTimerQueueStorage  timers.o
    0x20002598        -       0x00000048   Zero   RW          969    .bss.prvCheckForValidListAndQueue.xStaticTimerQueue  timers.o
    0x200025e0        -       0x00000004   Zero   RW          966    .bss.prvSampleTimeNow.xLastTime  timers.o
    0x200025e4        -       0x00000004   Zero   RW          882    .bss.pxCurrentTCB   tasks.o
    0x200025e8        -       0x00000004   Zero   RW          964    .bss.pxCurrentTimerList  timers.o
    0x200025ec        -       0x00000004   Zero   RW          900    .bss.pxDelayedTaskList  tasks.o
    0x200025f0        -       0x00000004   Zero   RW          639    .bss.pxEnd          heap_4.o
    0x200025f4        -       0x00000004   Zero   RW          901    .bss.pxOverflowDelayedTaskList  tasks.o
    0x200025f8        -       0x00000004   Zero   RW          965    .bss.pxOverflowTimerList  timers.o
    0x200025fc        -       0x00000064   Zero   RW          891    .bss.pxReadyTasksLists  tasks.o
    0x20002660        -       0x00000001   Zero   RW         1231    .bss.r_dtc_state_initialize.g_dtc_state_initialized  r_dtc.o
    0x20002661   0x000001f8   0x00000003   PAD
    0x20002664        -       0x00000004   Zero   RW         2314    .bss.robot_task     robot_task.o
    0x20002668        -       0x00000060   Zero   RW         2313    .bss.robot_task_memory  robot_task.o
    0x200026c8        -       0x00000002   Zero   RW          429    .bss.s_head         mc6c.o
    0x200026ca        -       0x00000080   Zero   RW          428    .bss.s_raw_fifo     mc6c.o
    0x2000274a        -       0x00000002   Zero   RW          430    .bss.s_tail         mc6c.o
    0x2000274c        -       0x00000030   Zero   RW         2242    .bss.sbus_ctrl      hal_data.o
    0x2000277c        -       0x00000008   Zero   RW         2237    .bss.sbus_dtc_transfer_ctrl  hal_data.o
    0x20002784        -       0x00000004   Zero   RW          510    .bss.serial_debug_uart_instance  serial_debug.o
    0x20002788        -       0x00000400   Zero   RW          642    .bss.ucHeap         heap_4.o
    0x20002b88        -       0x00000010   Zero   RW          222    .bss.usart_instance  bsp_uart.o
    0x20002b98        -       0x00000004   Zero   RW         2153    .bss.uxCriticalNesting  port.o
    0x20002b9c        -       0x00000004   Zero   RW          887    .bss.uxCurrentNumberOfTasks  tasks.o
    0x20002ba0        -       0x00000004   Zero   RW          886    .bss.uxDeletedTasksWaitingCleanUp  tasks.o
    0x20002ba4        -       0x00000004   Zero   RW          888    .bss.uxSchedulerSuspended  tasks.o
    0x20002ba8        -       0x00000004   Zero   RW          883    .bss.uxTaskNumber   tasks.o
    0x20002bac        -       0x00000004   Zero   RW          892    .bss.uxTopReadyPriority  tasks.o
    0x20002bb0        -       0x00000200   Zero   RW         2272    .bss.vApplicationGetIdleTaskMemory.uxIdleTaskStack  main.o
    0x20002db0        -       0x00000060   Zero   RW         2271    .bss.vApplicationGetIdleTaskMemory.xIdleTaskTCB  main.o
    0x20002e10        -       0x00000200   Zero   RW         2274    .bss.vApplicationGetTimerTaskMemory.uxTimerTaskStack  main.o
    0x20003010        -       0x00000060   Zero   RW         2273    .bss.vApplicationGetTimerTaskMemory.xTimerTaskTCB  main.o
    0x20003070        -       0x00000004   Zero   RW          527    .bss.vision_rx_data  dummy_cmd.o
    0x20003074        -       0x0000001c   Zero   RW          533    .bss.vision_tx_data  dummy_cmd.o
    0x20003090        -       0x00000014   Zero   RW          967    .bss.xActiveTimerList1  timers.o
    0x200030a4        -       0x00000014   Zero   RW          968    .bss.xActiveTimerList2  timers.o
    0x200030b8        -       0x00000014   Zero   RW          903    .bss.xDelayedTaskList1  tasks.o
    0x200030cc        -       0x00000014   Zero   RW          904    .bss.xDelayedTaskList2  tasks.o
    0x200030e0        -       0x00000004   Zero   RW          640    .bss.xFreeBytesRemaining  heap_4.o
    0x200030e4        -       0x00000004   Zero   RW          897    .bss.xIdleTaskHandles.0  tasks.o
    0x200030e8        -       0x00000004   Zero   RW          896    .bss.xNextTaskUnblockTime  tasks.o
    0x200030ec        -       0x00000004   Zero   RW          902    .bss.xNumOfOverflows  tasks.o
    0x200030f0        -       0x00000004   Zero   RW          646    .bss.xNumberOfSuccessfulFrees  heap_4.o
    0x200030f4        -       0x00000004   Zero   RW          899    .bss.xPendedTicks   tasks.o
    0x200030f8        -       0x00000014   Zero   RW          895    .bss.xPendingReadyList  tasks.o
    0x2000310c        -       0x00000050   Zero   RW          712    .bss.xQueueRegistry  queue.o
    0x2000315c        -       0x00000004   Zero   RW          884    .bss.xSchedulerRunning  tasks.o
    0x20003160        -       0x00000008   Zero   RW          641    .bss.xStart         heap_4.o
    0x20003168        -       0x00000014   Zero   RW          893    .bss.xSuspendedTaskList  tasks.o
    0x2000317c        -       0x00000014   Zero   RW          885    .bss.xTasksWaitingTermination  tasks.o
    0x20003190        -       0x00000004   Zero   RW          890    .bss.xTickCount     tasks.o
    0x20003194        -       0x00000004   Zero   RW          961    .bss.xTimerQueue    timers.o
    0x20003198        -       0x00000004   Zero   RW          962    .bss.xTimerTaskHandle  timers.o
    0x2000319c        -       0x00000004   Zero   RW          894    .bss.xYieldPendings  tasks.o


    Execution Region __ram_thread_stack (Exec base: 0x200031a0, Load base: 0x000001f8, Size: 0x00002400, Max: 0xffffffff, ABSOLUTE, UNINIT)

    Exec Addr    Load Addr    Size         Type   Attr      Idx    E Section Name        Object

    0x200031a0        -       0x00000400   Zero   RW         2178    .bss.stack.thread   daemon_task.o
    0x200035a0        -       0x00001000   Zero   RW         2289    .bss.stack.thread   motor_ctrl_task.o
    0x200045a0        -       0x00001000   Zero   RW         2312    .bss.stack.thread   robot_task.o


    Execution Region __ddsc_RAM_END (Exec base: 0x20005600, Load base: 0x000001f8, Size: 0x00000000, Max: 0x00000000, ABSOLUTE)

    Exec Addr    Load Addr    Size         Type   Attr      Idx    E Section Name        Object

    0x20005600        -       0x00000000   Zero   RW           45    __ddsc_RAM_END.bss  anon$$obj.o


    Execution Region .ram.endof (Exec base: 0x20005600, Load base: 0x000001f8, Size: 0x00000000, Max: 0x00000000, ABSOLUTE)

    Exec Addr    Load Addr    Size         Type   Attr      Idx    E Section Name        Object

    0x20005600        -       0x00000000   Zero   RW           46    .ram.endof.bss      anon$$obj.o


    Execution Region __RAM_end (Exec base: 0x20005600, Load base: 0x000001f8, Size: 0x00000000, Max: 0x00000000, ABSOLUTE)

    Exec Addr    Load Addr    Size         Type   Attr      Idx    E Section Name        Object

    0x20005600        -       0x00000000   Zero   RW           47    __RAM_end.bss       anon$$obj.o


    Execution Region __ospi0_cs0_from_data_flash_jump (Exec base: 0x68000000, Load base: 0x000000a4, Size: 0x00000000, Max: 0x00000000, ABSOLUTE)

    Exec Addr    Load Addr    Size         Type   Attr      Idx    E Section Name        Object

    0x68000000        -       0x00000000   Zero   RW           37    __ospi0_cs0_from_data_flash_jump.bss  anon$$obj.o


    Execution Region __ospi0_cs0_from_flash (Exec base: 0x68000000, Load base: 0x000000a4, Size: 0x00000000, Max: 0xffffffff, ABSOLUTE)

    **** No section assigned to this execution region ****


    Execution Region __ospi0_cs0_noinit_nocache (Exec base: 0x68000000, Load base: 0x000000a4, Size: 0x00000000, Max: 0xffffffff, ABSOLUTE, UNINIT)

    **** No section assigned to this execution region ****


    Execution Region __ospi0_cs0_zero_nocache (Exec base: 0x68000000, Load base: 0x000000a4, Size: 0x00000000, Max: 0xffffffff, ABSOLUTE)

    **** No section assigned to this execution region ****


    Execution Region __ospi0_cs0_zero_nocache_pad (Exec base: 0x68000000, Load base: 0x000000a4, Size: 0x00000000, Max: 0x00000000, ABSOLUTE)

    Exec Addr    Load Addr    Size         Type   Attr      Idx    E Section Name        Object

    0x68000000        -       0x00000000   Zero   RW           38    __ospi0_cs0_zero_nocache_pad.bss  anon$$obj.o


    Execution Region __ospi0_cs0_noinit (Exec base: 0x68000000, Load base: 0x000000a4, Size: 0x00000000, Max: 0xffffffff, ABSOLUTE, UNINIT)

    **** No section assigned to this execution region ****


    Execution Region __ospi0_cs0_zero (Exec base: 0x68000000, Load base: 0x000000a4, Size: 0x00000000, Max: 0xffffffff, ABSOLUTE)

    **** No section assigned to this execution region ****


    Execution Region __ddsc_OSPI0_CS0_END (Exec base: 0x68000000, Load base: 0x000000a4, Size: 0x00000000, Max: 0x00000000, ABSOLUTE)

    Exec Addr    Load Addr    Size         Type   Attr      Idx    E Section Name        Object

    0x68000000        -       0x00000000   Zero   RW           39    __ddsc_OSPI0_CS0_END.bss  anon$$obj.o


    Execution Region .ospi0_cs0.endof (Exec base: 0x68000000, Load base: 0x000000a4, Size: 0x00000000, Max: 0x00000000, ABSOLUTE)

    Exec Addr    Load Addr    Size         Type   Attr      Idx    E Section Name        Object

    0x68000000        -       0x00000000   Zero   RW           40    .ospi0_cs0.endof.bss  anon$$obj.o


    Execution Region __OSPI0_CS0_end (Exec base: 0x68000000, Load base: 0x000000a4, Size: 0x00000000, Max: 0x00000000, ABSOLUTE)

    Exec Addr    Load Addr    Size         Type   Attr      Idx    E Section Name        Object

    0x68000000        -       0x00000000   Zero   RW           41    __OSPI0_CS0_end.bss  anon$$obj.o



  Load Region LOAD_REGION_FLASH_JUMP (Base: 0x000001f8, Size: 0x000073f8, Max: 0xffffffff, ABSOLUTE)

    Execution Region __flash_readonly (Exec base: 0x000001f8, Load base: 0x000001f8, Size: 0x000073f8, Max: 0xffffffff, ABSOLUTE, FIXED)

    Exec Addr    Load Addr    Size         Type   Attr      Idx    E Section Name        Object

    0x000001f8   0x000001f8   0x00000062   Code   RO         2361    .text               mc_w.l(uldiv.o)
    0x0000025a   0x0000025a   0x00000024   Code   RO         2365    .text               mc_w.l(memcpya.o)
    0x0000027e   0x0000027e   0x00000024   Code   RO         2367    .text               mc_w.l(memseta.o)
    0x000002a2   0x000002a2   0x0000001c   Code   RO         2369    .text               mc_w.l(strcmp.o)
    0x000002be   0x000002be   0x00000012   Code   RO         2371    .text               mc_w.l(strcpy.o)
    0x000002d0   0x000002d0   0x00000016   Code   RO         2375    .text               mc_w.l(strnlen.o)
    0x000002e6   0x000002e6   0x0000001c   Code   RO         2405    .text               mc_w.l(calloc.o)
    0x00000302   0x00000302   0x0000001c   Code   RO         2409    .text               mf_w.l(ffltul.o)
    0x0000031e   0x0000031e   0x0000001e   Code   RO         2438    .text               mc_w.l(llshl.o)
    0x0000033c   0x0000033c   0x00000020   Code   RO         2440    .text               mc_w.l(llushr.o)
    0x0000035c   0x0000035c   0x00000000   Code   RO         2451    .text               mc_w.l(iusefp.o)
    0x0000035c   0x0000035c   0x0000006e   Code   RO         2452    .text               mf_w.l(fepilogue.o)
    0x000003ca   0x000003ca   0x00000044   Code   RO          181    .text.BSP_CAN_Init  bsp_can.o
    0x0000040e   0x0000040e   0x0000003e   Code   RO          187    .text.CANTransmit   bsp_can.o
    0x0000044c   0x0000044c   0x0000004a   Code   RO          233    .text.DWT_CNT_Update  bsp_dwt.o
    0x00000496   0x00000496   0x00000002   PAD
    0x00000498   0x00000498   0x0000006c   Code   RO          245    .text.DWT_GetTimeline_ms  bsp_dwt.o
    0x00000504   0x00000504   0x0000007e   Code   RO          231    .text.DWT_Init      bsp_dwt.o
    0x00000582   0x00000582   0x000000a8   Code   RO          241    .text.DWT_SysTimeUpdate  bsp_dwt.o
    0x0000062a   0x0000062a   0x0000003c   Code   RO          381    .text.DaemonRegister  daemon.o
    0x00000666   0x00000666   0x00000006   Code   RO          383    .text.DaemonReload  daemon.o
    0x0000066c   0x0000066c   0x0000003a   Code   RO          387    .text.DaemonTask    daemon.o
    0x000006a6   0x000006a6   0x00000004   Code   RO          981    .text.Default_Handler  startup.o
    0x000006aa   0x000006aa   0x00000002   PAD
    0x000006ac   0x000006ac   0x00000098   Code   RO          519    .text.DummyCmd_Init  dummy_cmd.o
    0x00000744   0x00000744   0x00000080   Code   RO          521    .text.DummyCmd_Task  dummy_cmd.o
    0x000007c4   0x000007c4   0x000000d8   Code   RO          543    .text.Dummy_Joint_Update  dummy_motormatic.o
    0x0000089c   0x0000089c   0x000000b8   Code   RO          545    .text.Dummy_Motormatic_Init  dummy_motormatic.o
    0x00000954   0x00000954   0x0000013c   Code   RO          547    .text.Dummy_Motormatic_Task  dummy_motormatic.o
    0x00000a90   0x00000a90   0x0000001a   Code   RO          461    .text.HostLostCallback  vision.o
    0x00000aaa   0x00000aaa   0x00000002   PAD
    0x00000aac   0x00000aac   0x000000fc   Code   RO          459    .text.HostRxCallback  vision.o
    0x00000ba8   0x00000ba8   0x000000b4   Code   RO          327    .text.Joint_Motor_Callback  step_motor.o
    0x00000c5c   0x00000c5c   0x00000060   Code   RO          353    .text.Joint_Motor_Check_Connection  step_motor.o
    0x00000cbc   0x00000cbc   0x00000044   Code   RO          447    .text.Joint_Motor_Get_All_Angles_And_State  dummy_kinematic_v2.o
    0x00000d00   0x00000d00   0x00000028   Code   RO          355    .text.Joint_Motor_Get_Angle  step_motor.o
    0x00000d28   0x00000d28   0x00000028   Code   RO          357    .text.Joint_Motor_Get_State  step_motor.o
    0x00000d50   0x00000d50   0x0000019a   Code   RO          363    .text.Joint_Motor_Gripper_Task  step_motor.o
    0x00000eea   0x00000eea   0x00000002   PAD
    0x00000eec   0x00000eec   0x000000b6   Code   RO          325    .text.Joint_Motor_Init  step_motor.o
    0x00000fa2   0x00000fa2   0x00000006   Code   RO          343    .text.Joint_Motor_Set_Current  step_motor.o
    0x00000fa8   0x00000fa8   0x0000009c   Code   RO          333    .text.Joint_Motor_Set_Pos_With_SpeedLimit  step_motor.o
    0x00001044   0x00001044   0x00000100   Code   RO          439    .text.Kinematic_Init  dummy_kinematic_v2.o
    0x00001144   0x00001144   0x000004f8   Code   RO          441    .text.Kinematic_SolveFK  dummy_kinematic_v2.o
    0x0000163c   0x0000163c   0x0000006c   Code   RO          418    .text.MCControlInit  mc6c.o
    0x000016a8   0x000016a8   0x00000020   Code   RO          422    .text.MCLostCallback  mc6c.o
    0x000016c8   0x000016c8   0x00000240   Code   RO          420    .text.MCRxCallback  mc6c.o
    0x00001908   0x00001908   0x000002c4   Code   RO          523    .text.MC_Remote_Ctrl  dummy_cmd.o
    0x00001bcc   0x00001bcc   0x00000044   Code   RO         1070    .text.NMI_Handler   bsp_group_irq.o
    0x00001c10   0x00001c10   0x00000044   Code   RO         2124    .text.PendSV_Handler  port.o
    0x00001c54   0x00001c54   0x0000003c   Code   RO          405    .text.PubPushMessage  message_center.o
    0x00001c90   0x00001c90   0x0000005c   Code   RO          399    .text.PubRegister   message_center.o
    0x00001cec   0x00001cec   0x0000007a   Code   RO         1028    .text.R_BSP_Init_RTC  bsp_clocks.o
    0x00001d66   0x00001d66   0x0000004e   Code   RO         1104    .text.R_BSP_RegisterProtectDisable  bsp_register_protection.o
    0x00001db4   0x00001db4   0x00000052   Code   RO         1102    .text.R_BSP_RegisterProtectEnable  bsp_register_protection.o
    0x00001e06   0x00001e06   0x00000084   Code   RO         1056    .text.R_BSP_SoftwareDelay  bsp_delay.o
    0x00001e8a   0x00001e8a   0x00000002   Code   RO         1022    .text.R_BSP_SubClockStabilizeWaitAfterReset  bsp_clocks.o
    0x00001e8c   0x00001e8c   0x0000001a   Code   RO          145    .text.R_BSP_WarmStart  hal_warmstart.o
    0x00001ea6   0x00001ea6   0x00000002   PAD
    0x00001ea8   0x00001ea8   0x00000360   Code   RO         1169    .text.R_CANFD_Open  r_canfd.o
    0x00002208   0x00002208   0x0000012e   Code   RO         1171    .text.R_CANFD_Write  r_canfd.o
    0x00002336   0x00002336   0x00000004   Code   RO         1225    .text.R_DTC_CallbackSet  r_dtc.o
    0x0000233a   0x0000233a   0x0000002c   Code   RO         1221    .text.R_DTC_Close   r_dtc.o
    0x00002366   0x00002366   0x0000001a   Code   RO         1213    .text.R_DTC_Disable  r_dtc.o
    0x00002380   0x00002380   0x0000001a   Code   RO         1211    .text.R_DTC_Enable  r_dtc.o
    0x0000239a   0x0000239a   0x0000004a   Code   RO         1219    .text.R_DTC_InfoGet  r_dtc.o
    0x000023e4   0x000023e4   0x00000084   Code   RO         1205    .text.R_DTC_Open    r_dtc.o
    0x00002468   0x00002468   0x00000046   Code   RO         1207    .text.R_DTC_Reconfigure  r_dtc.o
    0x000024ae   0x000024ae   0x00000004   Code   RO         1223    .text.R_DTC_Reload  r_dtc.o
    0x000024b2   0x000024b2   0x00000002   PAD
    0x000024b4   0x000024b4   0x00000088   Code   RO         1209    .text.R_DTC_Reset   r_dtc.o
    0x0000253c   0x0000253c   0x00000004   Code   RO         1215    .text.R_DTC_SoftwareStart  r_dtc.o
    0x00002540   0x00002540   0x00000004   Code   RO         1217    .text.R_DTC_SoftwareStop  r_dtc.o
    0x00002544   0x00002544   0x00000016   Code   RO         1240    .text.R_IOPORT_Open  r_ioport.o
    0x0000255a   0x0000255a   0x00000002   PAD
    0x0000255c   0x0000255c   0x000003b4   Code   RO         1279    .text.R_SCI_UART_Open  r_sci_uart.o
    0x00002910   0x00002910   0x00000036   Code   RO         1281    .text.R_SCI_UART_Read  r_sci_uart.o
    0x00002946   0x00002946   0x0000007e   Code   RO         1283    .text.R_SCI_UART_Write  r_sci_uart.o
    0x000029c4   0x000029c4   0x0000000a   Code   RO          979  * .text.Reset_Handler  startup.o
    0x000029ce   0x000029ce   0x00000002   PAD
    0x000029d0   0x000029d0   0x00000018   Code   RO         2122    .text.SVC_Handler   port.o
    0x000029e8   0x000029e8   0x0000002a   Code   RO          341    .text.Send_Float    step_motor.o
    0x00002a12   0x00002a12   0x00000028   Code   RO          331    .text.Send_U32      step_motor.o
    0x00002a3a   0x00002a3a   0x0000002c   Code   RO          504    .text.Serial_Debug_Init  serial_debug.o
    0x00002a66   0x00002a66   0x00000002   Code   RO          506    .text.Serial_Debug_RxCallback  serial_debug.o
    0x00002a68   0x00002a68   0x0000003e   Code   RO          508    .text.Serial_Debug_SendFloatArray  serial_debug.o
    0x00002aa6   0x00002aa6   0x00000028   Code   RO          403    .text.SubGetMessage  message_center.o
    0x00002ace   0x00002ace   0x00000002   PAD
    0x00002ad0   0x00002ad0   0x00000036   Code   RO          401    .text.SubRegister   message_center.o
    0x00002b06   0x00002b06   0x00000026   Code   RO         2128    .text.SysTick_Handler  port.o
    0x00002b2c   0x00002b2c   0x0000002c   Code   RO         1012    .text.SystemCoreClockUpdate  bsp_clocks.o
    0x00002b58   0x00002b58   0x000000a2   Code   RO          993    .text.SystemInit    system.o
    0x00002bfa   0x00002bfa   0x00000002   PAD
    0x00002bfc   0x00002bfc   0x0000005a   Code   RO          997    .text.SystemRuntimeInit  system.o
    0x00002c56   0x00002c56   0x00000002   PAD
    0x00002c58   0x00002c58   0x000000a8   Code   RO          217    .text.UART_Global_Callback  bsp_uart.o
    0x00002d00   0x00002d00   0x0000006c   Code   RO          215    .text.USARTRegister  bsp_uart.o
    0x00002d6c   0x00002d6c   0x00000002   Code   RO          219    .text.USART_Force_Restart  bsp_uart.o
    0x00002d6e   0x00002d6e   0x00000002   PAD
    0x00002d70   0x00002d70   0x00000064   Code   RO          457    .text.Vision_Init   vision.o
    0x00002dd4   0x00002dd4   0x00000026   Code   RO          467    .text.Vision_Send_Data  vision.o
    0x00002dfa   0x00002dfa   0x00000002   PAD
    0x00002dfc   0x00002dfc   0x0000008c   Code   RO          525    .text.Vision_Set_FeedData  dummy_cmd.o
    0x00002e88   0x00002e88   0x00000006   Code   RO         1043    .text.__aeabi_assert  bsp_common.o
    0x00002e8e   0x00002e8e   0x00000002   PAD
    0x00002e90   0x00002e90   0x000001bc   Code   RO         1018    .text.bsp_clock_init  bsp_clocks.o
    0x0000304c   0x0000304c   0x00000002   Code   RO         1039    .text.bsp_init_internal  bsp_common.o
    0x0000304e   0x0000304e   0x00000002   PAD
    0x00003050   0x00003050   0x0000008a   Code   RO         1089    .text.bsp_irq_cfg   bsp_irq.o
    0x000030da   0x000030da   0x00000008   Code   RO         1058    .text.bsp_prv_software_delay_loop  bsp_delay.o
    0x000030e2   0x000030e2   0x00000002   PAD
    0x000030e4   0x000030e4   0x000000d8   Code   RO         1268    .text.bsp_vbatt_init  r_ioport.o
    0x000031bc   0x000031bc   0x00000042   Code   RO          185    .text.can_callback  bsp_can.o
    0x000031fe   0x000031fe   0x00000002   PAD
    0x00003200   0x00003200   0x0000014c   Code   RO         1191    .text.canfd_channel_tx_isr  r_canfd.o
    0x0000334c   0x0000334c   0x00000106   Code   RO         1193    .text.canfd_common_fifo_rx_isr  r_canfd.o
    0x00003452   0x00003452   0x00000100   Code   RO         1187    .text.canfd_error_isr  r_canfd.o
    0x00003552   0x00003552   0x00000002   PAD
    0x00003554   0x00003554   0x000000e4   Code   RO         1189    .text.canfd_rx_fifo_isr  r_canfd.o
    0x00003638   0x00003638   0x00000070   Code   RO         2173    .text.daemon_task_create  daemon_task.o
    0x000036a8   0x000036a8   0x0000000c   Code   RO          163    .text.daemon_task_entry  daemon_task_entry.o
    0x000036b4   0x000036b4   0x00000012   Code   RO         2175    .text.daemon_task_func  daemon_task.o
    0x000036c6   0x000036c6   0x00000002   Code   RO         2163    .text.g_common_init  common_data.o
    0x000036c8   0x000036c8   0x00000004   Code   RO         2189    .text.g_hal_init    hal_data.o
    0x000036cc   0x000036cc   0x0000001c   Code   RO         2089    .text.hw_usb_pclear_sts_resm  r_usb_preg_access.o
    0x000036e8   0x000036e8   0x0000001c   Code   RO         2091    .text.hw_usb_pclear_sts_valid  r_usb_preg_access.o
    0x00003704   0x00003704   0x00000018   Code   RO         1918    .text.hw_usb_read_intsts  r_usb_creg_access.o
    0x0000371c   0x0000371c   0x00000018   Code   RO         1990    .text.hw_usb_set_suspendm  r_usb_creg_access.o
    0x00003734   0x00003734   0x00000052   Code   RO         2261    .text.main          main.o
    0x00003786   0x00003786   0x0000002a   Code   RO          315    .text.map_float_clamp  controller.o
    0x000037b0   0x000037b0   0x00000074   Code   RO         2284    .text.motor_ctrl_task_create  motor_ctrl_task.o
    0x00003824   0x00003824   0x00000010   Code   RO          172    .text.motor_ctrl_task_entry  motor_ctrl_task_entry.o
    0x00003834   0x00003834   0x00000012   Code   RO         2286    .text.motor_ctrl_task_func  motor_ctrl_task.o
    0x00003846   0x00003846   0x000000a4   Code   RO          792    .text.prvAddCurrentTaskToDelayedList  tasks.o
    0x000038ea   0x000038ea   0x00000002   PAD
    0x000038ec   0x000038ec   0x00000128   Code   RO          780    .text.prvAddNewTaskToReadyList  tasks.o
    0x00003a14   0x00003a14   0x0000007c   Code   RO          915    .text.prvCheckForValidListAndQueue  timers.o
    0x00003a90   0x00003a90   0x0000004e   Code   RO          816    .text.prvCheckTasksWaitingTermination  tasks.o
    0x00003ade   0x00003ade   0x00000062   Code   RO          669    .text.prvCopyDataToQueue  queue.o
    0x00003b40   0x00003b40   0x0000006c   Code   RO          786    .text.prvDeleteTCB  tasks.o
    0x00003bac   0x00003bac   0x0000002e   Code   RO          880    .text.prvIdleTask   tasks.o
    0x00003bda   0x00003bda   0x00000002   PAD
    0x00003bdc   0x00003bdc   0x0000009c   Code   RO          878    .text.prvInitialiseNewTask  tasks.o
    0x00003c78   0x00003c78   0x00000040   Code   RO          959    .text.prvInsertTimerInActiveList  timers.o
    0x00003cb8   0x00003cb8   0x00000040   Code   RO          955    .text.prvProcessExpiredTimer  timers.o
    0x00003cf8   0x00003cf8   0x0000002e   Code   RO          957    .text.prvReloadTimer  timers.o
    0x00003d26   0x00003d26   0x00000002   PAD
    0x00003d28   0x00003d28   0x00000056   Code   RO          953    .text.prvSampleTimeNow  timers.o
    0x00003d7e   0x00003d7e   0x00000002   PAD
    0x00003d80   0x00003d80   0x00000006   Code   RO         2134    .text.prvTaskExitError  port.o
    0x00003d86   0x00003d86   0x00000002   PAD
    0x00003d88   0x00003d88   0x000001a8   Code   RO          917    .text.prvTimerTask  timers.o
    0x00003f30   0x00003f30   0x00000072   Code   RO          671    .text.prvUnlockQueue  queue.o
    0x00003fa2   0x00003fa2   0x00000028   Code   RO         2132    .text.pxPortInitialiseStack  port.o
    0x00003fca   0x00003fca   0x00000002   PAD
    0x00003fcc   0x00003fcc   0x000000a0   Code   RO         1185    .text.r_canfd_mb_read  r_canfd.o
    0x0000406c   0x0000406c   0x0000012c   Code   RO         1183    .text.r_canfd_mode_transition  r_canfd.o
    0x00004198   0x00004198   0x00000044   Code   RO         1227    .text.r_dtc_set_info  r_dtc.o
    0x000041dc   0x000041dc   0x000000c0   Code   RO         1266    .text.r_ioport_pins_config  r_ioport.o
    0x0000429c   0x0000429c   0x00000040   Code   RO         1305    .text.r_sci_uart_call_callback  r_sci_uart.o
    0x000042dc   0x000042dc   0x00000042   Code   RO         1313    .text.r_sci_uart_transfer_configure  r_sci_uart.o
    0x0000431e   0x0000431e   0x00000002   PAD
    0x00004320   0x00004320   0x00000024   Code   RO         2126    .text.rm_freertos_port_restore_task_stackless  port.o
    0x00004344   0x00004344   0x0000006e   Code   RO         2146    .text.rm_freertos_port_sleep_preserving_lpm  port.o
    0x000043b2   0x000043b2   0x00000002   PAD
    0x000043b4   0x000043b4   0x00000070   Code   RO         2307    .text.robot_task_create  robot_task.o
    0x00004424   0x00004424   0x00000010   Code   RO          154    .text.robot_task_entry  robot_task_entry.o
    0x00004434   0x00004434   0x00000012   Code   RO         2309    .text.robot_task_func  robot_task.o
    0x00004446   0x00004446   0x00000002   PAD
    0x00004448   0x00004448   0x00000062   Code   RO         2259    .text.rtos_startup_common_init  main.o
    0x000044aa   0x000044aa   0x00000004   Code   RO         2257    .text.rtos_startup_err_callback_internal  main.o
    0x000044ae   0x000044ae   0x00000072   Code   RO         1311    .text.sci_uart_eri_isr  r_sci_uart.o
    0x00004520   0x00004520   0x000000cc   Code   RO         1307    .text.sci_uart_rxi_isr  r_sci_uart.o
    0x000045ec   0x000045ec   0x0000004a   Code   RO         1309    .text.sci_uart_tei_isr  r_sci_uart.o
    0x00004636   0x00004636   0x00000002   PAD
    0x00004638   0x00004638   0x000000f6   Code   RO         1303    .text.sci_uart_txi_isr  r_sci_uart.o
    0x0000472e   0x0000472e   0x00000006   Code   RO         2014    .text.usb_cpu_delay_1us  r_usb_mcu.o
    0x00004734   0x00004734   0x0000004c   Code   RO         1484    .text.usb_cstd_isnd_msg  r_usb_cstd_rtos.o
    0x00004780   0x00004780   0x0000001e   Code   RO         2064    .text.usb_pstd_interrupt_clock  r_usb_preg_abs.o
    0x0000479e   0x0000479e   0x0000023c   Code   RO         2042    .text.usb_pstd_interrupt_handler  r_usb_preg_abs.o
    0x000049da   0x000049da   0x0000006e   Code   RO         1681    .text.usb_pstd_usb_handler  r_usb_pinthandler_usbip0.o
    0x00004a48   0x00004a48   0x00000022   Code   RO         2024    .text.usbfs_d0fifo_handler  r_usb_mcu.o
    0x00004a6a   0x00004a6a   0x00000022   Code   RO         2026    .text.usbfs_d1fifo_handler  r_usb_mcu.o
    0x00004a8c   0x00004a8c   0x00000034   Code   RO         2020    .text.usbfs_interrupt_handler  r_usb_mcu.o
    0x00004ac0   0x00004ac0   0x00000032   Code   RO         2022    .text.usbfs_resume_handler  r_usb_mcu.o
    0x00004af2   0x00004af2   0x00000020   Code   RO          613    .text.uxListRemove  list.o
    0x00004b12   0x00004b12   0x0000000c   Code   RO          824    .text.uxTaskGetNumberOfTasks  tasks.o
    0x00004b1e   0x00004b1e   0x0000001a   Code   RO         2263    .text.vApplicationGetIdleTaskMemory  main.o
    0x00004b38   0x00004b38   0x0000001a   Code   RO         2265    .text.vApplicationGetTimerTaskMemory  main.o
    0x00004b52   0x00004b52   0x00000018   Code   RO         2148    .text.vApplicationIdleHook  port.o
    0x00004b6a   0x00004b6a   0x00000016   Code   RO          605    .text.vListInitialise  list.o
    0x00004b80   0x00004b80   0x00000006   Code   RO          607    .text.vListInitialiseItem  list.o
    0x00004b86   0x00004b86   0x00000002   PAD
    0x00004b88   0x00004b88   0x0000003a   Code   RO          611    .text.vListInsert   list.o
    0x00004bc2   0x00004bc2   0x0000004c   Code   RO         2142    .text.vPortEnterCritical  port.o
    0x00004c0e   0x00004c0e   0x00000002   PAD
    0x00004c10   0x00004c10   0x0000004c   Code   RO         2144    .text.vPortExitCritical  port.o
    0x00004c5c   0x00004c5c   0x00000138   Code   RO          625    .text.vPortFree     heap_4.o
    0x00004d94   0x00004d94   0x0000003c   Code   RO         2130    .text.vPortSVCHandler_C  port.o
    0x00004dd0   0x00004dd0   0x00000046   Code   RO         2138    .text.vPortSetupTimerInterrupt  port.o
    0x00004e16   0x00004e16   0x00000002   PAD
    0x00004e18   0x00004e18   0x000000b4   Code   RO         2150    .text.vPortValidateInterruptPriority  port.o
    0x00004ecc   0x00004ecc   0x0000005e   Code   RO          705    .text.vQueueAddToRegistry  queue.o
    0x00004f2a   0x00004f2a   0x00000046   Code   RO          709    .text.vQueueWaitForMessageRestricted  queue.o
    0x00004f70   0x00004f70   0x00000056   Code   RO          796    .text.vTaskDelay    tasks.o
    0x00004fc6   0x00004fc6   0x0000001a   Code   RO          844    .text.vTaskInternalSetTimeOutState  tasks.o
    0x00004fe0   0x00004fe0   0x0000000e   Code   RO          848    .text.vTaskMissedYield  tasks.o
    0x00004fee   0x00004fee   0x0000003a   Code   RO          832    .text.vTaskPlaceOnEventList  tasks.o
    0x00005028   0x00005028   0x0000006c   Code   RO          836    .text.vTaskPlaceOnEventListRestricted  tasks.o
    0x00005094   0x00005094   0x000000bc   Code   RO          812    .text.vTaskStartScheduler  tasks.o
    0x00005150   0x00005150   0x00000010   Code   RO          790    .text.vTaskSuspendAll  tasks.o
    0x00005160   0x00005160   0x0000009c   Code   RO          806    .text.vTaskSwitchContext  tasks.o
    0x000051fc   0x000051fc   0x0000003c   Code   RO         2136    .text.xPortStartScheduler  port.o
    0x00005238   0x00005238   0x00000040   Code   RO          663    .text.xQueueCreateCountingSemaphoreStatic  queue.o
    0x00005278   0x00005278   0x000000a8   Code   RO          657    .text.xQueueGenericCreateStatic  queue.o
    0x00005320   0x00005320   0x000000cc   Code   RO          655    .text.xQueueGenericReset  queue.o
    0x000053ec   0x000053ec   0x000001a8   Code   RO          667    .text.xQueueGenericSend  queue.o
    0x00005594   0x00005594   0x000000fe   Code   RO          673    .text.xQueueGenericSendFromISR  queue.o
    0x00005692   0x00005692   0x00000002   PAD
    0x00005694   0x00005694   0x0000019a   Code   RO          677    .text.xQueueReceive  queue.o
    0x0000582e   0x0000582e   0x00000002   PAD
    0x00005830   0x00005830   0x00000172   Code   RO          679    .text.xQueueSemaphoreTake  queue.o
    0x000059a2   0x000059a2   0x00000002   PAD
    0x000059a4   0x000059a4   0x0000009c   Code   RO          846    .text.xTaskCheckForTimeOut  tasks.o
    0x00005a40   0x00005a40   0x000000e0   Code   RO          778    .text.xTaskCreateStatic  tasks.o
    0x00005b20   0x00005b20   0x00000024   Code   RO          858    .text.xTaskGetSchedulerState  tasks.o
    0x00005b44   0x00005b44   0x0000000c   Code   RO          820    .text.xTaskGetTickCount  tasks.o
    0x00005b50   0x00005b50   0x00000192   Code   RO          818    .text.xTaskIncrementTick  tasks.o
    0x00005ce2   0x00005ce2   0x000000f2   Code   RO          838    .text.xTaskRemoveFromEventList  tasks.o
    0x00005dd4   0x00005dd4   0x00000198   Code   RO          794    .text.xTaskResumeAll  tasks.o
    0x00005f6c   0x00005f6c   0x0000007c   Code   RO          913    .text.xTimerCreateTimerTask  timers.o
    0x00005fe8   0x00005fe8   0x00000026   Code   RO         2413    i.__ARM_fpclassifyf  m_wm.l(fpclassifyf.o)
    0x0000600e   0x0000600e   0x00000002   PAD
    0x00006010   0x00006010   0x00000050   Code   RO         2377    i.__free$2region    mc_w.l(malloc2.o)
    0x00006060   0x00006060   0x000002ac   Code   RO         2335    i.__hardfp_atan2f   m_wm.l(atan2f.o)
    0x0000630c   0x0000630c   0x00000150   Code   RO         2341    i.__hardfp_cosf     m_wm.l(cosf.o)
    0x0000645c   0x0000645c   0x00000190   Code   RO         2353    i.__hardfp_sinf     m_wm.l(sinf.o)
    0x000065ec   0x000065ec   0x0000006c   Code   RO         2378    i.__malloc$2region  mc_w.l(malloc2.o)
    0x00006658   0x00006658   0x00000006   Code   RO         2416    i.__mathlib_flt_infnan  m_wm.l(funder.o)
    0x0000665e   0x0000665e   0x00000006   Code   RO         2417    i.__mathlib_flt_infnan2  m_wm.l(funder.o)
    0x00006664   0x00006664   0x00000010   Code   RO         2418    i.__mathlib_flt_invalid  m_wm.l(funder.o)
    0x00006674   0x00006674   0x00000010   Code   RO         2421    i.__mathlib_flt_underflow  m_wm.l(funder.o)
    0x00006684   0x00006684   0x00000154   Code   RO         2429    i.__mathlib_rredf2  m_wm.l(rredf.o)
    0x000067d8   0x000067d8   0x0000000c   Code   RO         2446    i.__set_errno       mc_w.l(errno.o)
    0x000067e4   0x000067e4   0x00000020   Data   RO         2430    .constdata          m_wm.l(rredf.o)
    0x00006804   0x00006804   0x00000070   Data   RO          558    .rodata..L__const.Dummy_Motormatic_Init.motor_configs  dummy_motormatic.o
    0x00006874   0x00006874   0x00000048   Data   RO          557    .rodata..L__const.Dummy_Motormatic_Init.my_arm_config  dummy_motormatic.o
    0x000068bc   0x000068bc   0x0000000c   Data   RO         2200    .rodata.bt_transfer0  hal_data.o
    0x000068c8   0x000068c8   0x00000008   Data   RO         2198    .rodata.bt_transfer0_cfg  hal_data.o
    0x000068d0   0x000068d0   0x00000004   Data   RO         2197    .rodata.bt_transfer0_cfg_extend  hal_data.o
    0x000068d4   0x000068d4   0x0000000c   Data   RO         2195    .rodata.bt_transfer1  hal_data.o
    0x000068e0   0x000068e0   0x00000008   Data   RO         2193    .rodata.bt_transfer1_cfg  hal_data.o
    0x000068e8   0x000068e8   0x00000004   Data   RO         2192    .rodata.bt_transfer1_cfg_extend  hal_data.o
    0x000068ec   0x000068ec   0x00000044   Data   RO         2203    .rodata.bt_uart_cfg  hal_data.o
    0x00006930   0x00006930   0x0000002c   Data   RO         2202    .rodata.bt_uart_cfg_extend  hal_data.o
    0x0000695c   0x0000695c   0x00000010   Data   RO          189    .rodata.can_afl     bsp_can.o
    0x0000696c   0x0000696c   0x00000080   Data   RO         1161    .rodata.copy_list   bsp_linker.o
    0x000069ec   0x000069ec   0x00000004   Data   RO         2177    .rodata.daemon_task_parameters  daemon_task.o
    0x000069f0   0x000069f0   0x0000000c   Data   RO         2301    .rodata.g_bsp_pin_cfg  pin_data.o
    0x000069fc   0x000069fc   0x00000078   Data   RO         2300    .rodata.g_bsp_pin_cfg_data  pin_data.o
    0x00006a74   0x00006a74   0x00000018   Data   RO         1163    .rodata.g_init_info  bsp_linker.o
    0x00006a8c   0x00006a8c   0x00000064   Data   RO         2324    .rodata.g_interrupt_event_link_select  vector_data.o
    0x00006af0   0x00006af0   0x0000000a   Data   RO         1107    .rodata.g_prcr_masks  bsp_register_protection.o
    0x00006afa   0x00006afa   0x00000002   PAD
    0x00006afc   0x00006afc   0x0000002c   Data   RO         1229    .rodata.g_transfer_on_dtc  r_dtc.o
    0x00006b28   0x00006b28   0x00000004   Data   RO         1129    .rodata.gp_ddsc_DATA_FLASH_END  bsp_linker.o
    0x00006b2c   0x00006b2c   0x00000004   Data   RO         1128    .rodata.gp_ddsc_DATA_FLASH_START  bsp_linker.o
    0x00006b30   0x00006b30   0x00000004   Data   RO         1131    .rodata.gp_ddsc_FLASH_END  bsp_linker.o
    0x00006b34   0x00006b34   0x00000004   Data   RO         1130    .rodata.gp_ddsc_FLASH_START  bsp_linker.o
    0x00006b38   0x00006b38   0x00000004   Data   RO         1141    .rodata.gp_ddsc_OPTION_SETTING_BANKSEL_END  bsp_linker.o
    0x00006b3c   0x00006b3c   0x00000004   Data   RO         1149    .rodata.gp_ddsc_OPTION_SETTING_BANKSEL_SEC_END  bsp_linker.o
    0x00006b40   0x00006b40   0x00000004   Data   RO         1148    .rodata.gp_ddsc_OPTION_SETTING_BANKSEL_SEC_START  bsp_linker.o
    0x00006b44   0x00006b44   0x00000004   Data   RO         1157    .rodata.gp_ddsc_OPTION_SETTING_BANKSEL_SEL_END  bsp_linker.o
    0x00006b48   0x00006b48   0x00000004   Data   RO         1156    .rodata.gp_ddsc_OPTION_SETTING_BANKSEL_SEL_START  bsp_linker.o
    0x00006b4c   0x00006b4c   0x00000004   Data   RO         1140    .rodata.gp_ddsc_OPTION_SETTING_BANKSEL_START  bsp_linker.o
    0x00006b50   0x00006b50   0x00000004   Data   RO         1143    .rodata.gp_ddsc_OPTION_SETTING_BPS_END  bsp_linker.o
    0x00006b54   0x00006b54   0x00000004   Data   RO         1151    .rodata.gp_ddsc_OPTION_SETTING_BPS_SEC_END  bsp_linker.o
    0x00006b58   0x00006b58   0x00000004   Data   RO         1150    .rodata.gp_ddsc_OPTION_SETTING_BPS_SEC_START  bsp_linker.o
    0x00006b5c   0x00006b5c   0x00000004   Data   RO         1159    .rodata.gp_ddsc_OPTION_SETTING_BPS_SEL_END  bsp_linker.o
    0x00006b60   0x00006b60   0x00000004   Data   RO         1158    .rodata.gp_ddsc_OPTION_SETTING_BPS_SEL_START  bsp_linker.o
    0x00006b64   0x00006b64   0x00000004   Data   RO         1142    .rodata.gp_ddsc_OPTION_SETTING_BPS_START  bsp_linker.o
    0x00006b68   0x00006b68   0x00000004   Data   RO         1137    .rodata.gp_ddsc_OPTION_SETTING_DUALSEL_END  bsp_linker.o
    0x00006b6c   0x00006b6c   0x00000004   Data   RO         1136    .rodata.gp_ddsc_OPTION_SETTING_DUALSEL_START  bsp_linker.o
    0x00006b70   0x00006b70   0x00000004   Data   RO         1135    .rodata.gp_ddsc_OPTION_SETTING_OFS0_END  bsp_linker.o
    0x00006b74   0x00006b74   0x00000004   Data   RO         1134    .rodata.gp_ddsc_OPTION_SETTING_OFS0_START  bsp_linker.o
    0x00006b78   0x00006b78   0x00000004   Data   RO         1139    .rodata.gp_ddsc_OPTION_SETTING_OFS1_END  bsp_linker.o
    0x00006b7c   0x00006b7c   0x00000004   Data   RO         1147    .rodata.gp_ddsc_OPTION_SETTING_OFS1_SEC_END  bsp_linker.o
    0x00006b80   0x00006b80   0x00000004   Data   RO         1146    .rodata.gp_ddsc_OPTION_SETTING_OFS1_SEC_START  bsp_linker.o
    0x00006b84   0x00006b84   0x00000004   Data   RO         1155    .rodata.gp_ddsc_OPTION_SETTING_OFS1_SEL_END  bsp_linker.o
    0x00006b88   0x00006b88   0x00000004   Data   RO         1154    .rodata.gp_ddsc_OPTION_SETTING_OFS1_SEL_START  bsp_linker.o
    0x00006b8c   0x00006b8c   0x00000004   Data   RO         1138    .rodata.gp_ddsc_OPTION_SETTING_OFS1_START  bsp_linker.o
    0x00006b90   0x00006b90   0x00000004   Data   RO         1145    .rodata.gp_ddsc_OPTION_SETTING_PBPS_END  bsp_linker.o
    0x00006b94   0x00006b94   0x00000004   Data   RO         1153    .rodata.gp_ddsc_OPTION_SETTING_PBPS_SEC_END  bsp_linker.o
    0x00006b98   0x00006b98   0x00000004   Data   RO         1152    .rodata.gp_ddsc_OPTION_SETTING_PBPS_SEC_START  bsp_linker.o
    0x00006b9c   0x00006b9c   0x00000004   Data   RO         1144    .rodata.gp_ddsc_OPTION_SETTING_PBPS_START  bsp_linker.o
    0x00006ba0   0x00006ba0   0x00000004   Data   RO         1127    .rodata.gp_ddsc_OSPI0_CS0_END  bsp_linker.o
    0x00006ba4   0x00006ba4   0x00000004   Data   RO         1126    .rodata.gp_ddsc_OSPI0_CS0_START  bsp_linker.o
    0x00006ba8   0x00006ba8   0x00000004   Data   RO         1125    .rodata.gp_ddsc_OSPI0_CS1_END  bsp_linker.o
    0x00006bac   0x00006bac   0x00000004   Data   RO         1124    .rodata.gp_ddsc_OSPI0_CS1_START  bsp_linker.o
    0x00006bb0   0x00006bb0   0x00000004   Data   RO         1123    .rodata.gp_ddsc_QSPI_FLASH_END  bsp_linker.o
    0x00006bb4   0x00006bb4   0x00000004   Data   RO         1122    .rodata.gp_ddsc_QSPI_FLASH_START  bsp_linker.o
    0x00006bb8   0x00006bb8   0x00000004   Data   RO         1133    .rodata.gp_ddsc_RAM_END  bsp_linker.o
    0x00006bbc   0x00006bbc   0x00000004   Data   RO         1132    .rodata.gp_ddsc_RAM_START  bsp_linker.o
    0x00006bc0   0x00006bc0   0x00000024   Data   RO         2248    .rodata.motor_ctrl_can_cfg  hal_data.o
    0x00006be4   0x00006be4   0x00000004   Data   RO         2288    .rodata.motor_ctrl_task_parameters  motor_ctrl_task.o
    0x00006be8   0x00006be8   0x00000010   Data   RO         1162    .rodata.nocache_list  bsp_linker.o
    0x00006bf8   0x00006bf8   0x0000000c   Data   RO         2223    .rodata.pc_transfer0  hal_data.o
    0x00006c04   0x00006c04   0x00000008   Data   RO         2221    .rodata.pc_transfer0_cfg  hal_data.o
    0x00006c0c   0x00006c0c   0x00000004   Data   RO         2220    .rodata.pc_transfer0_cfg_extend  hal_data.o
    0x00006c10   0x00006c10   0x0000000c   Data   RO         2228    .rodata.pc_transfer1  hal_data.o
    0x00006c1c   0x00006c1c   0x00000008   Data   RO         2226    .rodata.pc_transfer1_cfg  hal_data.o
    0x00006c24   0x00006c24   0x00000004   Data   RO         2225    .rodata.pc_transfer1_cfg_extend  hal_data.o
    0x00006c28   0x00006c28   0x00000044   Data   RO         2231    .rodata.pc_uart_cfg  hal_data.o
    0x00006c6c   0x00006c6c   0x0000002c   Data   RO         2230    .rodata.pc_uart_cfg_extend  hal_data.o
    0x00006c98   0x00006c98   0x00000004   Data   RO         2311    .rodata.robot_task_parameters  robot_task.o
    0x00006c9c   0x00006c9c   0x00000044   Data   RO         2241    .rodata.sbus_cfg    hal_data.o
    0x00006ce0   0x00006ce0   0x0000002c   Data   RO         2240    .rodata.sbus_cfg_extend  hal_data.o
    0x00006d0c   0x00006d0c   0x0000000c   Data   RO         2238    .rodata.sbus_dtc_transfer  hal_data.o
    0x00006d18   0x00006d18   0x00000008   Data   RO         2236    .rodata.sbus_dtc_transfer_cfg  hal_data.o
    0x00006d20   0x00006d20   0x00000004   Data   RO         2235    .rodata.sbus_dtc_transfer_cfg_extend  hal_data.o
    0x00006d24   0x00006d24   0x000002d5   Data   RO          643    .rodata.str1.1      heap_4.o
    0x00006ff9   0x00006ff9   0x00000285   Data   RO          711    .rodata.str1.1      queue.o
    0x0000727e   0x0000727e   0x00000202   Data   RO          889    .rodata.str1.1      tasks.o
    0x00007480   0x00007480   0x00000059   Data   RO          963    .rodata.str1.1      timers.o
    0x000074d9   0x000074d9   0x00000092   Data   RO         2152    .rodata.str1.1      port.o
    0x0000756b   0x0000756b   0x00000001   PAD
    0x0000756c   0x0000756c   0x00000004   Data   RO          898    .rodata.uxTopUsedPriority  tasks.o
    0x00007570   0x00007570   0x00000030   Data   RO         1160    .rodata.zero_list   bsp_linker.o
    0x000075a0   0x000075a0   0x00000004   Data   RO         1045    .version            bsp_common.o
    0x000075a4   0x000075a4   0x00000006   Data   RO         1046    .version            bsp_common.o
    0x000075aa   0x000075aa   0x00000044   Data   RO         1047    .version            bsp_common.o


    Execution Region __init_array_start (Exec base: 0x000075f0, Load base: 0x000075f0, Size: 0x00000000, Max: 0x00000000, ABSOLUTE)

    Exec Addr    Load Addr    Size         Type   Attr      Idx    E Section Name        Object

    0x000075f0        -       0x00000000   Zero   RW           48    __init_array_start.bss  anon$$obj.o


    Execution Region __flash_init_array (Exec base: 0x000075f0, Load base: 0x000075f0, Size: 0x00000000, Max: 0xffffffff, ABSOLUTE, FIXED)

    **** No section assigned to this execution region ****


    Execution Region __init_array_end (Exec base: 0x000075f0, Load base: 0x000075f0, Size: 0x00000000, Max: 0x00000000, ABSOLUTE)

    Exec Addr    Load Addr    Size         Type   Attr      Idx    E Section Name        Object

    0x000075f0        -       0x00000000   Zero   RW           49    __init_array_end.bss  anon$$obj.o


    Execution Region __ddsc_FLASH_END (Exec base: 0x00007600, Load base: 0x000075f0, Size: 0x00000000, Max: 0x00000000, ABSOLUTE)

    Exec Addr    Load Addr    Size         Type   Attr      Idx    E Section Name        Object

    0x00007600        -       0x00000000   Zero   RW           50    __ddsc_FLASH_END.bss  anon$$obj.o


    Execution Region .flash.endof (Exec base: 0x00007600, Load base: 0x000075f0, Size: 0x00000000, Max: 0x00000000, ABSOLUTE)

    Exec Addr    Load Addr    Size         Type   Attr      Idx    E Section Name        Object

    0x00007600        -       0x00000000   Zero   RW           51    .flash.endof.bss    anon$$obj.o


    Execution Region __FLASH_end (Exec base: 0x00007600, Load base: 0x000075f0, Size: 0x00000000, Max: 0x00000000, ABSOLUTE)

    Exec Addr    Load Addr    Size         Type   Attr      Idx    E Section Name        Object

    0x00007600        -       0x00000000   Zero   RW           52    __FLASH_end.bss     anon$$obj.o



  Load Region LOAD_REGION_OPTION_SETTING_OFS0 (Base: 0x0100a100, Size: 0x00000004, Max: 0x00000004, ABSOLUTE)

    Execution Region __OPTION_SETTING_OFS0_start (Exec base: 0x0100a100, Load base: 0x0100a100, Size: 0x00000000, Max: 0x00000000, ABSOLUTE)

    Exec Addr    Load Addr    Size         Type   Attr      Idx    E Section Name        Object

    0x0100a100        -       0x00000000   Zero   RW           53    __OPTION_SETTING_OFS0_start.bss  anon$$obj.o


    Execution Region __OPTION_SETTING_OFS0_init (Exec base: 0x0100a100, Load base: 0x0100a100, Size: 0x00000000, Max: 0x00000000, ABSOLUTE)

    Exec Addr    Load Addr    Size         Type   Attr      Idx    E Section Name        Object

    0x0100a100        -       0x00000000   Zero   RW           54    __OPTION_SETTING_OFS0_init.bss  anon$$obj.o


    Execution Region __ddsc_OPTION_SETTING_OFS0_START (Exec base: 0x0100a100, Load base: 0x0100a100, Size: 0x00000000, Max: 0x00000000, ABSOLUTE)

    Exec Addr    Load Addr    Size         Type   Attr      Idx    E Section Name        Object

    0x0100a100        -       0x00000000   Zero   RW           55    __ddsc_OPTION_SETTING_OFS0_START.bss  anon$$obj.o


    Execution Region .option_setting_ofs0.startof (Exec base: 0x0100a100, Load base: 0x0100a100, Size: 0x00000000, Max: 0x00000000, ABSOLUTE)

    Exec Addr    Load Addr    Size         Type   Attr      Idx    E Section Name        Object

    0x0100a100        -       0x00000000   Zero   RW           56    .option_setting_ofs0.startof.bss  anon$$obj.o


    Execution Region __option_setting_ofs0_reg (Exec base: 0x0100a100, Load base: 0x0100a100, Size: 0x00000004, Max: 0xffffffff, ABSOLUTE, FIXED)

    Exec Addr    Load Addr    Size         Type   Attr      Idx    E Section Name        Object

    0x0100a100   0x0100a100   0x00000004   Data   RO         1119    .option_setting_ofs0  bsp_linker.o


    Execution Region __ddsc_OPTION_SETTING_OFS0_END (Exec base: 0x0100a104, Load base: 0x0100a104, Size: 0x00000000, Max: 0x00000000, ABSOLUTE)

    Exec Addr    Load Addr    Size         Type   Attr      Idx    E Section Name        Object

    0x0100a104        -       0x00000000   Zero   RW           57    __ddsc_OPTION_SETTING_OFS0_END.bss  anon$$obj.o


    Execution Region .option_setting_ofs0.endof (Exec base: 0x0100a104, Load base: 0x0100a104, Size: 0x00000000, Max: 0x00000000, ABSOLUTE)

    Exec Addr    Load Addr    Size         Type   Attr      Idx    E Section Name        Object

    0x0100a104        -       0x00000000   Zero   RW           58    .option_setting_ofs0.endof.bss  anon$$obj.o


    Execution Region __OPTION_SETTING_OFS0_end (Exec base: 0x0100a104, Load base: 0x0100a104, Size: 0x00000000, Max: 0x00000000, ABSOLUTE)

    Exec Addr    Load Addr    Size         Type   Attr      Idx    E Section Name        Object

    0x0100a104        -       0x00000000   Zero   RW           59    __OPTION_SETTING_OFS0_end.bss  anon$$obj.o



  Load Region LOAD_REGION_OPTION_SETTING_DUALSEL (Base: 0x0100a110, Size: 0x00000000, Max: 0x00000004, ABSOLUTE)

    Execution Region __OPTION_SETTING_DUALSEL_start (Exec base: 0x0100a110, Load base: 0x0100a110, Size: 0x00000000, Max: 0x00000000, ABSOLUTE)

    Exec Addr    Load Addr    Size         Type   Attr      Idx    E Section Name        Object

    0x0100a110        -       0x00000000   Zero   RW           60    __OPTION_SETTING_DUALSEL_start.bss  anon$$obj.o


    Execution Region __OPTION_SETTING_DUALSEL_init (Exec base: 0x0100a110, Load base: 0x0100a110, Size: 0x00000000, Max: 0x00000000, ABSOLUTE)

    Exec Addr    Load Addr    Size         Type   Attr      Idx    E Section Name        Object

    0x0100a110        -       0x00000000   Zero   RW           61    __OPTION_SETTING_DUALSEL_init.bss  anon$$obj.o


    Execution Region __ddsc_OPTION_SETTING_DUALSEL_START (Exec base: 0x0100a110, Load base: 0x0100a110, Size: 0x00000000, Max: 0x00000000, ABSOLUTE)

    Exec Addr    Load Addr    Size         Type   Attr      Idx    E Section Name        Object

    0x0100a110        -       0x00000000   Zero   RW           62    __ddsc_OPTION_SETTING_DUALSEL_START.bss  anon$$obj.o


    Execution Region .option_setting_dualsel.startof (Exec base: 0x0100a110, Load base: 0x0100a110, Size: 0x00000000, Max: 0x00000000, ABSOLUTE)

    Exec Addr    Load Addr    Size         Type   Attr      Idx    E Section Name        Object

    0x0100a110        -       0x00000000   Zero   RW           63    .option_setting_dualsel.startof.bss  anon$$obj.o


    Execution Region __option_setting_dualsel_reg (Exec base: 0x0100a110, Load base: 0x0100a110, Size: 0x00000000, Max: 0xffffffff, ABSOLUTE, FIXED)

    **** No section assigned to this execution region ****


    Execution Region __ddsc_OPTION_SETTING_DUALSEL_END (Exec base: 0x0100a110, Load base: 0x0100a110, Size: 0x00000000, Max: 0x00000000, ABSOLUTE)

    Exec Addr    Load Addr    Size         Type   Attr      Idx    E Section Name        Object

    0x0100a110        -       0x00000000   Zero   RW           64    __ddsc_OPTION_SETTING_DUALSEL_END.bss  anon$$obj.o


    Execution Region .option_setting_dualsel.endof (Exec base: 0x0100a110, Load base: 0x0100a110, Size: 0x00000000, Max: 0x00000000, ABSOLUTE)

    Exec Addr    Load Addr    Size         Type   Attr      Idx    E Section Name        Object

    0x0100a110        -       0x00000000   Zero   RW           65    .option_setting_dualsel.endof.bss  anon$$obj.o


    Execution Region __OPTION_SETTING_DUALSEL_end (Exec base: 0x0100a110, Load base: 0x0100a110, Size: 0x00000000, Max: 0x00000000, ABSOLUTE)

    Exec Addr    Load Addr    Size         Type   Attr      Idx    E Section Name        Object

    0x0100a110        -       0x00000000   Zero   RW           66    __OPTION_SETTING_DUALSEL_end.bss  anon$$obj.o



  Load Region LOAD_REGION_OPTION_SETTING_OFS1 (Base: 0x0100a180, Size: 0x00000000, Max: 0x00000004, ABSOLUTE)

    Execution Region __OPTION_SETTING_OFS1_start (Exec base: 0x0100a180, Load base: 0x0100a180, Size: 0x00000000, Max: 0x00000000, ABSOLUTE)

    Exec Addr    Load Addr    Size         Type   Attr      Idx    E Section Name        Object

    0x0100a180        -       0x00000000   Zero   RW           67    __OPTION_SETTING_OFS1_start.bss  anon$$obj.o


    Execution Region __OPTION_SETTING_OFS1_init (Exec base: 0x0100a180, Load base: 0x0100a180, Size: 0x00000000, Max: 0x00000000, ABSOLUTE)

    Exec Addr    Load Addr    Size         Type   Attr      Idx    E Section Name        Object

    0x0100a180        -       0x00000000   Zero   RW           68    __OPTION_SETTING_OFS1_init.bss  anon$$obj.o


    Execution Region __ddsc_OPTION_SETTING_OFS1_START (Exec base: 0x0100a180, Load base: 0x0100a180, Size: 0x00000000, Max: 0x00000000, ABSOLUTE)

    Exec Addr    Load Addr    Size         Type   Attr      Idx    E Section Name        Object

    0x0100a180        -       0x00000000   Zero   RW           69    __ddsc_OPTION_SETTING_OFS1_START.bss  anon$$obj.o


    Execution Region .option_setting_ofs1.startof (Exec base: 0x0100a180, Load base: 0x0100a180, Size: 0x00000000, Max: 0x00000000, ABSOLUTE)

    Exec Addr    Load Addr    Size         Type   Attr      Idx    E Section Name        Object

    0x0100a180        -       0x00000000   Zero   RW           70    .option_setting_ofs1.startof.bss  anon$$obj.o


    Execution Region __option_setting_ofs1_reg (Exec base: 0x0100a180, Load base: 0x0100a180, Size: 0x00000000, Max: 0xffffffff, ABSOLUTE, FIXED)

    **** No section assigned to this execution region ****


    Execution Region __ddsc_OPTION_SETTING_OFS1_END (Exec base: 0x0100a180, Load base: 0x0100a180, Size: 0x00000000, Max: 0x00000000, ABSOLUTE)

    Exec Addr    Load Addr    Size         Type   Attr      Idx    E Section Name        Object

    0x0100a180        -       0x00000000   Zero   RW           71    __ddsc_OPTION_SETTING_OFS1_END.bss  anon$$obj.o


    Execution Region .option_setting_ofs1.endof (Exec base: 0x0100a180, Load base: 0x0100a180, Size: 0x00000000, Max: 0x00000000, ABSOLUTE)

    Exec Addr    Load Addr    Size         Type   Attr      Idx    E Section Name        Object

    0x0100a180        -       0x00000000   Zero   RW           72    .option_setting_ofs1.endof.bss  anon$$obj.o


    Execution Region __OPTION_SETTING_OFS1_end (Exec base: 0x0100a180, Load base: 0x0100a180, Size: 0x00000000, Max: 0x00000000, ABSOLUTE)

    Exec Addr    Load Addr    Size         Type   Attr      Idx    E Section Name        Object

    0x0100a180        -       0x00000000   Zero   RW           73    __OPTION_SETTING_OFS1_end.bss  anon$$obj.o



  Load Region LOAD_REGION_OPTION_SETTING_BANKSEL (Base: 0x0100a190, Size: 0x00000000, Max: 0x00000004, ABSOLUTE)

    Execution Region __OPTION_SETTING_BANKSEL_start (Exec base: 0x0100a190, Load base: 0x0100a190, Size: 0x00000000, Max: 0x00000000, ABSOLUTE)

    Exec Addr    Load Addr    Size         Type   Attr      Idx    E Section Name        Object

    0x0100a190        -       0x00000000   Zero   RW           74    __OPTION_SETTING_BANKSEL_start.bss  anon$$obj.o


    Execution Region __OPTION_SETTING_BANKSEL_init (Exec base: 0x0100a190, Load base: 0x0100a190, Size: 0x00000000, Max: 0x00000000, ABSOLUTE)

    Exec Addr    Load Addr    Size         Type   Attr      Idx    E Section Name        Object

    0x0100a190        -       0x00000000   Zero   RW           75    __OPTION_SETTING_BANKSEL_init.bss  anon$$obj.o


    Execution Region __ddsc_OPTION_SETTING_BANKSEL_START (Exec base: 0x0100a190, Load base: 0x0100a190, Size: 0x00000000, Max: 0x00000000, ABSOLUTE)

    Exec Addr    Load Addr    Size         Type   Attr      Idx    E Section Name        Object

    0x0100a190        -       0x00000000   Zero   RW           76    __ddsc_OPTION_SETTING_BANKSEL_START.bss  anon$$obj.o


    Execution Region .option_setting_banksel.startof (Exec base: 0x0100a190, Load base: 0x0100a190, Size: 0x00000000, Max: 0x00000000, ABSOLUTE)

    Exec Addr    Load Addr    Size         Type   Attr      Idx    E Section Name        Object

    0x0100a190        -       0x00000000   Zero   RW           77    .option_setting_banksel.startof.bss  anon$$obj.o


    Execution Region __option_setting_banksel_reg (Exec base: 0x0100a190, Load base: 0x0100a190, Size: 0x00000000, Max: 0xffffffff, ABSOLUTE, FIXED)

    **** No section assigned to this execution region ****


    Execution Region __ddsc_OPTION_SETTING_BANKSEL_END (Exec base: 0x0100a190, Load base: 0x0100a190, Size: 0x00000000, Max: 0x00000000, ABSOLUTE)

    Exec Addr    Load Addr    Size         Type   Attr      Idx    E Section Name        Object

    0x0100a190        -       0x00000000   Zero   RW           78    __ddsc_OPTION_SETTING_BANKSEL_END.bss  anon$$obj.o


    Execution Region .option_setting_banksel.endof (Exec base: 0x0100a190, Load base: 0x0100a190, Size: 0x00000000, Max: 0x00000000, ABSOLUTE)

    Exec Addr    Load Addr    Size         Type   Attr      Idx    E Section Name        Object

    0x0100a190        -       0x00000000   Zero   RW           79    .option_setting_banksel.endof.bss  anon$$obj.o


    Execution Region __OPTION_SETTING_BANKSEL_end (Exec base: 0x0100a190, Load base: 0x0100a190, Size: 0x00000000, Max: 0x00000000, ABSOLUTE)

    Exec Addr    Load Addr    Size         Type   Attr      Idx    E Section Name        Object

    0x0100a190        -       0x00000000   Zero   RW           80    __OPTION_SETTING_BANKSEL_end.bss  anon$$obj.o



  Load Region LOAD_REGION_OPTION_SETTING_BPS (Base: 0x0100a1c0, Size: 0x00000000, Max: 0x00000010, ABSOLUTE)

    Execution Region __OPTION_SETTING_BPS_start (Exec base: 0x0100a1c0, Load base: 0x0100a1c0, Size: 0x00000000, Max: 0x00000000, ABSOLUTE)

    Exec Addr    Load Addr    Size         Type   Attr      Idx    E Section Name        Object

    0x0100a1c0        -       0x00000000   Zero   RW           81    __OPTION_SETTING_BPS_start.bss  anon$$obj.o


    Execution Region __OPTION_SETTING_BPS_init (Exec base: 0x0100a1c0, Load base: 0x0100a1c0, Size: 0x00000000, Max: 0x00000000, ABSOLUTE)

    Exec Addr    Load Addr    Size         Type   Attr      Idx    E Section Name        Object

    0x0100a1c0        -       0x00000000   Zero   RW           82    __OPTION_SETTING_BPS_init.bss  anon$$obj.o


    Execution Region __ddsc_OPTION_SETTING_BPS_START (Exec base: 0x0100a1c0, Load base: 0x0100a1c0, Size: 0x00000000, Max: 0x00000000, ABSOLUTE)

    Exec Addr    Load Addr    Size         Type   Attr      Idx    E Section Name        Object

    0x0100a1c0        -       0x00000000   Zero   RW           83    __ddsc_OPTION_SETTING_BPS_START.bss  anon$$obj.o


    Execution Region .option_setting_bps.startof (Exec base: 0x0100a1c0, Load base: 0x0100a1c0, Size: 0x00000000, Max: 0x00000000, ABSOLUTE)

    Exec Addr    Load Addr    Size         Type   Attr      Idx    E Section Name        Object

    0x0100a1c0        -       0x00000000   Zero   RW           84    .option_setting_bps.startof.bss  anon$$obj.o


    Execution Region __option_setting_bps_reg (Exec base: 0x0100a1c0, Load base: 0x0100a1c0, Size: 0x00000000, Max: 0xffffffff, ABSOLUTE, FIXED)

    **** No section assigned to this execution region ****


    Execution Region __ddsc_OPTION_SETTING_BPS_END (Exec base: 0x0100a1c0, Load base: 0x0100a1c0, Size: 0x00000000, Max: 0x00000000, ABSOLUTE)

    Exec Addr    Load Addr    Size         Type   Attr      Idx    E Section Name        Object

    0x0100a1c0        -       0x00000000   Zero   RW           85    __ddsc_OPTION_SETTING_BPS_END.bss  anon$$obj.o


    Execution Region .option_setting_bps.endof (Exec base: 0x0100a1c0, Load base: 0x0100a1c0, Size: 0x00000000, Max: 0x00000000, ABSOLUTE)

    Exec Addr    Load Addr    Size         Type   Attr      Idx    E Section Name        Object

    0x0100a1c0        -       0x00000000   Zero   RW           86    .option_setting_bps.endof.bss  anon$$obj.o


    Execution Region __OPTION_SETTING_BPS_end (Exec base: 0x0100a1c0, Load base: 0x0100a1c0, Size: 0x00000000, Max: 0x00000000, ABSOLUTE)

    Exec Addr    Load Addr    Size         Type   Attr      Idx    E Section Name        Object

    0x0100a1c0        -       0x00000000   Zero   RW           87    __OPTION_SETTING_BPS_end.bss  anon$$obj.o



  Load Region LOAD_REGION_OPTION_SETTING_PBPS (Base: 0x0100a1e0, Size: 0x00000000, Max: 0x00000010, ABSOLUTE)

    Execution Region __OPTION_SETTING_PBPS_start (Exec base: 0x0100a1e0, Load base: 0x0100a1e0, Size: 0x00000000, Max: 0x00000000, ABSOLUTE)

    Exec Addr    Load Addr    Size         Type   Attr      Idx    E Section Name        Object

    0x0100a1e0        -       0x00000000   Zero   RW           88    __OPTION_SETTING_PBPS_start.bss  anon$$obj.o


    Execution Region __OPTION_SETTING_PBPS_init (Exec base: 0x0100a1e0, Load base: 0x0100a1e0, Size: 0x00000000, Max: 0x00000000, ABSOLUTE)

    Exec Addr    Load Addr    Size         Type   Attr      Idx    E Section Name        Object

    0x0100a1e0        -       0x00000000   Zero   RW           89    __OPTION_SETTING_PBPS_init.bss  anon$$obj.o


    Execution Region __ddsc_OPTION_SETTING_PBPS_START (Exec base: 0x0100a1e0, Load base: 0x0100a1e0, Size: 0x00000000, Max: 0x00000000, ABSOLUTE)

    Exec Addr    Load Addr    Size         Type   Attr      Idx    E Section Name        Object

    0x0100a1e0        -       0x00000000   Zero   RW           90    __ddsc_OPTION_SETTING_PBPS_START.bss  anon$$obj.o


    Execution Region .option_setting_pbps.startof (Exec base: 0x0100a1e0, Load base: 0x0100a1e0, Size: 0x00000000, Max: 0x00000000, ABSOLUTE)

    Exec Addr    Load Addr    Size         Type   Attr      Idx    E Section Name        Object

    0x0100a1e0        -       0x00000000   Zero   RW           91    .option_setting_pbps.startof.bss  anon$$obj.o


    Execution Region __option_setting_pbps_reg (Exec base: 0x0100a1e0, Load base: 0x0100a1e0, Size: 0x00000000, Max: 0xffffffff, ABSOLUTE, FIXED)

    **** No section assigned to this execution region ****


    Execution Region __ddsc_OPTION_SETTING_PBPS_END (Exec base: 0x0100a1e0, Load base: 0x0100a1e0, Size: 0x00000000, Max: 0x00000000, ABSOLUTE)

    Exec Addr    Load Addr    Size         Type   Attr      Idx    E Section Name        Object

    0x0100a1e0        -       0x00000000   Zero   RW           92    __ddsc_OPTION_SETTING_PBPS_END.bss  anon$$obj.o


    Execution Region .option_setting_pbps.endof (Exec base: 0x0100a1e0, Load base: 0x0100a1e0, Size: 0x00000000, Max: 0x00000000, ABSOLUTE)

    Exec Addr    Load Addr    Size         Type   Attr      Idx    E Section Name        Object

    0x0100a1e0        -       0x00000000   Zero   RW           93    .option_setting_pbps.endof.bss  anon$$obj.o


    Execution Region __OPTION_SETTING_PBPS_end (Exec base: 0x0100a1e0, Load base: 0x0100a1e0, Size: 0x00000000, Max: 0x00000000, ABSOLUTE)

    Exec Addr    Load Addr    Size         Type   Attr      Idx    E Section Name        Object

    0x0100a1e0        -       0x00000000   Zero   RW           94    __OPTION_SETTING_PBPS_end.bss  anon$$obj.o



  Load Region LOAD_REGION_OPTION_SETTING_OFS1_SEC (Base: 0x0100a200, Size: 0x00000004, Max: 0x00000004, ABSOLUTE)

    Execution Region __OPTION_SETTING_OFS1_SEC_start (Exec base: 0x0100a200, Load base: 0x0100a200, Size: 0x00000000, Max: 0x00000000, ABSOLUTE)

    Exec Addr    Load Addr    Size         Type   Attr      Idx    E Section Name        Object

    0x0100a200        -       0x00000000   Zero   RW           95    __OPTION_SETTING_OFS1_SEC_start.bss  anon$$obj.o


    Execution Region __OPTION_SETTING_OFS1_SEC_init (Exec base: 0x0100a200, Load base: 0x0100a200, Size: 0x00000000, Max: 0x00000000, ABSOLUTE)

    Exec Addr    Load Addr    Size         Type   Attr      Idx    E Section Name        Object

    0x0100a200        -       0x00000000   Zero   RW           96    __OPTION_SETTING_OFS1_SEC_init.bss  anon$$obj.o


    Execution Region __ddsc_OPTION_SETTING_OFS1_SEC_START (Exec base: 0x0100a200, Load base: 0x0100a200, Size: 0x00000000, Max: 0x00000000, ABSOLUTE)

    Exec Addr    Load Addr    Size         Type   Attr      Idx    E Section Name        Object

    0x0100a200        -       0x00000000   Zero   RW           97    __ddsc_OPTION_SETTING_OFS1_SEC_START.bss  anon$$obj.o


    Execution Region .option_setting_ofs1_sec.startof (Exec base: 0x0100a200, Load base: 0x0100a200, Size: 0x00000000, Max: 0x00000000, ABSOLUTE)

    Exec Addr    Load Addr    Size         Type   Attr      Idx    E Section Name        Object

    0x0100a200        -       0x00000000   Zero   RW           98    .option_setting_ofs1_sec.startof.bss  anon$$obj.o


    Execution Region __option_setting_ofs1_sec_reg (Exec base: 0x0100a200, Load base: 0x0100a200, Size: 0x00000004, Max: 0xffffffff, ABSOLUTE, FIXED)

    Exec Addr    Load Addr    Size         Type   Attr      Idx    E Section Name        Object

    0x0100a200   0x0100a200   0x00000004   Data   RO         1120    .option_setting_ofs1_sec  bsp_linker.o


    Execution Region __ddsc_OPTION_SETTING_OFS1_SEC_END (Exec base: 0x0100a204, Load base: 0x0100a204, Size: 0x00000000, Max: 0x00000000, ABSOLUTE)

    Exec Addr    Load Addr    Size         Type   Attr      Idx    E Section Name        Object

    0x0100a204        -       0x00000000   Zero   RW           99    __ddsc_OPTION_SETTING_OFS1_SEC_END.bss  anon$$obj.o


    Execution Region .option_setting_ofs1_sec.endof (Exec base: 0x0100a204, Load base: 0x0100a204, Size: 0x00000000, Max: 0x00000000, ABSOLUTE)

    Exec Addr    Load Addr    Size         Type   Attr      Idx    E Section Name        Object

    0x0100a204        -       0x00000000   Zero   RW          100    .option_setting_ofs1_sec.endof.bss  anon$$obj.o


    Execution Region __OPTION_SETTING_OFS1_SEC_end (Exec base: 0x0100a204, Load base: 0x0100a204, Size: 0x00000000, Max: 0x00000000, ABSOLUTE)

    Exec Addr    Load Addr    Size         Type   Attr      Idx    E Section Name        Object

    0x0100a204        -       0x00000000   Zero   RW          101    __OPTION_SETTING_OFS1_SEC_end.bss  anon$$obj.o



  Load Region LOAD_REGION_OPTION_SETTING_BANKSEL_SEC (Base: 0x0100a210, Size: 0x00000000, Max: 0x00000004, ABSOLUTE)

    Execution Region __OPTION_SETTING_BANKSEL_SEC_start (Exec base: 0x0100a210, Load base: 0x0100a210, Size: 0x00000000, Max: 0x00000000, ABSOLUTE)

    Exec Addr    Load Addr    Size         Type   Attr      Idx    E Section Name        Object

    0x0100a210        -       0x00000000   Zero   RW          102    __OPTION_SETTING_BANKSEL_SEC_start.bss  anon$$obj.o


    Execution Region __OPTION_SETTING_BANKSEL_SEC_init (Exec base: 0x0100a210, Load base: 0x0100a210, Size: 0x00000000, Max: 0x00000000, ABSOLUTE)

    Exec Addr    Load Addr    Size         Type   Attr      Idx    E Section Name        Object

    0x0100a210        -       0x00000000   Zero   RW          103    __OPTION_SETTING_BANKSEL_SEC_init.bss  anon$$obj.o


    Execution Region __ddsc_OPTION_SETTING_BANKSEL_SEC_START (Exec base: 0x0100a210, Load base: 0x0100a210, Size: 0x00000000, Max: 0x00000000, ABSOLUTE)

    Exec Addr    Load Addr    Size         Type   Attr      Idx    E Section Name        Object

    0x0100a210        -       0x00000000   Zero   RW          104    __ddsc_OPTION_SETTING_BANKSEL_SEC_START.bss  anon$$obj.o


    Execution Region .option_setting_banksel_sec.startof (Exec base: 0x0100a210, Load base: 0x0100a210, Size: 0x00000000, Max: 0x00000000, ABSOLUTE)

    Exec Addr    Load Addr    Size         Type   Attr      Idx    E Section Name        Object

    0x0100a210        -       0x00000000   Zero   RW          105    .option_setting_banksel_sec.startof.bss  anon$$obj.o


    Execution Region __option_setting_banksel_sec_reg (Exec base: 0x0100a210, Load base: 0x0100a210, Size: 0x00000000, Max: 0xffffffff, ABSOLUTE, FIXED)

    **** No section assigned to this execution region ****


    Execution Region __ddsc_OPTION_SETTING_BANKSEL_SEC_END (Exec base: 0x0100a210, Load base: 0x0100a210, Size: 0x00000000, Max: 0x00000000, ABSOLUTE)

    Exec Addr    Load Addr    Size         Type   Attr      Idx    E Section Name        Object

    0x0100a210        -       0x00000000   Zero   RW          106    __ddsc_OPTION_SETTING_BANKSEL_SEC_END.bss  anon$$obj.o


    Execution Region .option_setting_banksel_sec.endof (Exec base: 0x0100a210, Load base: 0x0100a210, Size: 0x00000000, Max: 0x00000000, ABSOLUTE)

    Exec Addr    Load Addr    Size         Type   Attr      Idx    E Section Name        Object

    0x0100a210        -       0x00000000   Zero   RW          107    .option_setting_banksel_sec.endof.bss  anon$$obj.o


    Execution Region __OPTION_SETTING_BANKSEL_SEC_end (Exec base: 0x0100a210, Load base: 0x0100a210, Size: 0x00000000, Max: 0x00000000, ABSOLUTE)

    Exec Addr    Load Addr    Size         Type   Attr      Idx    E Section Name        Object

    0x0100a210        -       0x00000000   Zero   RW          108    __OPTION_SETTING_BANKSEL_SEC_end.bss  anon$$obj.o



  Load Region LOAD_REGION_OPTION_SETTING_BPS_SEC (Base: 0x0100a240, Size: 0x00000000, Max: 0x00000010, ABSOLUTE)

    Execution Region __OPTION_SETTING_BPS_SEC_start (Exec base: 0x0100a240, Load base: 0x0100a240, Size: 0x00000000, Max: 0x00000000, ABSOLUTE)

    Exec Addr    Load Addr    Size         Type   Attr      Idx    E Section Name        Object

    0x0100a240        -       0x00000000   Zero   RW          109    __OPTION_SETTING_BPS_SEC_start.bss  anon$$obj.o


    Execution Region __OPTION_SETTING_BPS_SEC_init (Exec base: 0x0100a240, Load base: 0x0100a240, Size: 0x00000000, Max: 0x00000000, ABSOLUTE)

    Exec Addr    Load Addr    Size         Type   Attr      Idx    E Section Name        Object

    0x0100a240        -       0x00000000   Zero   RW          110    __OPTION_SETTING_BPS_SEC_init.bss  anon$$obj.o


    Execution Region __ddsc_OPTION_SETTING_BPS_SEC_START (Exec base: 0x0100a240, Load base: 0x0100a240, Size: 0x00000000, Max: 0x00000000, ABSOLUTE)

    Exec Addr    Load Addr    Size         Type   Attr      Idx    E Section Name        Object

    0x0100a240        -       0x00000000   Zero   RW          111    __ddsc_OPTION_SETTING_BPS_SEC_START.bss  anon$$obj.o


    Execution Region .option_setting_bps_sec.startof (Exec base: 0x0100a240, Load base: 0x0100a240, Size: 0x00000000, Max: 0x00000000, ABSOLUTE)

    Exec Addr    Load Addr    Size         Type   Attr      Idx    E Section Name        Object

    0x0100a240        -       0x00000000   Zero   RW          112    .option_setting_bps_sec.startof.bss  anon$$obj.o


    Execution Region __option_setting_bps_sec_reg (Exec base: 0x0100a240, Load base: 0x0100a240, Size: 0x00000000, Max: 0xffffffff, ABSOLUTE, FIXED)

    **** No section assigned to this execution region ****


    Execution Region __ddsc_OPTION_SETTING_BPS_SEC_END (Exec base: 0x0100a240, Load base: 0x0100a240, Size: 0x00000000, Max: 0x00000000, ABSOLUTE)

    Exec Addr    Load Addr    Size         Type   Attr      Idx    E Section Name        Object

    0x0100a240        -       0x00000000   Zero   RW          113    __ddsc_OPTION_SETTING_BPS_SEC_END.bss  anon$$obj.o


    Execution Region .option_setting_bps_sec.endof (Exec base: 0x0100a240, Load base: 0x0100a240, Size: 0x00000000, Max: 0x00000000, ABSOLUTE)

    Exec Addr    Load Addr    Size         Type   Attr      Idx    E Section Name        Object

    0x0100a240        -       0x00000000   Zero   RW          114    .option_setting_bps_sec.endof.bss  anon$$obj.o


    Execution Region __OPTION_SETTING_BPS_SEC_end (Exec base: 0x0100a240, Load base: 0x0100a240, Size: 0x00000000, Max: 0x00000000, ABSOLUTE)

    Exec Addr    Load Addr    Size         Type   Attr      Idx    E Section Name        Object

    0x0100a240        -       0x00000000   Zero   RW          115    __OPTION_SETTING_BPS_SEC_end.bss  anon$$obj.o



  Load Region LOAD_REGION_OPTION_SETTING_PBPS_SEC (Base: 0x0100a260, Size: 0x00000000, Max: 0x00000010, ABSOLUTE)

    Execution Region __OPTION_SETTING_PBPS_SEC_start (Exec base: 0x0100a260, Load base: 0x0100a260, Size: 0x00000000, Max: 0x00000000, ABSOLUTE)

    Exec Addr    Load Addr    Size         Type   Attr      Idx    E Section Name        Object

    0x0100a260        -       0x00000000   Zero   RW          116    __OPTION_SETTING_PBPS_SEC_start.bss  anon$$obj.o


    Execution Region __OPTION_SETTING_PBPS_SEC_init (Exec base: 0x0100a260, Load base: 0x0100a260, Size: 0x00000000, Max: 0x00000000, ABSOLUTE)

    Exec Addr    Load Addr    Size         Type   Attr      Idx    E Section Name        Object

    0x0100a260        -       0x00000000   Zero   RW          117    __OPTION_SETTING_PBPS_SEC_init.bss  anon$$obj.o


    Execution Region __ddsc_OPTION_SETTING_PBPS_SEC_START (Exec base: 0x0100a260, Load base: 0x0100a260, Size: 0x00000000, Max: 0x00000000, ABSOLUTE)

    Exec Addr    Load Addr    Size         Type   Attr      Idx    E Section Name        Object

    0x0100a260        -       0x00000000   Zero   RW          118    __ddsc_OPTION_SETTING_PBPS_SEC_START.bss  anon$$obj.o


    Execution Region .option_setting_pbps_sec.startof (Exec base: 0x0100a260, Load base: 0x0100a260, Size: 0x00000000, Max: 0x00000000, ABSOLUTE)

    Exec Addr    Load Addr    Size         Type   Attr      Idx    E Section Name        Object

    0x0100a260        -       0x00000000   Zero   RW          119    .option_setting_pbps_sec.startof.bss  anon$$obj.o


    Execution Region __option_setting_pbps_sec_reg (Exec base: 0x0100a260, Load base: 0x0100a260, Size: 0x00000000, Max: 0xffffffff, ABSOLUTE, FIXED)

    **** No section assigned to this execution region ****


    Execution Region __ddsc_OPTION_SETTING_PBPS_SEC_END (Exec base: 0x0100a260, Load base: 0x0100a260, Size: 0x00000000, Max: 0x00000000, ABSOLUTE)

    Exec Addr    Load Addr    Size         Type   Attr      Idx    E Section Name        Object

    0x0100a260        -       0x00000000   Zero   RW          120    __ddsc_OPTION_SETTING_PBPS_SEC_END.bss  anon$$obj.o


    Execution Region .option_setting_pbps_sec.endof (Exec base: 0x0100a260, Load base: 0x0100a260, Size: 0x00000000, Max: 0x00000000, ABSOLUTE)

    Exec Addr    Load Addr    Size         Type   Attr      Idx    E Section Name        Object

    0x0100a260        -       0x00000000   Zero   RW          121    .option_setting_pbps_sec.endof.bss  anon$$obj.o


    Execution Region __OPTION_SETTING_PBPS_SEC_end (Exec base: 0x0100a260, Load base: 0x0100a260, Size: 0x00000000, Max: 0x00000000, ABSOLUTE)

    Exec Addr    Load Addr    Size         Type   Attr      Idx    E Section Name        Object

    0x0100a260        -       0x00000000   Zero   RW          122    __OPTION_SETTING_PBPS_SEC_end.bss  anon$$obj.o



  Load Region LOAD_REGION_OPTION_SETTING_OFS1_SEL (Base: 0x0100a280, Size: 0x00000004, Max: 0x00000004, ABSOLUTE)

    Execution Region __OPTION_SETTING_OFS1_SEL_start (Exec base: 0x0100a280, Load base: 0x0100a280, Size: 0x00000000, Max: 0x00000000, ABSOLUTE)

    Exec Addr    Load Addr    Size         Type   Attr      Idx    E Section Name        Object

    0x0100a280        -       0x00000000   Zero   RW          123    __OPTION_SETTING_OFS1_SEL_start.bss  anon$$obj.o


    Execution Region __OPTION_SETTING_OFS1_SEL_init (Exec base: 0x0100a280, Load base: 0x0100a280, Size: 0x00000000, Max: 0x00000000, ABSOLUTE)

    Exec Addr    Load Addr    Size         Type   Attr      Idx    E Section Name        Object

    0x0100a280        -       0x00000000   Zero   RW          124    __OPTION_SETTING_OFS1_SEL_init.bss  anon$$obj.o


    Execution Region __ddsc_OPTION_SETTING_OFS1_SEL_START (Exec base: 0x0100a280, Load base: 0x0100a280, Size: 0x00000000, Max: 0x00000000, ABSOLUTE)

    Exec Addr    Load Addr    Size         Type   Attr      Idx    E Section Name        Object

    0x0100a280        -       0x00000000   Zero   RW          125    __ddsc_OPTION_SETTING_OFS1_SEL_START.bss  anon$$obj.o


    Execution Region .option_setting_ofs1_sel.startof (Exec base: 0x0100a280, Load base: 0x0100a280, Size: 0x00000000, Max: 0x00000000, ABSOLUTE)

    Exec Addr    Load Addr    Size         Type   Attr      Idx    E Section Name        Object

    0x0100a280        -       0x00000000   Zero   RW          126    .option_setting_ofs1_sel.startof.bss  anon$$obj.o


    Execution Region __option_setting_ofs1_sel_reg (Exec base: 0x0100a280, Load base: 0x0100a280, Size: 0x00000004, Max: 0xffffffff, ABSOLUTE, FIXED)

    Exec Addr    Load Addr    Size         Type   Attr      Idx    E Section Name        Object

    0x0100a280   0x0100a280   0x00000004   Data   RO         1121    .option_setting_ofs1_sel  bsp_linker.o


    Execution Region __ddsc_OPTION_SETTING_OFS1_SEL_END (Exec base: 0x0100a284, Load base: 0x0100a284, Size: 0x00000000, Max: 0x00000000, ABSOLUTE)

    Exec Addr    Load Addr    Size         Type   Attr      Idx    E Section Name        Object

    0x0100a284        -       0x00000000   Zero   RW          127    __ddsc_OPTION_SETTING_OFS1_SEL_END.bss  anon$$obj.o


    Execution Region .option_setting_ofs1_sel.endof (Exec base: 0x0100a284, Load base: 0x0100a284, Size: 0x00000000, Max: 0x00000000, ABSOLUTE)

    Exec Addr    Load Addr    Size         Type   Attr      Idx    E Section Name        Object

    0x0100a284        -       0x00000000   Zero   RW          128    .option_setting_ofs1_sel.endof.bss  anon$$obj.o


    Execution Region __OPTION_SETTING_OFS1_SEL_end (Exec base: 0x0100a284, Load base: 0x0100a284, Size: 0x00000000, Max: 0x00000000, ABSOLUTE)

    Exec Addr    Load Addr    Size         Type   Attr      Idx    E Section Name        Object

    0x0100a284        -       0x00000000   Zero   RW          129    __OPTION_SETTING_OFS1_SEL_end.bss  anon$$obj.o



  Load Region LOAD_REGION_OPTION_SETTING_BANKSEL_SEL (Base: 0x0100a290, Size: 0x00000000, Max: 0x00000004, ABSOLUTE)

    Execution Region __OPTION_SETTING_BANKSEL_SEL_start (Exec base: 0x0100a290, Load base: 0x0100a290, Size: 0x00000000, Max: 0x00000000, ABSOLUTE)

    Exec Addr    Load Addr    Size         Type   Attr      Idx    E Section Name        Object

    0x0100a290        -       0x00000000   Zero   RW          130    __OPTION_SETTING_BANKSEL_SEL_start.bss  anon$$obj.o


    Execution Region __OPTION_SETTING_BANKSEL_SEL_init (Exec base: 0x0100a290, Load base: 0x0100a290, Size: 0x00000000, Max: 0x00000000, ABSOLUTE)

    Exec Addr    Load Addr    Size         Type   Attr      Idx    E Section Name        Object

    0x0100a290        -       0x00000000   Zero   RW          131    __OPTION_SETTING_BANKSEL_SEL_init.bss  anon$$obj.o


    Execution Region __ddsc_OPTION_SETTING_BANKSEL_SEL_START (Exec base: 0x0100a290, Load base: 0x0100a290, Size: 0x00000000, Max: 0x00000000, ABSOLUTE)

    Exec Addr    Load Addr    Size         Type   Attr      Idx    E Section Name        Object

    0x0100a290        -       0x00000000   Zero   RW          132    __ddsc_OPTION_SETTING_BANKSEL_SEL_START.bss  anon$$obj.o


    Execution Region .option_setting_banksel_sel.startof (Exec base: 0x0100a290, Load base: 0x0100a290, Size: 0x00000000, Max: 0x00000000, ABSOLUTE)

    Exec Addr    Load Addr    Size         Type   Attr      Idx    E Section Name        Object

    0x0100a290        -       0x00000000   Zero   RW          133    .option_setting_banksel_sel.startof.bss  anon$$obj.o


    Execution Region __option_setting_banksel_sel_reg (Exec base: 0x0100a290, Load base: 0x0100a290, Size: 0x00000000, Max: 0xffffffff, ABSOLUTE, FIXED)

    **** No section assigned to this execution region ****


    Execution Region __ddsc_OPTION_SETTING_BANKSEL_SEL_END (Exec base: 0x0100a290, Load base: 0x0100a290, Size: 0x00000000, Max: 0x00000000, ABSOLUTE)

    Exec Addr    Load Addr    Size         Type   Attr      Idx    E Section Name        Object

    0x0100a290        -       0x00000000   Zero   RW          134    __ddsc_OPTION_SETTING_BANKSEL_SEL_END.bss  anon$$obj.o


    Execution Region .option_setting_banksel_sel.endof (Exec base: 0x0100a290, Load base: 0x0100a290, Size: 0x00000000, Max: 0x00000000, ABSOLUTE)

    Exec Addr    Load Addr    Size         Type   Attr      Idx    E Section Name        Object

    0x0100a290        -       0x00000000   Zero   RW          135    .option_setting_banksel_sel.endof.bss  anon$$obj.o


    Execution Region __OPTION_SETTING_BANKSEL_SEL_end (Exec base: 0x0100a290, Load base: 0x0100a290, Size: 0x00000000, Max: 0x00000000, ABSOLUTE)

    Exec Addr    Load Addr    Size         Type   Attr      Idx    E Section Name        Object

    0x0100a290        -       0x00000000   Zero   RW          136    __OPTION_SETTING_BANKSEL_SEL_end.bss  anon$$obj.o



  Load Region LOAD_REGION_OPTION_SETTING_BPS_SEL (Base: 0x0100a2c0, Size: 0x00000000, Max: 0x00000010, ABSOLUTE)

    Execution Region __OPTION_SETTING_BPS_SEL_start (Exec base: 0x0100a2c0, Load base: 0x0100a2c0, Size: 0x00000000, Max: 0x00000000, ABSOLUTE)

    Exec Addr    Load Addr    Size         Type   Attr      Idx    E Section Name        Object

    0x0100a2c0        -       0x00000000   Zero   RW          137    __OPTION_SETTING_BPS_SEL_start.bss  anon$$obj.o


    Execution Region __OPTION_SETTING_BPS_SEL_init (Exec base: 0x0100a2c0, Load base: 0x0100a2c0, Size: 0x00000000, Max: 0x00000000, ABSOLUTE)

    Exec Addr    Load Addr    Size         Type   Attr      Idx    E Section Name        Object

    0x0100a2c0        -       0x00000000   Zero   RW          138    __OPTION_SETTING_BPS_SEL_init.bss  anon$$obj.o


    Execution Region __ddsc_OPTION_SETTING_BPS_SEL_START (Exec base: 0x0100a2c0, Load base: 0x0100a2c0, Size: 0x00000000, Max: 0x00000000, ABSOLUTE)

    Exec Addr    Load Addr    Size         Type   Attr      Idx    E Section Name        Object

    0x0100a2c0        -       0x00000000   Zero   RW          139    __ddsc_OPTION_SETTING_BPS_SEL_START.bss  anon$$obj.o


    Execution Region .option_setting_bps_sel.startof (Exec base: 0x0100a2c0, Load base: 0x0100a2c0, Size: 0x00000000, Max: 0x00000000, ABSOLUTE)

    Exec Addr    Load Addr    Size         Type   Attr      Idx    E Section Name        Object

    0x0100a2c0        -       0x00000000   Zero   RW          140    .option_setting_bps_sel.startof.bss  anon$$obj.o


    Execution Region __option_setting_bps_sel_reg (Exec base: 0x0100a2c0, Load base: 0x0100a2c0, Size: 0x00000000, Max: 0xffffffff, ABSOLUTE, FIXED)

    **** No section assigned to this execution region ****


    Execution Region __ddsc_OPTION_SETTING_BPS_SEL_END (Exec base: 0x0100a2c0, Load base: 0x0100a2c0, Size: 0x00000000, Max: 0x00000000, ABSOLUTE)

    Exec Addr    Load Addr    Size         Type   Attr      Idx    E Section Name        Object

    0x0100a2c0        -       0x00000000   Zero   RW          141    __ddsc_OPTION_SETTING_BPS_SEL_END.bss  anon$$obj.o


    Execution Region .option_setting_bps_sel.endof (Exec base: 0x0100a2c0, Load base: 0x0100a2c0, Size: 0x00000000, Max: 0x00000000, ABSOLUTE)

    Exec Addr    Load Addr    Size         Type   Attr      Idx    E Section Name        Object

    0x0100a2c0        -       0x00000000   Zero   RW          142    .option_setting_bps_sel.endof.bss  anon$$obj.o


    Execution Region __OPTION_SETTING_BPS_SEL_end (Exec base: 0x0100a2c0, Load base: 0x0100a2c0, Size: 0x00000000, Max: 0x00000000, ABSOLUTE)

    Exec Addr    Load Addr    Size         Type   Attr      Idx    E Section Name        Object

    0x0100a2c0        -       0x00000000   Zero   RW          143    __OPTION_SETTING_BPS_SEL_end.bss  anon$$obj.o


==============================================================================

Image component sizes


      Code (inc. data)   RO Data    RW Data    ZI Data      Debug   Object Name

       196          0         16          0          4      15544   bsp_can.o
       612          0          0          0         28      39608   bsp_clocks.o
         8          0         78          0          0      10077   bsp_common.o
       140          0          0          0          0       1929   bsp_delay.o
       476          8          0          0         45       4406   bsp_dwt.o
        68          0          0          0         64      14159   bsp_group_irq.o
         0          0          0          0          4        537   bsp_io.o
       138          0          0          0        100      18581   bsp_irq.o
         0          0        380          0          0       3589   bsp_linker.o
       160          0         10          0         10      21884   bsp_register_protection.o
       278          0          0          0         17      15090   bsp_uart.o
         2          0          0          0          8      17906   common_data.o
        42          0          0          0          0       5503   controller.o
       124          0          0          0        257       1882   daemon.o
       130         12          4          0       1124       2254   daemon_task.o
        12          0          0          0          0        917   daemon_task_entry.o
      1128         96          0          0        566      15664   dummy_cmd.o
      1596         40          0          0          0      17865   dummy_kinematic_v2.o
       716         28        184          0        909       5163   dummy_motormatic.o
         4          0        492        228        216      62875   hal_data.o
        26          0          0          0          0      16807   hal_warmstart.o
       312         32        725          0       1044       5765   heap_4.o
       118          0          0          0          0       2218   list.o
       236          0          0          0       1297       3389   main.o
       716         12          0          0        173      16610   mc6c.o
       246          0          0         48          0       2761   message_center.o
       134         16          4          0       4196       2294   motor_ctrl_task.o
        16          0          0          0          0        469   motor_ctrl_task_entry.o
         0          0        132          0          0       8072   pin_data.o
       868        152        146          0          8      27616   port.o
      2270         80        645          0         80      21597   queue.o
      2704         16          0          0          8      60064   r_canfd.o
       592          0         44          0        101      26198   r_dtc.o
       430         12          0          0          0      57179   r_ioport.o
      1896          0          0          0          0      76159   r_sci_uart.o
         0          0          0          0          4      47768   r_usb_basic.o
        48          0          0          0          0      50726   r_usb_creg_access.o
        76          0          0         48         44      42132   r_usb_cstd_rtos.o
       176          0          0          0          0      49876   r_usb_mcu.o
       110          0          0          0        546      36122   r_usb_pinthandler_usbip0.o
       602          0          0          0          2      37237   r_usb_preg_abs.o
        56          0          0          0          0      21482   r_usb_preg_access.o
       130         12          4          0       4196       2244   robot_task.o
        16          0          0          0          0        454   robot_task_entry.o
       108          0          0          0          4      14740   serial_debug.o
        14          0         64          0       5120       1008   startup.o
      1192         26          0          0        556      13445   step_motor.o
       252          0          0          0          4       6751   system.o
      2992        220        518          0        260      31615   tasks.o
       932         74         89          0        252      15026   timers.o
         0          0        200          0          0       9900   vector_data.o
       416         12          0          0        296      16386   vision.o

    ----------------------------------------------------------------------
     23582        848       3740        328      21572     999543   Object Totals
         0          0          0          0          0          0   (incl. Generated)
        68          0          5          4         29          0   (incl. Padding)

    ----------------------------------------------------------------------

      Code (inc. data)   RO Data    RW Data    ZI Data      Debug   Library Member Name

       684         90          0          0          0        208   atan2f.o
       336         56          0          0          0        136   cosf.o
        38          0          0          0          0        116   fpclassifyf.o
        44         12          0          0          0        464   funder.o
       340         24         32          0          0        160   rredf.o
       400         56          0          0          0        212   sinf.o
        28          0          0          0          0         76   calloc.o
        12          6          0          4          0         68   errno.o
         0          0          0          0          0          0   iusefp.o
        30          0          0          0          0         68   llshl.o
        32          0          0          0          0         68   llushr.o
       188         20          0          0          0        160   malloc2.o
        36          0          0          0          0         68   memcpya.o
        36          0          0          0          0        108   memseta.o
         0          0          0          8          0          0   mvars.o
        28          0          0          0          0         76   strcmp.o
        18          0          0          0          0         68   strcpy.o
        22          0          0          0          0         68   strnlen.o
        98          0          0          0          0         92   uldiv.o
       110          0          0          0          0        168   fepilogue.o
        28          0          0          0          0         84   ffltul.o

    ----------------------------------------------------------------------
      2510        264         32         12          0       2468   Library Totals
         2          0          0          0          0          0   (incl. Padding)

    ----------------------------------------------------------------------

      Code (inc. data)   RO Data    RW Data    ZI Data      Debug   Library Name

      1842        238         32          0          0       1296   m_wm.l
       528         26          0         12          0        920   mc_w.l
       138          0          0          0          0        252   mf_w.l

    ----------------------------------------------------------------------
      2510        264         32         12          0       2468   Library Totals

    ----------------------------------------------------------------------

==============================================================================


      Code (inc. data)   RO Data    RW Data    ZI Data      Debug   

     26092       1112       3772        340      21572     999667   Grand Totals
     26092       1112       3772        340      21572     999667   ELF Image Totals
     26092       1112       3772        340          0          0   ROM Totals

==============================================================================

    Total RO  Size (Code + RO Data)                29864 (  29.16kB)
    Total RW  Size (RW Data + ZI Data)             21912 (  21.40kB)
    Total ROM Size (Code + RO Data + RW Data)      30204 (  29.50kB)

==============================================================================

